Archive member included to satisfy reference by file (symbol)

E:/SeggerIDE/lib/libc_v7em_fpv4_sp_d16_hard_t_le_eabi.a(libc2.o)
                              Output/BLE_Demo Release/Obj/nrf_log_str_formatter.o (isprint)
E:/SeggerIDE/lib/libc_v7em_fpv4_sp_d16_hard_t_le_eabi.a(libc2_asm.o)
                              Output/BLE_Demo Release/Obj/nrf_log_frontend.o (memcpy)
E:/SeggerIDE/lib/libc_v7em_fpv4_sp_d16_hard_t_le_eabi.a(libc.o)
                              E:/SeggerIDE/lib/libc_v7em_fpv4_sp_d16_hard_t_le_eabi.a(libc2.o) (__heap_lock)
E:/SeggerIDE/lib/libc_v7em_fpv4_sp_d16_hard_t_le_eabi.a(libc_asm.o)
                              E:/SeggerIDE/lib/libc_v7em_fpv4_sp_d16_hard_t_le_eabi.a(libc2.o) (__aeabi_uldivmod)
E:/SeggerIDE/lib/libdebugio_v7em_fpv4_sp_d16_hard_t_le_eabi.a(libdebugio.o)
                              Output/BLE_Demo Release/Obj/thumb_crt0.o (debug_fopen)
E:/SeggerIDE/lib/libdebugio_mempoll_v7em_fpv4_sp_d16_hard_t_le_eabi.a(mempoll_debug_operations.o)
                              E:/SeggerIDE/lib/libdebugio_v7em_fpv4_sp_d16_hard_t_le_eabi.a(libdebugio.o) (__do_debug_operation)
E:/SeggerIDE/lib/libdebugio_mempoll_v7em_fpv4_sp_d16_hard_t_le_eabi.a(do_nv_debug_operation.o)
                              E:/SeggerIDE/lib/libdebugio_v7em_fpv4_sp_d16_hard_t_le_eabi.a(libdebugio.o) (__do_nvdebug_operation)
E:/SeggerIDE/lib/libm_v7em_fpv4_sp_d16_hard_t_le_eabi.a(libm_asm.o)
                              E:/SeggerIDE/lib/libc_v7em_fpv4_sp_d16_hard_t_le_eabi.a(libc2.o) (__aeabi_i2d)
E:/SeggerIDE/lib/libm_v7em_fpv4_sp_d16_hard_t_le_eabi.a(libm2.o)
                              E:/SeggerIDE/lib/libvfprintf_v7em_fpv4_sp_d16_hard_t_le_eabi.o (frexp)
E:/SeggerIDE/lib/libm_v7em_fpv4_sp_d16_hard_t_le_eabi.a(libm2_asm.o)
                              E:/SeggerIDE/lib/libm_v7em_fpv4_sp_d16_hard_t_le_eabi.a(libm2.o) (fabs)

Discarded input sections

 .text          0x0000000000000000        0x0 Output/BLE_Demo Release/Obj/thumb_crt0.o
 .data          0x0000000000000000        0x0 Output/BLE_Demo Release/Obj/thumb_crt0.o
 .bss           0x0000000000000000        0x0 Output/BLE_Demo Release/Obj/thumb_crt0.o
 .text.__aeabi_read_tp
                0x0000000000000000        0x8 Output/BLE_Demo Release/Obj/thumb_crt0.o
 .text.abort    0x0000000000000000        0x2 Output/BLE_Demo Release/Obj/thumb_crt0.o
 .text.__assert
                0x0000000000000000        0x2 Output/BLE_Demo Release/Obj/thumb_crt0.o
 .text.__aeabi_assert
                0x0000000000000000        0x2 Output/BLE_Demo Release/Obj/thumb_crt0.o
 .text.__sync_synchronize
                0x0000000000000000        0x2 Output/BLE_Demo Release/Obj/thumb_crt0.o
 .text.__getchar
                0x0000000000000000        0x4 Output/BLE_Demo Release/Obj/thumb_crt0.o
 .text.__putchar
                0x0000000000000000        0x4 Output/BLE_Demo Release/Obj/thumb_crt0.o
 .text.__open   0x0000000000000000        0x4 Output/BLE_Demo Release/Obj/thumb_crt0.o
 .text.__close  0x0000000000000000        0x4 Output/BLE_Demo Release/Obj/thumb_crt0.o
 .text.__write  0x0000000000000000        0xa Output/BLE_Demo Release/Obj/thumb_crt0.o
 .text.__read   0x0000000000000000        0xa Output/BLE_Demo Release/Obj/thumb_crt0.o
 .text.__seek   0x0000000000000000       0x1a Output/BLE_Demo Release/Obj/thumb_crt0.o
 .bss.__user_locale_name_buffer
                0x0000000000000000        0x4 Output/BLE_Demo Release/Obj/thumb_crt0.o
 .stack         0x0000000000000000        0x0 Output/BLE_Demo Release/Obj/thumb_crt0.o
 .stack_process
                0x0000000000000000        0x0 Output/BLE_Demo Release/Obj/thumb_crt0.o
 .heap          0x0000000000000000        0x0 Output/BLE_Demo Release/Obj/thumb_crt0.o
 .group         0x0000000000000000        0xc Output/BLE_Demo Release/Obj/nrf_log_backend_rtt.o
 .group         0x0000000000000000        0xc Output/BLE_Demo Release/Obj/nrf_log_backend_rtt.o
 .group         0x0000000000000000        0xc Output/BLE_Demo Release/Obj/nrf_log_backend_rtt.o
 .group         0x0000000000000000        0xc Output/BLE_Demo Release/Obj/nrf_log_backend_rtt.o
 .group         0x0000000000000000        0xc Output/BLE_Demo Release/Obj/nrf_log_backend_rtt.o
 .group         0x0000000000000000        0xc Output/BLE_Demo Release/Obj/nrf_log_backend_rtt.o
 .group         0x0000000000000000        0xc Output/BLE_Demo Release/Obj/nrf_log_backend_rtt.o
 .group         0x0000000000000000        0xc Output/BLE_Demo Release/Obj/nrf_log_backend_rtt.o
 .group         0x0000000000000000        0xc Output/BLE_Demo Release/Obj/nrf_log_backend_rtt.o
 .group         0x0000000000000000        0xc Output/BLE_Demo Release/Obj/nrf_log_backend_rtt.o
 .group         0x0000000000000000        0xc Output/BLE_Demo Release/Obj/nrf_log_backend_rtt.o
 .group         0x0000000000000000        0xc Output/BLE_Demo Release/Obj/nrf_log_backend_rtt.o
 .group         0x0000000000000000        0xc Output/BLE_Demo Release/Obj/nrf_log_backend_rtt.o
[...]
Memory Configuration

Name             Origin             Length             Attributes
UNPLACED_SECTIONS 0x0000000100000000 0x0000000000000000 xw
RAM              0x0000000020000000 0x0000000000010000 xw
FLASH            0x0000000000000000 0x0000000000080000 xw
*default*        0x0000000000000000 0xffffffffffffffff

Linker script and memory map

                0x0000000000000000                __vfprintf = __vfprintf_long
                0x0000000000000000                __vfscanf = __vfscanf_long
                0x0000000020000000                __RAM_segment_start__ = 0x20000000
                0x0000000020010000                __RAM_segment_end__ = 0x20010000
                0x0000000000010000                __RAM_segment_size__ = 0x10000
                0x0000000000000000                __FLASH_segment_start__ = 0x0
                0x0000000000080000                __FLASH_segment_end__ = 0x80000
                0x0000000000080000                __FLASH_segment_size__ = 0x80000
                0x0000000000002000                __HEAPSIZE__ = 0x2000
                0x0000000000000000                __STACKSIZE_PROCESS__ = 0x0
                0x0000000000002000                __STACKSIZE__ = 0x2000
                0x0000000020000000                __reserved_ram_load_start__ = 0x20000000

.reserved_ram   0x0000000020000000     0x22b8
                0x0000000020000000                __reserved_ram_start__ = .
 *(.reserved_ram .reserved_ram.*)
                0x00000000200022b8                . = MAX (((__reserved_ram_start__ + 0x200022b8) - 0x20000000), .)
 *fill*         0x0000000020000000     0x22b8 
                0x00000000200022b8                __reserved_ram_end__ = (__reserved_ram_start__ + SIZEOF (.reserved_ram))
                0x00000000000022b8                __reserved_ram_size__ = SIZEOF (.reserved_ram)
                0x00000000200022b8                __reserved_ram_load_end__ = __reserved_ram_end__
                0x0000000000000001                . = ASSERT (((__reserved_ram_start__ == __reserved_ram_end__) || ((__reserved_ram_end__ >= __RAM_segment_start__) && (__reserved_ram_end__ <= __RAM_segment_end__))), error: .reserved_ram is too large to fit in RAM memory segment)
                0x00000000200022b8                __vectors_ram_load_start__ = 0x200022b8

.vectors_ram    0x00000000200022b8        0x0
                0x00000000200022b8                __vectors_ram_start__ = .
                0x00000000200022b8                __app_ram_start__ = __vectors_ram_start__
 *(.vectors_ram .vectors_ram.*)
                0x00000000200022b8                __vectors_ram_end__ = (__vectors_ram_start__ + SIZEOF (.vectors_ram))
                0x0000000000000000                __vectors_ram_size__ = SIZEOF (.vectors_ram)
                0x00000000200022b8                __vectors_ram_load_end__ = __vectors_ram_end__
                0x0000000000000001                . = ASSERT (((__vectors_ram_start__ == __vectors_ram_end__) || ((__vectors_ram_end__ >= __RAM_segment_start__) && (__vectors_ram_end__ <= __RAM_segment_end__))), error: .vectors_ram is too large to fit in RAM memory segment)
                0x0000000000000001                . = ASSERT ((__reserved_ram_end__ <= __vectors_ram_start__), error: section .reserved_ram overlaps absolute placed section .vectors_ram)
                0x00000000200022b8                __nrf_sections_run_load_start__ = ALIGN (__vectors_ram_end__, 0x4)

.nrf_sections_run
                0x00000000200022b8        0x0
                0x00000000200022b8                __nrf_sections_run_start__ = .
                0x00000000200022b8                __start_nrf_sections_run = __nrf_sections_run_start__
 *(.nrf_sections_run .nrf_sections_run.*)
                0x00000000200022b8                __nrf_sections_run_end__ = (__nrf_sections_run_start__ + SIZEOF (.nrf_sections_run))
                0x0000000000000000                __nrf_sections_run_size__ = SIZEOF (.nrf_sections_run)
                0x00000000200022b8                __nrf_sections_run_load_end__ = __nrf_sections_run_end__
                0x0000000000000001                . = ASSERT (((__nrf_sections_run_start__ == __nrf_sections_run_end__) || ((__nrf_sections_run_end__ >= __RAM_segment_start__) && (__nrf_sections_run_end__ <= __RAM_segment_end__))), error: .nrf_sections_run is too large to fit in RAM memory segment)
                0x0000000000000000                __reserved_flash_load_start__ = 0x0

.reserved_flash
                0x0000000000000000    0x26000
                0x0000000000000000                __reserved_flash_start__ = .
 *(.reserved_flash .reserved_flash.*)
                0x0000000000026000                . = MAX (((__reserved_flash_start__ + 0x26000) - 0x0), .)
 *fill*         0x0000000000000000    0x26000 
                0x0000000000026000                __reserved_flash_end__ = (__reserved_flash_start__ + SIZEOF (.reserved_flash))
                0x0000000000026000                __reserved_flash_size__ = SIZEOF (.reserved_flash)
                0x0000000000026000                __reserved_flash_load_end__ = __reserved_flash_end__
                0x0000000000000001                . = ASSERT (((__reserved_flash_start__ == __reserved_flash_end__) || ((__reserved_flash_end__ >= __FLASH_segment_start__) && (__reserved_flash_end__ <= __FLASH_segment_end__))), error: .reserved_flash is too large to fit in FLASH memory segment)
                0x0000000000026000                __vectors_load_start__ = 0x26000

.vectors        0x0000000000026000      0x200
                0x0000000000026000                __vectors_start__ = .
 *(.vectors .vectors.*)
 .vectors       0x0000000000026000      0x200 Output/BLE_Demo Release/Obj/ses_startup_nrf52.o
                0x0000000000026000                _vectors
                0x0000000000026200                __vectors_end__ = (__vectors_start__ + SIZEOF (.vectors))
                0x0000000000000200                __vectors_size__ = SIZEOF (.vectors)
                0x0000000000026200                __vectors_load_end__ = __vectors_end__
                0x0000000000000001                . = ASSERT (((__vectors_start__ == __vectors_end__) || ((__vectors_end__ >= __FLASH_segment_start__) && (__vectors_end__ <= __FLASH_segment_end__))), error: .vectors is too large to fit in FLASH memory segment)
                0x0000000000000001                . = ASSERT ((__reserved_flash_end__ <= __vectors_start__), error: section .reserved_flash overlaps absolute placed section .vectors)
                0x0000000000026200                __init_load_start__ = ALIGN (__vectors_end__, 0x4)

.init           0x0000000000026200      0x1d8
                0x0000000000026200                __init_start__ = .
 *(.init .init.*)
 .init          0x0000000000026200      0x160 Output/BLE_Demo Release/Obj/thumb_crt0.o
                0x0000000000026200                _start
                0x00000000000262b6                exit
 .init          0x0000000000026360       0x18 Output/BLE_Demo Release/Obj/ses_startup_nrf52.o
                0x0000000000026360                NMI_Handler
                0x0000000000026362                HardFault_Handler
                0x0000000000026364                MemoryManagement_Handler
                0x0000000000026366                BusFault_Handler
                0x0000000000026368                UsageFault_Handler
                0x000000000002636a                SVC_Handler
                0x000000000002636c                DebugMon_Handler
                0x000000000002636e                PendSV_Handler
                0x0000000000026370                SysTick_Handler
                0x0000000000026372                RADIO_IRQHandler
                0x0000000000026372                PDM_IRQHandler
                0x0000000000026372                TEMP_IRQHandler
                0x0000000000026372                QDEC_IRQHandler
                0x0000000000026372                TIMER3_IRQHandler
                0x0000000000026372                FPU_IRQHandler
                0x0000000000026372                RTC0_IRQHandler
                0x0000000000026372                PWM1_IRQHandler
                0x0000000000026372                TIMER4_IRQHandler
                0x0000000000026372                I2S_IRQHandler
                0x0000000000026372                SWI4_EGU4_IRQHandler
                0x0000000000026372                TIMER0_IRQHandler
                0x0000000000026372                Dummy_Handler
                0x0000000000026372                TIMER1_IRQHandler
                0x0000000000026372                PWM2_IRQHandler
                0x0000000000026372                ECB_IRQHandler
                0x0000000000026372                SPIM1_SPIS1_TWIM1_TWIS1_SPI1_TWI1_IRQHandler
                0x0000000000026372                SAADC_IRQHandler
                0x0000000000026372                CCM_AAR_IRQHandler
                0x0000000000026372                WDT_IRQHandler
                0x0000000000026372                SPIM0_SPIS0_TWIM0_TWIS0_SPI0_TWI0_IRQHandler
                0x0000000000026372                SWI5_EGU5_IRQHandler
                0x0000000000026372                RNG_IRQHandler
                0x0000000000026372                RTC2_IRQHandler
                0x0000000000026372                PWM0_IRQHandler
                0x0000000000026372                SWI3_EGU3_IRQHandler
                0x0000000000026372                SWI1_EGU1_IRQHandler
                0x0000000000026372                SPIM2_SPIS2_SPI2_IRQHandler
                0x0000000000026372                NFCT_IRQHandler
                0x0000000000026372                TIMER2_IRQHandler
                0x0000000000026372                MWU_IRQHandler
                0x0000000000026372                COMP_LPCOMP_IRQHandler
                0x0000000000026374                nRFInitialize
 .init          0x0000000000026378       0x60 Output/BLE_Demo Release/Obj/ses_startup_nrf_common.o
                0x0000000000026378                Reset_Handler
                0x00000000000263a0                InitializeUserMemorySections
                0x00000000000263d8                __init_end__ = (__init_start__ + SIZEOF (.init))
                0x00000000000001d8                __init_size__ = SIZEOF (.init)
                0x00000000000263d8                __init_load_end__ = __init_end__
                0x0000000000000001                . = ASSERT (((__init_start__ == __init_end__) || ((__init_end__ >= __FLASH_segment_start__) && (__init_end__ <= __FLASH_segment_end__))), error: .init is too large to fit in FLASH memory segment)
                0x00000000000263d8                __init_rodata_load_start__ = ALIGN (__init_end__, 0x4)

.init_rodata    0x00000000000263d8        0x0
                0x00000000000263d8                __init_rodata_start__ = .
 *(.init_rodata .init_rodata.*)
                0x00000000000263d8                __init_rodata_end__ = (__init_rodata_start__ + SIZEOF (.init_rodata))
                0x0000000000000000                __init_rodata_size__ = SIZEOF (.init_rodata)
                0x00000000000263d8                __init_rodata_load_end__ = __init_rodata_end__
                0x0000000000000001                . = ASSERT (((__init_rodata_start__ == __init_rodata_end__) || ((__init_rodata_end__ >= __FLASH_segment_start__) && (__init_rodata_end__ <= __FLASH_segment_end__))), error: .init_rodata is too large to fit in FLASH memory segment)
                0x00000000000263d8                __text_load_start__ = ALIGN (__init_rodata_end__, 0x4)

.text           0x00000000000263d8     0x44f6
                0x00000000000263d8                __text_start__ = .
 *(.text .text.* .glue_7t .glue_7 .gnu.linkonce.t.* .gcc_except_table .ARM.extab* .gnu.linkonce.armextab.*)
 .glue_7        0x00000000000263d8        0x0 linker stubs
 .glue_7t       0x00000000000263d8        0x0 linker stubs
 .text.nrf_log_backend_serial_put
                0x00000000000263d8       0xcc Output/BLE_Demo Release/Obj/nrf_log_backend_serial.o
                0x00000000000263d8                nrf_log_backend_serial_put
 .text.uart_evt_handler
                0x00000000000264a4        0xc Output/BLE_Demo Release/Obj/nrf_log_backend_uart.o
 .text.nrf_log_backend_uart_flush
                0x00000000000264b0        0x2 Output/BLE_Demo Release/Obj/nrf_log_backend_uart.o
 *fill*         0x00000000000264b2        0x2 
 .text.uart_init
                0x00000000000264b4       0x4c Output/BLE_Demo Release/Obj/nrf_log_backend_uart.o
 .text.nrf_log_backend_uart_put
                0x0000000000026500       0x1c Output/BLE_Demo Release/Obj/nrf_log_backend_uart.o
 .text.serial_tx
                0x000000000002651c       0x48 Output/BLE_Demo Release/Obj/nrf_log_backend_uart.o
 .text.nrf_log_backend_uart_panic_set
                0x0000000000026564       0x2c Output/BLE_Demo Release/Obj/nrf_log_backend_uart.o
 .text.nrf_log_backend_uart_init
                0x0000000000026590        0x6 Output/BLE_Demo Release/Obj/nrf_log_backend_uart.o
                0x0000000000026590                nrf_log_backend_uart_init
 *fill*         0x0000000000026596        0x2 
 .text.nrf_log_default_backends_init
                0x0000000000026598       0x20 Output/BLE_Demo Release/Obj/nrf_log_default_backends.o
                0x0000000000026598                nrf_log_default_backends_init
 .text.invalid_packets_omit
                0x00000000000265b8       0x3a Output/BLE_Demo Release/Obj/nrf_log_frontend.o
 *fill*         0x00000000000265f2        0x2 
 .text.buf_prealloc
                0x00000000000265f4      0x134 Output/BLE_Demo Release/Obj/nrf_log_frontend.o
 .text.nrf_log_init
                0x0000000000026728       0x3c Output/BLE_Demo Release/Obj/nrf_log_frontend.o
                0x0000000000026728                nrf_log_init
 .text.nrf_log_module_name_get
                0x0000000000026764       0x38 Output/BLE_Demo Release/Obj/nrf_log_frontend.o
                0x0000000000026764                nrf_log_module_name_get
 .text.nrf_log_color_id_get
                0x000000000002679c       0x2c Output/BLE_Demo Release/Obj/nrf_log_frontend.o
                0x000000000002679c                nrf_log_color_id_get
 .text.buffer_is_empty
                0x00000000000267c8       0x14 Output/BLE_Demo Release/Obj/nrf_log_frontend.o
                0x00000000000267c8                buffer_is_empty
 .text.nrf_log_frontend_dequeue
                0x00000000000267dc      0x228 Output/BLE_Demo Release/Obj/nrf_log_frontend.o
                0x00000000000267dc                nrf_log_frontend_dequeue
 .text.std_n    0x0000000000026a04       0xb0 Output/BLE_Demo Release/Obj/nrf_log_frontend.o
 .text.nrf_log_frontend_std_0
                0x0000000000026ab4        0x8 Output/BLE_Demo Release/Obj/nrf_log_frontend.o
                0x0000000000026ab4                nrf_log_frontend_std_0
 .text.nrf_log_frontend_std_1
                0x0000000000026abc       0x14 Output/BLE_Demo Release/Obj/nrf_log_frontend.o
                0x0000000000026abc                nrf_log_frontend_std_1
 .text.nrf_log_frontend_std_2
                0x0000000000026ad0       0x14 Output/BLE_Demo Release/Obj/nrf_log_frontend.o
                0x0000000000026ad0                nrf_log_frontend_std_2
 .text.nrf_log_backend_add
                0x0000000000026ae4       0x44 Output/BLE_Demo Release/Obj/nrf_log_frontend.o
                0x0000000000026ae4                nrf_log_backend_add
 .text.nrf_log_panic
                0x0000000000026b28       0x2c Output/BLE_Demo Release/Obj/nrf_log_frontend.o
                0x0000000000026b28                nrf_log_panic
 .text.postfix_process
                0x0000000000026b54       0x3c Output/BLE_Demo Release/Obj/nrf_log_str_formatter.o
 .text.prefix_process
                0x0000000000026b90       0x78 Output/BLE_Demo Release/Obj/nrf_log_str_formatter.o
 .text.nrf_log_std_entry_process
                0x0000000000026c08       0xc8 Output/BLE_Demo Release/Obj/nrf_log_str_formatter.o
                0x0000000000026c08                nrf_log_std_entry_process
 .text.nrf_log_hexdump_entry_process
                0x0000000000026cd0       0xb4 Output/BLE_Demo Release/Obj/nrf_log_str_formatter.o
                0x0000000000026cd0                nrf_log_hexdump_entry_process
 .text.detection_delay_timeout_handler
                0x0000000000026d84      0x104 Output/BLE_Demo Release/Obj/app_button.o
 .text.gpiote_event_handler
                0x0000000000026e88       0xa8 Output/BLE_Demo Release/Obj/app_button.o
 .text.app_button_init
                0x0000000000026f30       0xa8 Output/BLE_Demo Release/Obj/app_button.o
                0x0000000000026f30                app_button_init
 .text.app_button_enable
                0x0000000000026fd8       0x2c Output/BLE_Demo Release/Obj/app_button.o
                0x0000000000026fd8                app_button_enable
 .text.app_button_disable
                0x0000000000027004       0x34 Output/BLE_Demo Release/Obj/app_button.o
                0x0000000000027004                app_button_disable
 .text.app_error_handler_bare
                0x0000000000027038       0x1a Output/BLE_Demo Release/Obj/app_error.o
                0x0000000000027038                app_error_handler_bare
 *fill*         0x0000000000027052        0x2 
 .text.app_error_fault_handler
                0x0000000000027054       0x70 Output/BLE_Demo Release/Obj/app_error_weak.o
                0x0000000000027054                app_error_fault_handler
 .text.user_op_alloc
                0x00000000000270c4       0x2c Output/BLE_Demo Release/Obj/app_timer.o
 .text.timer_stop_op_schedule
                0x00000000000270f0       0x50 Output/BLE_Demo Release/Obj/app_timer.o
 .text.nrfx_coredep_delay_us.constprop.3
                0x0000000000027140       0x10 Output/BLE_Demo Release/Obj/app_timer.o
 .text.rtc1_stop
                0x0000000000027150       0x44 Output/BLE_Demo Release/Obj/app_timer.o
 .text.RTC1_IRQHandler
                0x0000000000027194       0x9c Output/BLE_Demo Release/Obj/app_timer.o
                0x0000000000027194                RTC1_IRQHandler
 .text.SWI0_EGU0_IRQHandler
                0x0000000000027230      0x2ac Output/BLE_Demo Release/Obj/app_timer.o
                0x0000000000027230                SWI0_EGU0_IRQHandler
 .text.app_timer_init
                0x00000000000274dc       0x60 Output/BLE_Demo Release/Obj/app_timer.o
                0x00000000000274dc                app_timer_init
 .text.app_timer_create
                0x000000000002753c       0x24 Output/BLE_Demo Release/Obj/app_timer.o
                0x000000000002753c                app_timer_create
 .text.app_timer_start
                0x0000000000027560       0x88 Output/BLE_Demo Release/Obj/app_timer.o
                0x0000000000027560                app_timer_start
 .text.app_timer_stop
                0x00000000000275e8       0x20 Output/BLE_Demo Release/Obj/app_timer.o
                0x00000000000275e8                app_timer_stop
 .text.app_util_critical_region_enter
                0x0000000000027608       0x48 Output/BLE_Demo Release/Obj/app_util_platform.o
                0x0000000000027608                app_util_critical_region_enter
 .text.app_util_critical_region_exit
                0x0000000000027650       0x2c Output/BLE_Demo Release/Obj/app_util_platform.o
                0x0000000000027650                app_util_critical_region_exit
 .text.nrf_atflags_set
                0x000000000002767c       0x12 Output/BLE_Demo Release/Obj/nrf_atflags.o
                0x000000000002767c                nrf_atflags_set
 .text.nrf_atflags_clear
                0x000000000002768e       0x14 Output/BLE_Demo Release/Obj/nrf_atflags.o
                0x000000000002768e                nrf_atflags_clear
 .text.nrf_atflags_get
                0x00000000000276a2       0x12 Output/BLE_Demo Release/Obj/nrf_atflags.o
                0x00000000000276a2                nrf_atflags_get
 .text.nrf_atomic_u32_fetch_store
                0x00000000000276b4       0x14 Output/BLE_Demo Release/Obj/nrf_atomic.o
                0x00000000000276b4                nrf_atomic_u32_fetch_store
 .text.nrf_atomic_u32_or
                0x00000000000276c8       0x16 Output/BLE_Demo Release/Obj/nrf_atomic.o
                0x00000000000276c8                nrf_atomic_u32_or
 .text.nrf_atomic_u32_fetch_and
                0x00000000000276de       0x16 Output/BLE_Demo Release/Obj/nrf_atomic.o
                0x00000000000276de                nrf_atomic_u32_fetch_and
 .text.nrf_atomic_u32_and
                0x00000000000276f4       0x16 Output/BLE_Demo Release/Obj/nrf_atomic.o
                0x00000000000276f4                nrf_atomic_u32_and
 .text.nrf_atomic_u32_add
                0x000000000002770a       0x16 Output/BLE_Demo Release/Obj/nrf_atomic.o
                0x000000000002770a                nrf_atomic_u32_add
 .text.nrf_atomic_u32_sub
                0x0000000000027720       0x16 Output/BLE_Demo Release/Obj/nrf_atomic.o
                0x0000000000027720                nrf_atomic_u32_sub
 .text.nrf_atomic_flag_set
                0x0000000000027736        0x6 Output/BLE_Demo Release/Obj/nrf_atomic.o
                0x0000000000027736                nrf_atomic_flag_set
 .text.nrf_atomic_flag_clear_fetch
                0x000000000002773c        0x6 Output/BLE_Demo Release/Obj/nrf_atomic.o
                0x000000000002773c                nrf_atomic_flag_clear_fetch
 .text.nrf_balloc_init
                0x0000000000027742       0x2e Output/BLE_Demo Release/Obj/nrf_balloc.o
                0x0000000000027742                nrf_balloc_init
 .text.nrf_balloc_alloc
                0x0000000000027770       0x46 Output/BLE_Demo Release/Obj/nrf_balloc.o
                0x0000000000027770                nrf_balloc_alloc
 .text.nrf_balloc_free
                0x00000000000277b6       0x32 Output/BLE_Demo Release/Obj/nrf_balloc.o
                0x00000000000277b6                nrf_balloc_free
 .text.nrf_fprintf_buffer_flush
                0x00000000000277e8       0x16 Output/BLE_Demo Release/Obj/nrf_fprintf.o
                0x00000000000277e8                nrf_fprintf_buffer_flush
 .text.nrf_fprintf
                0x00000000000277fe       0x1e Output/BLE_Demo Release/Obj/nrf_fprintf.o
                0x00000000000277fe                nrf_fprintf
 .text.buffer_add
                0x000000000002781c       0x2e Output/BLE_Demo Release/Obj/nrf_fprintf_format.o
 *fill*         0x000000000002784a        0x2 
 .text.unsigned_print
                0x000000000002784c       0xac Output/BLE_Demo Release/Obj/nrf_fprintf_format.o
 .text.nrf_fprintf_fmt
                0x00000000000278f8      0x28a Output/BLE_Demo Release/Obj/nrf_fprintf_format.o
                0x00000000000278f8                nrf_fprintf_fmt
 .text.memobj_op
                0x0000000000027b82       0x82 Output/BLE_Demo Release/Obj/nrf_memobj.o
 .text.nrf_memobj_pool_init
                0x0000000000027c04        0x4 Output/BLE_Demo Release/Obj/nrf_memobj.o
                0x0000000000027c04                nrf_memobj_pool_init
 .text.nrf_memobj_free
                0x0000000000027c08       0x2c Output/BLE_Demo Release/Obj/nrf_memobj.o
                0x0000000000027c08                nrf_memobj_free
 .text.nrf_memobj_alloc
                0x0000000000027c34       0x5e Output/BLE_Demo Release/Obj/nrf_memobj.o
                0x0000000000027c34                nrf_memobj_alloc
 .text.nrf_memobj_get
                0x0000000000027c92        0x8 Output/BLE_Demo Release/Obj/nrf_memobj.o
                0x0000000000027c92                nrf_memobj_get
 .text.nrf_memobj_put
                0x0000000000027c9a       0x1e Output/BLE_Demo Release/Obj/nrf_memobj.o
                0x0000000000027c9a                nrf_memobj_put
 .text.nrf_memobj_write
                0x0000000000027cb8       0x16 Output/BLE_Demo Release/Obj/nrf_memobj.o
                0x0000000000027cb8                nrf_memobj_write
 .text.nrf_memobj_read
                0x0000000000027cce       0x16 Output/BLE_Demo Release/Obj/nrf_memobj.o
                0x0000000000027cce                nrf_memobj_read
 .text.sd_app_evt_wait
                0x0000000000027ce4        0x4 Output/BLE_Demo Release/Obj/nrf_pwr_mgmt.o
 .text.nrf_pwr_mgmt_init
                0x0000000000027ce8       0x2c Output/BLE_Demo Release/Obj/nrf_pwr_mgmt.o
                0x0000000000027ce8                nrf_pwr_mgmt_init
 .text.nrf_pwr_mgmt_run
                0x0000000000027d14       0x4c Output/BLE_Demo Release/Obj/nrf_pwr_mgmt.o
                0x0000000000027d14                nrf_pwr_mgmt_run
 .text.nrf_ringbuf_init
                0x0000000000027d60       0x12 Output/BLE_Demo Release/Obj/nrf_ringbuf.o
                0x0000000000027d60                nrf_ringbuf_init
 .text.nrf_section_iter_init
                0x0000000000027d72       0x14 Output/BLE_Demo Release/Obj/nrf_section_iter.o
                0x0000000000027d72                nrf_section_iter_init
 .text.nrf_section_iter_next
                0x0000000000027d86       0x18 Output/BLE_Demo Release/Obj/nrf_section_iter.o
                0x0000000000027d86                nrf_section_iter_next
 *fill*         0x0000000000027d9e        0x2 
 .text.nrf_strerror_find
                0x0000000000027da0       0x3c Output/BLE_Demo Release/Obj/nrf_strerror.o
                0x0000000000027da0                nrf_strerror_find
 .text.nrf_strerror_get
                0x0000000000027ddc       0x14 Output/BLE_Demo Release/Obj/nrf_strerror.o
                0x0000000000027ddc                nrf_strerror_get
 .text.errata_12
                0x0000000000027df0       0x40 Output/BLE_Demo Release/Obj/system_nrf52.o
 .text.errata_16
                0x0000000000027e30       0x34 Output/BLE_Demo Release/Obj/system_nrf52.o
 .text.SystemInit
                0x0000000000027e64      0x25c Output/BLE_Demo Release/Obj/system_nrf52.o
                0x0000000000027e64                SystemInit
 .text.bsp_board_led_on
                0x00000000000280c0       0x18 Output/BLE_Demo Release/Obj/boards.o
                0x00000000000280c0                bsp_board_led_on
 .text.bsp_board_led_off
                0x00000000000280d8       0x18 Output/BLE_Demo Release/Obj/boards.o
                0x00000000000280d8                bsp_board_led_off
 .text.bsp_board_leds_off
                0x00000000000280f0       0x1e Output/BLE_Demo Release/Obj/boards.o
                0x00000000000280f0                bsp_board_leds_off
 .text.bsp_board_init
                0x000000000002810e       0x3e Output/BLE_Demo Release/Obj/boards.o
                0x000000000002810e                bsp_board_init
 .text.clock_clk_started_notify
                0x000000000002814c       0x28 Output/BLE_Demo Release/Obj/nrf_drv_clock.o
 .text.clock_irq_handler
                0x0000000000028174       0x1c Output/BLE_Demo Release/Obj/nrf_drv_clock.o
 .text.soc_evt_handler
                0x0000000000028190       0x14 Output/BLE_Demo Release/Obj/nrf_drv_clock.o
 .text.nrf_drv_clock_init
                0x00000000000281a4       0x38 Output/BLE_Demo Release/Obj/nrf_drv_clock.o
                0x00000000000281a4                nrf_drv_clock_init
 .text.nrf_drv_clock_lfclk_release
                0x00000000000281dc       0x30 Output/BLE_Demo Release/Obj/nrf_drv_clock.o
                0x00000000000281dc                nrf_drv_clock_lfclk_release
 .text.sd_state_evt_handler
                0x000000000002820c       0x58 Output/BLE_Demo Release/Obj/nrf_drv_clock.o
 .text.uarte_evt_handler
                0x0000000000028264       0x34 Output/BLE_Demo Release/Obj/nrf_drv_uart.o
 .text.uart_evt_handler
                0x0000000000028298       0x34 Output/BLE_Demo Release/Obj/nrf_drv_uart.o
 .text.nrf_drv_uart_init
                0x00000000000282cc       0x7c Output/BLE_Demo Release/Obj/nrf_drv_uart.o
                0x00000000000282cc                nrf_drv_uart_init
 .text.nrfx_clock_init
                0x0000000000028348       0x1c Output/BLE_Demo Release/Obj/nrfx_clock.o
                0x0000000000028348                nrfx_clock_init
 .text.nrfx_clock_enable
                0x0000000000028364       0x24 Output/BLE_Demo Release/Obj/nrfx_clock.o
                0x0000000000028364                nrfx_clock_enable
 .text.nrfx_clock_lfclk_stop
                0x0000000000028388       0x18 Output/BLE_Demo Release/Obj/nrfx_clock.o
                0x0000000000028388                nrfx_clock_lfclk_stop
 .text.POWER_CLOCK_IRQHandler
                0x00000000000283a0       0x64 Output/BLE_Demo Release/Obj/nrfx_clock.o
                0x00000000000283a0                POWER_CLOCK_IRQHandler
 .text.nrf_gpiote_event_clear
                0x0000000000028404       0x18 Output/BLE_Demo Release/Obj/nrfx_gpiote.o
 .text.nrf_gpio_cfg_sense_set
                0x000000000002841c       0x20 Output/BLE_Demo Release/Obj/nrfx_gpiote.o
 .text.channel_free
                0x000000000002843c       0x1c Output/BLE_Demo Release/Obj/nrfx_gpiote.o
 .text.nrfx_gpiote_init
                0x0000000000028458       0x6c Output/BLE_Demo Release/Obj/nrfx_gpiote.o
                0x0000000000028458                nrfx_gpiote_init
 .text.nrfx_gpiote_is_init
                0x00000000000284c4       0x14 Output/BLE_Demo Release/Obj/nrfx_gpiote.o
                0x00000000000284c4                nrfx_gpiote_is_init
 .text.nrfx_gpiote_in_init
                0x00000000000284d8       0xf0 Output/BLE_Demo Release/Obj/nrfx_gpiote.o
                0x00000000000284d8                nrfx_gpiote_in_init
 .text.nrfx_gpiote_in_event_enable
                0x00000000000285c8       0x8c Output/BLE_Demo Release/Obj/nrfx_gpiote.o
                0x00000000000285c8                nrfx_gpiote_in_event_enable
 .text.nrfx_gpiote_in_event_disable
                0x0000000000028654       0x44 Output/BLE_Demo Release/Obj/nrfx_gpiote.o
                0x0000000000028654                nrfx_gpiote_in_event_disable
 .text.nrfx_gpiote_in_is_set
                0x0000000000028698       0x12 Output/BLE_Demo Release/Obj/nrfx_gpiote.o
                0x0000000000028698                nrfx_gpiote_in_is_set
 *fill*         0x00000000000286aa        0x2 
 .text.GPIOTE_IRQHandler
                0x00000000000286ac      0x17c Output/BLE_Demo Release/Obj/nrfx_gpiote.o
                0x00000000000286ac                GPIOTE_IRQHandler
 .text.UARTE0_UART0_IRQHandler
                0x0000000000028828        0xc Output/BLE_Demo Release/Obj/nrfx_prs.o
                0x0000000000028828                UARTE0_UART0_IRQHandler
 .text.nrfx_prs_acquire
                0x0000000000028834       0x40 Output/BLE_Demo Release/Obj/nrfx_prs.o
                0x0000000000028834                nrfx_prs_acquire
 .text.nrfx_prs_release
                0x0000000000028874       0x18 Output/BLE_Demo Release/Obj/nrfx_prs.o
                0x0000000000028874                nrfx_prs_release
 .text.nrf_uart_event_clear
                0x000000000002888c       0x10 Output/BLE_Demo Release/Obj/nrfx_uart.o
 .text.tx_byte  0x000000000002889c       0x1e Output/BLE_Demo Release/Obj/nrfx_uart.o
 .text.rx_byte  0x00000000000288ba       0x2c Output/BLE_Demo Release/Obj/nrfx_uart.o
 *fill*         0x00000000000288e6        0x2 
 .text.rx_done_event.constprop.8
                0x00000000000288e8       0x20 Output/BLE_Demo Release/Obj/nrfx_uart.o
 .text.nrfx_uart_0_irq_handler
                0x0000000000028908      0x13c Output/BLE_Demo Release/Obj/nrfx_uart.o
                0x0000000000028908                nrfx_uart_0_irq_handler
 .text.nrfx_uart_init
                0x0000000000028a44      0x174 Output/BLE_Demo Release/Obj/nrfx_uart.o
                0x0000000000028a44                nrfx_uart_init
 .text.nrfx_uart_uninit
                0x0000000000028bb8       0xc8 Output/BLE_Demo Release/Obj/nrfx_uart.o
                0x0000000000028bb8                nrfx_uart_uninit
 .text.nrfx_uart_tx
                0x0000000000028c80       0x94 Output/BLE_Demo Release/Obj/nrfx_uart.o
                0x0000000000028c80                nrfx_uart_tx
 .text.nrf_uarte_event_clear
                0x0000000000028d14       0x10 Output/BLE_Demo Release/Obj/nrfx_uarte.o
 .text.rx_done_event.constprop.7
                0x0000000000028d24       0x20 Output/BLE_Demo Release/Obj/nrfx_uarte.o
 .text.nrfx_uarte_0_irq_handler
                0x0000000000028d44       0xe8 Output/BLE_Demo Release/Obj/nrfx_uarte.o
                0x0000000000028d44                nrfx_uarte_0_irq_handler
 .text.nrfx_uarte_init
                0x0000000000028e2c      0x184 Output/BLE_Demo Release/Obj/nrfx_uarte.o
                0x0000000000028e2c                nrfx_uarte_init
 .text.nrfx_uarte_uninit
                0x0000000000028fb0       0xc8 Output/BLE_Demo Release/Obj/nrfx_uarte.o
                0x0000000000028fb0                nrfx_uarte_uninit
 .text.nrfx_uarte_tx
                0x0000000000029078       0x88 Output/BLE_Demo Release/Obj/nrfx_uarte.o
                0x0000000000029078                nrfx_uarte_tx
 .text.sd_ble_gap_adv_set_configure
                0x0000000000029100        0x4 Output/BLE_Demo Release/Obj/main.o
 .text.sd_ble_gap_adv_start
                0x0000000000029104        0x4 Output/BLE_Demo Release/Obj/main.o
 .text.sd_ble_gap_disconnect
                0x0000000000029108        0x4 Output/BLE_Demo Release/Obj/main.o
 .text.sd_ble_gap_ppcp_set
                0x000000000002910c        0x4 Output/BLE_Demo Release/Obj/main.o
 .text.sd_ble_gap_device_name_set
                0x0000000000029110        0x4 Output/BLE_Demo Release/Obj/main.o
 .text.sd_ble_gap_sec_params_reply
                0x0000000000029114        0x4 Output/BLE_Demo Release/Obj/main.o
 .text.sd_ble_gap_phy_update
                0x0000000000029118        0x4 Output/BLE_Demo Release/Obj/main.o
 .text.sd_ble_gatts_sys_attr_set
                0x000000000002911c        0x4 Output/BLE_Demo Release/Obj/main.o
 .text.nrf_qwr_error_handler
                0x0000000000029120        0x4 Output/BLE_Demo Release/Obj/main.o
 .text.advertising_start
                0x0000000000029124       0x20 Output/BLE_Demo Release/Obj/main.o
 .text.ble_evt_handler
                0x0000000000029144       0xe8 Output/BLE_Demo Release/Obj/main.o
 .text.on_conn_params_evt
                0x000000000002922c       0x20 Output/BLE_Demo Release/Obj/main.o
 .text.button_event_handler
                0x000000000002924c       0x5c Output/BLE_Demo Release/Obj/main.o
 .text.led_write_handler
                0x00000000000292a8       0x3c Output/BLE_Demo Release/Obj/main.o
 .text.conn_params_error_handler
                0x00000000000292e4        0x4 Output/BLE_Demo Release/Obj/main.o
 .text.startup.main
                0x00000000000292e8      0x21c Output/BLE_Demo Release/Obj/main.o
                0x00000000000292e8                main
 .text.sd_ble_gap_addr_get
                0x0000000000029504        0x4 Output/BLE_Demo Release/Obj/ble_advdata.o
 .text.sd_ble_gap_appearance_get
                0x0000000000029508        0x4 Output/BLE_Demo Release/Obj/ble_advdata.o
 .text.sd_ble_gap_device_name_get
                0x000000000002950c        0x4 Output/BLE_Demo Release/Obj/ble_advdata.o
 .text.sd_ble_uuid_encode
                0x0000000000029510        0x4 Output/BLE_Demo Release/Obj/ble_advdata.o
 .text.uuid_list_sized_encode
                0x0000000000029514       0xa4 Output/BLE_Demo Release/Obj/ble_advdata.o
 .text.uuid_list_encode
                0x00000000000295b8       0x34 Output/BLE_Demo Release/Obj/ble_advdata.o
 .text.ble_advdata_encode
                0x00000000000295ec      0x392 Output/BLE_Demo Release/Obj/ble_advdata.o
                0x00000000000295ec                ble_advdata_encode
 .text.sd_ble_gap_conn_param_update
                0x000000000002997e        0x4 Output/BLE_Demo Release/Obj/ble_conn_params.o
 .text.sd_ble_gap_disconnect
                0x0000000000029982        0x4 Output/BLE_Demo Release/Obj/ble_conn_params.o
 .text.sd_ble_gap_ppcp_set
                0x0000000000029986        0x4 Output/BLE_Demo Release/Obj/ble_conn_params.o
 .text.sd_ble_gap_ppcp_get
                0x000000000002998a        0x4 Output/BLE_Demo Release/Obj/ble_conn_params.o
 *fill*         0x000000000002998e        0x2 
 .text.instance_get
                0x0000000000029990       0x14 Output/BLE_Demo Release/Obj/ble_conn_params.o
 .text.send_error_evt
                0x00000000000299a4       0x10 Output/BLE_Demo Release/Obj/ble_conn_params.o
 .text.update_timeout_handler
                0x00000000000299b4       0x6c Output/BLE_Demo Release/Obj/ble_conn_params.o
 .text.conn_params_negotiation
                0x0000000000029a20       0x48 Output/BLE_Demo Release/Obj/ble_conn_params.o
 .text.is_conn_params_ok.constprop.3
                0x0000000000029a68       0x3c Output/BLE_Demo Release/Obj/ble_conn_params.o
 .text.ble_evt_handler
                0x0000000000029aa4       0xe0 Output/BLE_Demo Release/Obj/ble_conn_params.o
 .text.ble_conn_params_init
                0x0000000000029b84       0x74 Output/BLE_Demo Release/Obj/ble_conn_params.o
                0x0000000000029b84                ble_conn_params_init
 .text.conn_handle_list_get
                0x0000000000029bf8       0x2e Output/BLE_Demo Release/Obj/ble_conn_state.o
                0x0000000000029bf8                conn_handle_list_get
 *fill*         0x0000000000029c26        0x2 
 .text.ble_evt_handler
                0x0000000000029c28       0xd8 Output/BLE_Demo Release/Obj/ble_conn_state.o
 .text.sd_ble_gatts_characteristic_add
                0x0000000000029d00        0x4 Output/BLE_Demo Release/Obj/ble_srv_common.o
 .text.set_security_req
                0x0000000000029d04       0x2a Output/BLE_Demo Release/Obj/ble_srv_common.o
 .text.ble_srv_is_notification_enabled
                0x0000000000029d2e        0x8 Output/BLE_Demo Release/Obj/ble_srv_common.o
                0x0000000000029d2e                ble_srv_is_notification_enabled
 .text.characteristic_add
                0x0000000000029d36      0x146 Output/BLE_Demo Release/Obj/ble_srv_common.o
                0x0000000000029d36                characteristic_add
 .text.sd_ble_gap_data_length_update
                0x0000000000029e7c        0x4 Output/BLE_Demo Release/Obj/nrf_ble_gatt.o
 .text.sd_ble_gattc_exchange_mtu_request
                0x0000000000029e80        0x4 Output/BLE_Demo Release/Obj/nrf_ble_gatt.o
 .text.sd_ble_gatts_exchange_mtu_reply
                0x0000000000029e84        0x4 Output/BLE_Demo Release/Obj/nrf_ble_gatt.o
 .text.data_length_update
                0x0000000000029e88       0x7c Output/BLE_Demo Release/Obj/nrf_ble_gatt.o
 .text.nrf_ble_gatt_init
                0x0000000000029f04       0x28 Output/BLE_Demo Release/Obj/nrf_ble_gatt.o
                0x0000000000029f04                nrf_ble_gatt_init
 .text.nrf_ble_gatt_on_ble_evt
                0x0000000000029f2c      0x1ac Output/BLE_Demo Release/Obj/nrf_ble_gatt.o
                0x0000000000029f2c                nrf_ble_gatt_on_ble_evt
 .text.sd_ble_gatts_rw_authorize_reply
                0x000000000002a0d8        0x4 Output/BLE_Demo Release/Obj/nrf_ble_qwr.o
 .text.sd_ble_user_mem_reply
                0x000000000002a0dc        0x4 Output/BLE_Demo Release/Obj/nrf_ble_qwr.o
 .text.user_mem_reply.part.0
                0x000000000002a0e0       0x24 Output/BLE_Demo Release/Obj/nrf_ble_qwr.o
 .text.nrf_ble_qwr_init
                0x000000000002a104       0x24 Output/BLE_Demo Release/Obj/nrf_ble_qwr.o
                0x000000000002a104                nrf_ble_qwr_init
 .text.nrf_ble_qwr_conn_handle_assign
                0x000000000002a128       0x16 Output/BLE_Demo Release/Obj/nrf_ble_qwr.o
                0x000000000002a128                nrf_ble_qwr_conn_handle_assign
 .text.nrf_ble_qwr_on_ble_evt
                0x000000000002a13e       0xa0 Output/BLE_Demo Release/Obj/nrf_ble_qwr.o
                0x000000000002a13e                nrf_ble_qwr_on_ble_evt
 .text.sd_ble_gatts_service_add
                0x000000000002a1de        0x4 Output/BLE_Demo Release/Obj/ble_lbs.o
 .text.sd_ble_gatts_hvx
                0x000000000002a1e2        0x4 Output/BLE_Demo Release/Obj/ble_lbs.o
 .text.sd_ble_uuid_vs_add
                0x000000000002a1e6        0x4 Output/BLE_Demo Release/Obj/ble_lbs.o
 .text.ble_lbs_on_ble_evt
                0x000000000002a1ea       0x2a Output/BLE_Demo Release/Obj/ble_lbs.o
                0x000000000002a1ea                ble_lbs_on_ble_evt
 .text.ble_lbs_init
                0x000000000002a214       0xd0 Output/BLE_Demo Release/Obj/ble_lbs.o
                0x000000000002a214                ble_lbs_init
 .text.ble_lbs_on_button_change
                0x000000000002a2e4       0x40 Output/BLE_Demo Release/Obj/ble_lbs.o
                0x000000000002a2e4                ble_lbs_on_button_change
 .text.sd_softdevice_enable
                0x000000000002a324        0x4 Output/BLE_Demo Release/Obj/nrf_sdh.o
 .text.sdh_request_observer_notify
                0x000000000002a328       0x30 Output/BLE_Demo Release/Obj/nrf_sdh.o
 .text.sdh_state_observer_notify
                0x000000000002a358       0x28 Output/BLE_Demo Release/Obj/nrf_sdh.o
 .text.softdevices_evt_irq_enable
                0x000000000002a380       0x38 Output/BLE_Demo Release/Obj/nrf_sdh.o
 .text.nrf_sdh_enable_request
                0x000000000002a3b8       0x78 Output/BLE_Demo Release/Obj/nrf_sdh.o
                0x000000000002a3b8                nrf_sdh_enable_request
 .text.nrf_sdh_is_enabled
                0x000000000002a430        0xc Output/BLE_Demo Release/Obj/nrf_sdh.o
                0x000000000002a430                nrf_sdh_is_enabled
 .text.nrf_sdh_evts_poll
                0x000000000002a43c       0x28 Output/BLE_Demo Release/Obj/nrf_sdh.o
                0x000000000002a43c                nrf_sdh_evts_poll
 .text.SWI2_EGU2_IRQHandler
                0x000000000002a464        0x4 Output/BLE_Demo Release/Obj/nrf_sdh.o
                0x000000000002a464                SWI2_EGU2_IRQHandler
 .text.sd_ble_enable
                0x000000000002a468        0x4 Output/BLE_Demo Release/Obj/nrf_sdh_ble.o
 .text.sd_ble_cfg_set
                0x000000000002a46c        0x4 Output/BLE_Demo Release/Obj/nrf_sdh_ble.o
 .text.sd_ble_evt_get
                0x000000000002a470        0x4 Output/BLE_Demo Release/Obj/nrf_sdh_ble.o
 .text.nrf_sdh_ble_evts_poll
                0x000000000002a474       0x50 Output/BLE_Demo Release/Obj/nrf_sdh_ble.o
 .text.nrf_sdh_ble_default_cfg_set
                0x000000000002a4c4      0x164 Output/BLE_Demo Release/Obj/nrf_sdh_ble.o
                0x000000000002a4c4                nrf_sdh_ble_default_cfg_set
 .text.nrf_sdh_ble_enable
                0x000000000002a628       0x94 Output/BLE_Demo Release/Obj/nrf_sdh_ble.o
                0x000000000002a628                nrf_sdh_ble_enable
 .text.sd_evt_get
                0x000000000002a6bc        0x4 Output/BLE_Demo Release/Obj/nrf_sdh_soc.o
 .text.nrf_sdh_soc_evts_poll
                0x000000000002a6c0       0x3c Output/BLE_Demo Release/Obj/nrf_sdh_soc.o
 .text.libc.__RAL_ascii_isctype
                0x000000000002a6fc       0x1c E:/SeggerIDE/lib/libc_v7em_fpv4_sp_d16_hard_t_le_eabi.a(libc2.o)
 .text.libc.__RAL_ascii_toupper
                0x000000000002a718        0xc E:/SeggerIDE/lib/libc_v7em_fpv4_sp_d16_hard_t_le_eabi.a(libc2.o)
 .text.libc.__RAL_ascii_tolower
                0x000000000002a724        0xc E:/SeggerIDE/lib/libc_v7em_fpv4_sp_d16_hard_t_le_eabi.a(libc2.o)
 .text.libc.__RAL_ascii_iswctype
                0x000000000002a730       0x1c E:/SeggerIDE/lib/libc_v7em_fpv4_sp_d16_hard_t_le_eabi.a(libc2.o)
 .text.libc.__RAL_ascii_towupper
                0x000000000002a74c        0xc E:/SeggerIDE/lib/libc_v7em_fpv4_sp_d16_hard_t_le_eabi.a(libc2.o)
 .text.libc.__RAL_ascii_towlower
                0x000000000002a758        0xc E:/SeggerIDE/lib/libc_v7em_fpv4_sp_d16_hard_t_le_eabi.a(libc2.o)
 .text.libc.__RAL_ascii_wctomb
                0x000000000002a764        0xe E:/SeggerIDE/lib/libc_v7em_fpv4_sp_d16_hard_t_le_eabi.a(libc2.o)
                0x000000000002a764                __RAL_ascii_wctomb
 .text.libc.__RAL_ascii_mbtowc
                0x000000000002a772       0x24 E:/SeggerIDE/lib/libc_v7em_fpv4_sp_d16_hard_t_le_eabi.a(libc2.o)
                0x000000000002a772                __RAL_ascii_mbtowc
 *fill*         0x000000000002a796        0x2 
 .text.libc.__RAL_isctype
                0x000000000002a798       0x14 E:/SeggerIDE/lib/libc_v7em_fpv4_sp_d16_hard_t_le_eabi.a(libc2.o)
                0x000000000002a798                __RAL_isctype
 .text.libc.isprint
                0x000000000002a7ac        0xa E:/SeggerIDE/lib/libc_v7em_fpv4_sp_d16_hard_t_le_eabi.a(libc2.o)
                0x000000000002a7ac                isprint
 .text.libc.memcpy
                0x000000000002a7b6       0x52 E:/SeggerIDE/lib/libc_v7em_fpv4_sp_d16_hard_t_le_eabi.a(libc2_asm.o)
                0x000000000002a7b6                __aeabi_memcpy
                0x000000000002a7b6                memcpy
                0x000000000002a7c2                __aeabi_memcpy8
                0x000000000002a7c2                __aeabi_memcpy4
 .text.libc.memset
                0x000000000002a808       0x66 E:/SeggerIDE/lib/libc_v7em_fpv4_sp_d16_hard_t_le_eabi.a(libc2_asm.o)
                0x000000000002a808                memset
 .text.libc.strlen
                0x000000000002a86e       0x60 E:/SeggerIDE/lib/libc_v7em_fpv4_sp_d16_hard_t_le_eabi.a(libc2_asm.o)
                0x000000000002a86e                strlen
                0x000000000002a8ce                __text_end__ = (__text_start__ + SIZEOF (.text))
                0x00000000000044f6                __text_size__ = SIZEOF (.text)
                0x000000000002a8ce                __text_load_end__ = __text_end__

.vfp11_veneer   0x0000000100000000        0x0
 .vfp11_veneer  0x0000000100000000        0x0 linker stubs

.v4_bx          0x0000000100000000        0x0
 .v4_bx         0x0000000100000000        0x0 linker stubs

.iplt           0x0000000100000000        0x0
 .iplt          0x0000000100000000        0x0 Output/BLE_Demo Release/Obj/thumb_crt0.o
                0x0000000000000001                . = ASSERT (((__text_start__ == __text_end__) || ((__text_end__ >= __FLASH_segment_start__) && (__text_end__ <= __FLASH_segment_end__))), error: .text is too large to fit in FLASH memory segment)
                0x000000000002a8d0                __sdh_soc_observers_load_start__ = ALIGN (__text_end__, 0x4)

.sdh_soc_observers
                0x000000000002a8d0        0x8
                0x000000000002a8d0                __sdh_soc_observers_start__ = .
                0x000000000002a8d0                __start_sdh_soc_observers = __sdh_soc_observers_start__
 *(SORT_BY_NAME(.sdh_soc_observers*))
 .sdh_soc_observers0
                0x000000000002a8d0        0x8 Output/BLE_Demo Release/Obj/nrf_drv_clock.o
                0x000000000002a8d8                __sdh_soc_observers_end__ = (__sdh_soc_observers_start__ + SIZEOF (.sdh_soc_observers))
                0x0000000000000008                __sdh_soc_observers_size__ = SIZEOF (.sdh_soc_observers)
                0x000000000002a8d8                __stop_sdh_soc_observers = __sdh_soc_observers_end__
                0x000000000002a8d8                __sdh_soc_observers_load_end__ = __sdh_soc_observers_end__
                0x0000000000000001                . = ASSERT (((__sdh_soc_observers_start__ == __sdh_soc_observers_end__) || ((__sdh_soc_observers_end__ >= __FLASH_segment_start__) && (__sdh_soc_observers_end__ <= __FLASH_segment_end__))), error: .sdh_soc_observers is too large to fit in FLASH memory segment)
                0x000000000002a8d8                __pwr_mgmt_data_load_start__ = ALIGN (__sdh_soc_observers_end__, 0x4)

.pwr_mgmt_data  0x000000000002a8d8        0x0
                0x000000000002a8d8                __pwr_mgmt_data_start__ = .
                0x000000000002a8d8                __start_pwr_mgmt_data = __pwr_mgmt_data_start__
 *(SORT_BY_NAME(.pwr_mgmt_data*))
                0x000000000002a8d8                __pwr_mgmt_data_end__ = (__pwr_mgmt_data_start__ + SIZEOF (.pwr_mgmt_data))
                0x0000000000000000                __pwr_mgmt_data_size__ = SIZEOF (.pwr_mgmt_data)
                0x000000000002a8d8                __stop_pwr_mgmt_data = __pwr_mgmt_data_end__
                0x000000000002a8d8                __pwr_mgmt_data_load_end__ = __pwr_mgmt_data_end__
                0x0000000000000001                . = ASSERT (((__pwr_mgmt_data_start__ == __pwr_mgmt_data_end__) || ((__pwr_mgmt_data_end__ >= __FLASH_segment_start__) && (__pwr_mgmt_data_end__ <= __FLASH_segment_end__))), error: .pwr_mgmt_data is too large to fit in FLASH memory segment)
                0x000000000002a8d8                __sdh_ble_observers_load_start__ = ALIGN (__pwr_mgmt_data_end__, 0x4)

.sdh_ble_observers
                0x000000000002a8d8       0x30
                0x000000000002a8d8                __sdh_ble_observers_start__ = .
                0x000000000002a8d8                __start_sdh_ble_observers = __sdh_ble_observers_start__
 *(SORT_BY_NAME(.sdh_ble_observers*))
 .sdh_ble_observers0
                0x000000000002a8d8        0x8 Output/BLE_Demo Release/Obj/ble_conn_state.o
 .sdh_ble_observers1
                0x000000000002a8e0        0x8 Output/BLE_Demo Release/Obj/main.o
 .sdh_ble_observers1
                0x000000000002a8e8        0x8 Output/BLE_Demo Release/Obj/ble_conn_params.o
 .sdh_ble_observers2
                0x000000000002a8f0       0x10 Output/BLE_Demo Release/Obj/main.o
 .sdh_ble_observers3
                0x000000000002a900        0x8 Output/BLE_Demo Release/Obj/main.o
                0x000000000002a908                __sdh_ble_observers_end__ = (__sdh_ble_observers_start__ + SIZEOF (.sdh_ble_observers))
                0x0000000000000030                __sdh_ble_observers_size__ = SIZEOF (.sdh_ble_observers)
                0x000000000002a908                __stop_sdh_ble_observers = __sdh_ble_observers_end__
                0x000000000002a908                __sdh_ble_observers_load_end__ = __sdh_ble_observers_end__
                0x0000000000000001                . = ASSERT (((__sdh_ble_observers_start__ == __sdh_ble_observers_end__) || ((__sdh_ble_observers_end__ >= __FLASH_segment_start__) && (__sdh_ble_observers_end__ <= __FLASH_segment_end__))), error: .sdh_ble_observers is too large to fit in FLASH memory segment)
                0x000000000002a908                __sdh_req_observers_load_start__ = ALIGN (__sdh_ble_observers_end__, 0x4)

.sdh_req_observers
                0x000000000002a908        0x0
                0x000000000002a908                __sdh_req_observers_start__ = .
                0x000000000002a908                __start_sdh_req_observers = __sdh_req_observers_start__
 *(SORT_BY_NAME(.sdh_req_observers*))
                0x000000000002a908                __sdh_req_observers_end__ = (__sdh_req_observers_start__ + SIZEOF (.sdh_req_observers))
                0x0000000000000000                __sdh_req_observers_size__ = SIZEOF (.sdh_req_observers)
                0x000000000002a908                __stop_sdh_req_observers = __sdh_req_observers_end__
                0x000000000002a908                __sdh_req_observers_load_end__ = __sdh_req_observers_end__
                0x0000000000000001                . = ASSERT (((__sdh_req_observers_start__ == __sdh_req_observers_end__) || ((__sdh_req_observers_end__ >= __FLASH_segment_start__) && (__sdh_req_observers_end__ <= __FLASH_segment_end__))), error: .sdh_req_observers is too large to fit in FLASH memory segment)
                0x000000000002a908                __sdh_state_observers_load_start__ = ALIGN (__sdh_req_observers_end__, 0x4)

.sdh_state_observers
                0x000000000002a908        0x8
                0x000000000002a908                __sdh_state_observers_start__ = .
                0x000000000002a908                __start_sdh_state_observers = __sdh_state_observers_start__
 *(SORT_BY_NAME(.sdh_state_observers*))
 .sdh_state_observers0
                0x000000000002a908        0x8 Output/BLE_Demo Release/Obj/nrf_drv_clock.o
                0x000000000002a910                __sdh_state_observers_end__ = (__sdh_state_observers_start__ + SIZEOF (.sdh_state_observers))
                0x0000000000000008                __sdh_state_observers_size__ = SIZEOF (.sdh_state_observers)
                0x000000000002a910                __stop_sdh_state_observers = __sdh_state_observers_end__
                0x000000000002a910                __sdh_state_observers_load_end__ = __sdh_state_observers_end__
                0x0000000000000001                . = ASSERT (((__sdh_state_observers_start__ == __sdh_state_observers_end__) || ((__sdh_state_observers_end__ >= __FLASH_segment_start__) && (__sdh_state_observers_end__ <= __FLASH_segment_end__))), error: .sdh_state_observers is too large to fit in FLASH memory segment)
                0x000000000002a910                __sdh_stack_observers_load_start__ = ALIGN (__sdh_state_observers_end__, 0x4)

.sdh_stack_observers
                0x000000000002a910       0x10
                0x000000000002a910                __sdh_stack_observers_start__ = .
                0x000000000002a910                __start_sdh_stack_observers = __sdh_stack_observers_start__
 *(SORT_BY_NAME(.sdh_stack_observers*))
 .sdh_stack_observers0
                0x000000000002a910        0x8 Output/BLE_Demo Release/Obj/nrf_sdh_ble.o
 .sdh_stack_observers0
                0x000000000002a918        0x8 Output/BLE_Demo Release/Obj/nrf_sdh_soc.o
                0x000000000002a920                __sdh_stack_observers_end__ = (__sdh_stack_observers_start__ + SIZEOF (.sdh_stack_observers))
                0x0000000000000010                __sdh_stack_observers_size__ = SIZEOF (.sdh_stack_observers)
                0x000000000002a920                __stop_sdh_stack_observers = __sdh_stack_observers_end__
                0x000000000002a920                __sdh_stack_observers_load_end__ = __sdh_stack_observers_end__
                0x0000000000000001                . = ASSERT (((__sdh_stack_observers_start__ == __sdh_stack_observers_end__) || ((__sdh_stack_observers_end__ >= __FLASH_segment_start__) && (__sdh_stack_observers_end__ <= __FLASH_segment_end__))), error: .sdh_stack_observers is too large to fit in FLASH memory segment)
                0x000000000002a920                __nrf_queue_load_start__ = ALIGN (__sdh_stack_observers_end__, 0x4)

.nrf_queue      0x000000000002a920        0x0
                0x000000000002a920                __nrf_queue_start__ = .
                0x000000000002a920                __start_nrf_queue = __nrf_queue_start__
 *(.nrf_queue*)
                0x000000000002a920                __nrf_queue_end__ = (__nrf_queue_start__ + SIZEOF (.nrf_queue))
                0x0000000000000000                __nrf_queue_size__ = SIZEOF (.nrf_queue)
                0x000000000002a920                __stop_nrf_queue = __nrf_queue_end__
                0x000000000002a920                __nrf_queue_load_end__ = __nrf_queue_end__
                0x0000000000000001                . = ASSERT (((__nrf_queue_start__ == __nrf_queue_end__) || ((__nrf_queue_end__ >= __FLASH_segment_start__) && (__nrf_queue_end__ <= __FLASH_segment_end__))), error: .nrf_queue is too large to fit in FLASH memory segment)
                0x000000000002a920                __nrf_balloc_load_start__ = ALIGN (__nrf_queue_end__, 0x4)

.nrf_balloc     0x000000000002a920       0x14
                0x000000000002a920                __nrf_balloc_start__ = .
                0x000000000002a920                __start_nrf_balloc = __nrf_balloc_start__
 *(.nrf_balloc*)
 .nrf_balloc    0x000000000002a920       0x14 Output/BLE_Demo Release/Obj/nrf_log_frontend.o
                0x000000000002a920                log_mempool
                0x000000000002a934                __nrf_balloc_end__ = (__nrf_balloc_start__ + SIZEOF (.nrf_balloc))
                0x0000000000000014                __nrf_balloc_size__ = SIZEOF (.nrf_balloc)
                0x000000000002a934                __stop_nrf_balloc = __nrf_balloc_end__
                0x000000000002a934                __nrf_balloc_load_end__ = __nrf_balloc_end__
                0x0000000000000001                . = ASSERT (((__nrf_balloc_start__ == __nrf_balloc_end__) || ((__nrf_balloc_end__ >= __FLASH_segment_start__) && (__nrf_balloc_end__ <= __FLASH_segment_end__))), error: .nrf_balloc is too large to fit in FLASH memory segment)
                0x000000000002a934                __cli_command_load_start__ = ALIGN (__nrf_balloc_end__, 0x4)

.cli_command    0x000000000002a934        0x0
                0x000000000002a934                __cli_command_start__ = .
                0x000000000002a934                __start_cli_command = __cli_command_start__
 *(.cli_command*)
                0x000000000002a934                __cli_command_end__ = (__cli_command_start__ + SIZEOF (.cli_command))
                0x0000000000000000                __cli_command_size__ = SIZEOF (.cli_command)
                0x000000000002a934                __stop_cli_command = __cli_command_end__
                0x000000000002a934                __cli_command_load_end__ = __cli_command_end__
                0x0000000000000001                . = ASSERT (((__cli_command_start__ == __cli_command_end__) || ((__cli_command_end__ >= __FLASH_segment_start__) && (__cli_command_end__ <= __FLASH_segment_end__))), error: .cli_command is too large to fit in FLASH memory segment)
                0x000000000002a934                __crypto_data_load_start__ = ALIGN (__cli_command_end__, 0x4)

.crypto_data    0x000000000002a934        0x0
                0x000000000002a934                __crypto_data_start__ = .
                0x000000000002a934                __start_crypto_data = __crypto_data_start__
 *(SORT_BY_NAME(.crypto_data*))
                0x000000000002a934                __crypto_data_end__ = (__crypto_data_start__ + SIZEOF (.crypto_data))
                0x0000000000000000                __crypto_data_size__ = SIZEOF (.crypto_data)
                0x000000000002a934                __stop_crypto_data = __crypto_data_end__
                0x000000000002a934                __crypto_data_load_end__ = __crypto_data_end__
                0x0000000000000001                . = ASSERT (((__crypto_data_start__ == __crypto_data_end__) || ((__crypto_data_end__ >= __FLASH_segment_start__) && (__crypto_data_end__ <= __FLASH_segment_end__))), error: .crypto_data is too large to fit in FLASH memory segment)
                0x000000000002a934                __log_const_data_load_start__ = ALIGN (__crypto_data_end__, 0x4)

.log_const_data
                0x000000000002a934       0x60
                0x000000000002a934                __log_const_data_start__ = .
                0x000000000002a934                __start_log_const_data = __log_const_data_start__
 *(SORT_BY_NAME(.log_const_data*))
 .log_const_data_CLOCK
                0x000000000002a934        0x8 Output/BLE_Demo Release/Obj/nrfx_clock.o
                0x000000000002a934                m_nrf_log_CLOCK_logs_data_const
 .log_const_data_GPIOTE
                0x000000000002a93c        0x8 Output/BLE_Demo Release/Obj/nrfx_gpiote.o
                0x000000000002a93c                m_nrf_log_GPIOTE_logs_data_const
 .log_const_data_PRS
                0x000000000002a944        0x8 Output/BLE_Demo Release/Obj/nrfx_prs.o
                0x000000000002a944                m_nrf_log_PRS_logs_data_const
 .log_const_data_UART
                0x000000000002a94c        0x8 Output/BLE_Demo Release/Obj/nrfx_uart.o
                0x000000000002a94c                m_nrf_log_UART_logs_data_const
 .log_const_data_UARTE
                0x000000000002a954        0x8 Output/BLE_Demo Release/Obj/nrfx_uarte.o
                0x000000000002a954                m_nrf_log_UARTE_logs_data_const
 .log_const_data_app
                0x000000000002a95c        0x8 Output/BLE_Demo Release/Obj/nrf_log_frontend.o
                0x000000000002a95c                m_nrf_log_app_logs_data_const
 .log_const_data_clock
                0x000000000002a964        0x8 Output/BLE_Demo Release/Obj/nrf_drv_clock.o
                0x000000000002a964                m_nrf_log_clock_logs_data_const
 .log_const_data_nrf_ble_gatt
                0x000000000002a96c        0x8 Output/BLE_Demo Release/Obj/nrf_ble_gatt.o
                0x000000000002a96c                m_nrf_log_nrf_ble_gatt_logs_data_const
 .log_const_data_nrf_sdh
                0x000000000002a974        0x8 Output/BLE_Demo Release/Obj/nrf_sdh.o
                0x000000000002a974                m_nrf_log_nrf_sdh_logs_data_const
 .log_const_data_nrf_sdh_ble
                0x000000000002a97c        0x8 Output/BLE_Demo Release/Obj/nrf_sdh_ble.o
                0x000000000002a97c                m_nrf_log_nrf_sdh_ble_logs_data_const
 .log_const_data_nrf_sdh_soc
                0x000000000002a984        0x8 Output/BLE_Demo Release/Obj/nrf_sdh_soc.o
                0x000000000002a984                m_nrf_log_nrf_sdh_soc_logs_data_const
 .log_const_data_pwr_mgmt
                0x000000000002a98c        0x8 Output/BLE_Demo Release/Obj/nrf_pwr_mgmt.o
                0x000000000002a98c                m_nrf_log_pwr_mgmt_logs_data_const
                0x000000000002a994                __log_const_data_end__ = (__log_const_data_start__ + SIZEOF (.log_const_data))
                0x0000000000000060                __log_const_data_size__ = SIZEOF (.log_const_data)
                0x000000000002a994                __stop_log_const_data = __log_const_data_end__
                0x000000000002a994                __log_const_data_load_end__ = __log_const_data_end__
                0x0000000000000001                . = ASSERT (((__log_const_data_start__ == __log_const_data_end__) || ((__log_const_data_end__ >= __FLASH_segment_start__) && (__log_const_data_end__ <= __FLASH_segment_end__))), error: .log_const_data is too large to fit in FLASH memory segment)
                0x000000000002a994                __log_backends_load_start__ = ALIGN (__log_const_data_end__, 0x4)

.log_backends   0x000000000002a994       0x10
                0x000000000002a994                __log_backends_start__ = .
                0x000000000002a994                __start_log_backends = __log_backends_start__
 *(SORT_BY_NAME(.log_backends*))
 .log_backends  0x000000000002a994       0x10 Output/BLE_Demo Release/Obj/nrf_log_default_backends.o
                0x000000000002a9a4                __log_backends_end__ = (__log_backends_start__ + SIZEOF (.log_backends))
                0x0000000000000010                __log_backends_size__ = SIZEOF (.log_backends)
                0x000000000002a9a4                __stop_log_backends = __log_backends_end__
                0x000000000002a9a4                __log_backends_load_end__ = __log_backends_end__
                0x0000000000000001                . = ASSERT (((__log_backends_start__ == __log_backends_end__) || ((__log_backends_end__ >= __FLASH_segment_start__) && (__log_backends_end__ <= __FLASH_segment_end__))), error: .log_backends is too large to fit in FLASH memory segment)
                0x000000000002a9a4                __nrf_sections_load_start__ = ALIGN (__log_backends_end__, 0x4)

.nrf_sections   0x000000000002a9a4        0x0
                0x000000000002a9a4                __nrf_sections_start__ = .
                0x000000000002a9a4                __start_nrf_sections = __nrf_sections_start__
 *(.nrf_sections .nrf_sections.*)
                0x000000000002a9a4                __nrf_sections_end__ = (__nrf_sections_start__ + SIZEOF (.nrf_sections))
                0x0000000000000000                __nrf_sections_size__ = SIZEOF (.nrf_sections)
                0x000000000002a9a4                __nrf_sections_load_end__ = __nrf_sections_end__
                0x0000000000000001                . = ASSERT (((__nrf_sections_start__ == __nrf_sections_end__) || ((__nrf_sections_end__ >= __FLASH_segment_start__) && (__nrf_sections_end__ <= __FLASH_segment_end__))), error: .nrf_sections is too large to fit in FLASH memory segment)
                0x000000000002a9a4                __cli_sorted_cmd_ptrs_load_start__ = ALIGN (__nrf_sections_end__, 0x4)

.cli_sorted_cmd_ptrs
                0x00000000200022b8        0x0 load address 0x000000000002a9a4
                0x00000000200022b8                __cli_sorted_cmd_ptrs_start__ = .
 *(.cli_sorted_cmd_ptrs*)
                0x00000000200022b8                __cli_sorted_cmd_ptrs_end__ = (__cli_sorted_cmd_ptrs_start__ + SIZEOF (.cli_sorted_cmd_ptrs))
                0x0000000000000000                __cli_sorted_cmd_ptrs_size__ = SIZEOF (.cli_sorted_cmd_ptrs)
                0x000000000002a9a4                __cli_sorted_cmd_ptrs_load_end__ = (__cli_sorted_cmd_ptrs_load_start__ + SIZEOF (.cli_sorted_cmd_ptrs))
                0x0000000000000001                . = ASSERT (((__cli_sorted_cmd_ptrs_load_start__ == __cli_sorted_cmd_ptrs_load_end__) || ((__cli_sorted_cmd_ptrs_load_end__ >= __FLASH_segment_start__) && (__cli_sorted_cmd_ptrs_load_end__ <= __FLASH_segment_end__))), error: .cli_sorted_cmd_ptrs is too large to fit in FLASH memory segment)

.cli_sorted_cmd_ptrs_run
                0x00000000200022b8        0x0
                0x00000000200022b8                __cli_sorted_cmd_ptrs_run_start__ = .
                0x00000000200022b8                __start_cli_sorted_cmd_ptrs = __cli_sorted_cmd_ptrs_run_start__
                0x00000000200022b8                . = MAX ((__cli_sorted_cmd_ptrs_run_start__ + SIZEOF (.cli_sorted_cmd_ptrs)), .)
                0x00000000200022b8                __cli_sorted_cmd_ptrs_run_end__ = (__cli_sorted_cmd_ptrs_run_start__ + SIZEOF (.cli_sorted_cmd_ptrs_run))
                0x0000000000000000                __cli_sorted_cmd_ptrs_run_size__ = SIZEOF (.cli_sorted_cmd_ptrs_run)
                0x00000000200022b8                __stop_cli_sorted_cmd_ptrs = __cli_sorted_cmd_ptrs_run_end__
                0x00000000200022b8                __cli_sorted_cmd_ptrs_run_load_end__ = __cli_sorted_cmd_ptrs_run_end__
                0x0000000000000001                . = ASSERT (((__cli_sorted_cmd_ptrs_run_start__ == __cli_sorted_cmd_ptrs_run_end__) || ((__cli_sorted_cmd_ptrs_run_end__ >= __RAM_segment_start__) && (__cli_sorted_cmd_ptrs_run_end__ <= __RAM_segment_end__))), error: .cli_sorted_cmd_ptrs_run is too large to fit in RAM memory segment)
                0x000000000002a9a4                __fs_data_load_start__ = ALIGN ((__cli_sorted_cmd_ptrs_load_start__ + SIZEOF (.cli_sorted_cmd_ptrs)), 0x4)

.fs_data        0x00000000200022b8        0x0 load address 0x000000000002a9a4
                0x00000000200022b8                __fs_data_start__ = .
 *(.fs_data*)
                0x00000000200022b8                __fs_data_end__ = (__fs_data_start__ + SIZEOF (.fs_data))
                0x0000000000000000                __fs_data_size__ = SIZEOF (.fs_data)
                0x000000000002a9a4                __fs_data_load_end__ = (__fs_data_load_start__ + SIZEOF (.fs_data))
                0x0000000000000001                . = ASSERT (((__fs_data_load_start__ == __fs_data_load_end__) || ((__fs_data_load_end__ >= __FLASH_segment_start__) && (__fs_data_load_end__ <= __FLASH_segment_end__))), error: .fs_data is too large to fit in FLASH memory segment)

.fs_data_run    0x00000000200022b8        0x0
                0x00000000200022b8                __fs_data_run_start__ = .
                0x00000000200022b8                __start_fs_data = __fs_data_run_start__
                0x00000000200022b8                . = MAX ((__fs_data_run_start__ + SIZEOF (.fs_data)), .)
                0x00000000200022b8                __fs_data_run_end__ = (__fs_data_run_start__ + SIZEOF (.fs_data_run))
                0x0000000000000000                __fs_data_run_size__ = SIZEOF (.fs_data_run)
                0x00000000200022b8                __stop_fs_data = __fs_data_run_end__
                0x00000000200022b8                __fs_data_run_load_end__ = __fs_data_run_end__
                0x0000000000000001                . = ASSERT (((__fs_data_run_start__ == __fs_data_run_end__) || ((__fs_data_run_end__ >= __RAM_segment_start__) && (__fs_data_run_end__ <= __RAM_segment_end__))), error: .fs_data_run is too large to fit in RAM memory segment)
                0x000000000002a9a4                __log_dynamic_data_load_start__ = ALIGN ((__fs_data_load_start__ + SIZEOF (.fs_data)), 0x4)

.log_dynamic_data
                0x00000000200022b8        0x0 load address 0x000000000002a9a4
                0x00000000200022b8                __log_dynamic_data_start__ = .
 *(SORT_BY_NAME(.log_dynamic_data*))
                0x00000000200022b8                __log_dynamic_data_end__ = (__log_dynamic_data_start__ + SIZEOF (.log_dynamic_data))
                0x0000000000000000                __log_dynamic_data_size__ = SIZEOF (.log_dynamic_data)
                0x000000000002a9a4                __log_dynamic_data_load_end__ = (__log_dynamic_data_load_start__ + SIZEOF (.log_dynamic_data))
                0x0000000000000001                . = ASSERT (((__log_dynamic_data_load_start__ == __log_dynamic_data_load_end__) || ((__log_dynamic_data_load_end__ >= __FLASH_segment_start__) && (__log_dynamic_data_load_end__ <= __FLASH_segment_end__))), error: .log_dynamic_data is too large to fit in FLASH memory segment)

.log_dynamic_data_run
                0x00000000200022b8        0x0
                0x00000000200022b8                __log_dynamic_data_run_start__ = .
                0x00000000200022b8                __start_log_dynamic_data = __log_dynamic_data_run_start__
                0x00000000200022b8                . = MAX ((__log_dynamic_data_run_start__ + SIZEOF (.log_dynamic_data)), .)
                0x00000000200022b8                __log_dynamic_data_run_end__ = (__log_dynamic_data_run_start__ + SIZEOF (.log_dynamic_data_run))
                0x0000000000000000                __log_dynamic_data_run_size__ = SIZEOF (.log_dynamic_data_run)
                0x00000000200022b8                __stop_log_dynamic_data = __log_dynamic_data_run_end__
                0x00000000200022b8                __log_dynamic_data_run_load_end__ = __log_dynamic_data_run_end__
                0x0000000000000001                . = ASSERT (((__log_dynamic_data_run_start__ == __log_dynamic_data_run_end__) || ((__log_dynamic_data_run_end__ >= __RAM_segment_start__) && (__log_dynamic_data_run_end__ <= __RAM_segment_end__))), error: .log_dynamic_data_run is too large to fit in RAM memory segment)
                0x000000000002a9a4                __log_filter_data_load_start__ = ALIGN ((__log_dynamic_data_load_start__ + SIZEOF (.log_dynamic_data)), 0x4)

.log_filter_data
                0x00000000200022b8        0x0 load address 0x000000000002a9a4
                0x00000000200022b8                __log_filter_data_start__ = .
 *(SORT_BY_NAME(.log_filter_data*))
                0x00000000200022b8                __log_filter_data_end__ = (__log_filter_data_start__ + SIZEOF (.log_filter_data))
                0x0000000000000000                __log_filter_data_size__ = SIZEOF (.log_filter_data)
                0x000000000002a9a4                __log_filter_data_load_end__ = (__log_filter_data_load_start__ + SIZEOF (.log_filter_data))
                0x0000000000000001                . = ASSERT (((__log_filter_data_load_start__ == __log_filter_data_load_end__) || ((__log_filter_data_load_end__ >= __FLASH_segment_start__) && (__log_filter_data_load_end__ <= __FLASH_segment_end__))), error: .log_filter_data is too large to fit in FLASH memory segment)

.log_filter_data_run
                0x00000000200022b8        0x0
                0x00000000200022b8                __log_filter_data_run_start__ = .
                0x00000000200022b8                __start_log_filter_data = __log_filter_data_run_start__
                0x00000000200022b8                . = MAX ((__log_filter_data_run_start__ + SIZEOF (.log_filter_data)), .)
                0x00000000200022b8                __log_filter_data_run_end__ = (__log_filter_data_run_start__ + SIZEOF (.log_filter_data_run))
                0x0000000000000000                __log_filter_data_run_size__ = SIZEOF (.log_filter_data_run)
                0x00000000200022b8                __stop_log_filter_data = __log_filter_data_run_end__
                0x00000000200022b8                __log_filter_data_run_load_end__ = __log_filter_data_run_end__
                0x0000000000000001                . = ASSERT (((__log_filter_data_run_start__ == __log_filter_data_run_end__) || ((__log_filter_data_run_end__ >= __RAM_segment_start__) && (__log_filter_data_run_end__ <= __RAM_segment_end__))), error: .log_filter_data_run is too large to fit in RAM memory segment)
                0x00000000200022b8                __nrf_sections_run_end_load_start__ = ALIGN (__log_filter_data_run_end__, 0x4)

.nrf_sections_run_end
                0x00000000200022b8        0x0
                0x00000000200022b8                __nrf_sections_run_end_start__ = .
                0x00000000200022b8                __end_nrf_sections_run = __nrf_sections_run_end_start__
 *(.nrf_sections_run_end .nrf_sections_run_end.*)
                0x00000000200022b8                __nrf_sections_run_end_end__ = (__nrf_sections_run_end_start__ + SIZEOF (.nrf_sections_run_end))
                0x0000000000000000                __nrf_sections_run_end_size__ = SIZEOF (.nrf_sections_run_end)
                0x00000000200022b8                __nrf_sections_run_end_load_end__ = __nrf_sections_run_end_end__
                0x0000000000000001                . = ASSERT (((__nrf_sections_run_end_start__ == __nrf_sections_run_end_end__) || ((__nrf_sections_run_end_end__ >= __RAM_segment_start__) && (__nrf_sections_run_end_end__ <= __RAM_segment_end__))), error: .nrf_sections_run_end is too large to fit in RAM memory segment)
                0x000000000002a9a4                __dtors_load_start__ = ALIGN ((__log_filter_data_load_start__ + SIZEOF (.log_filter_data)), 0x4)

.dtors          0x000000000002a9a4        0x0
                0x000000000002a9a4                __dtors_start__ = .
 *(SORT_BY_NAME(.dtors.*))
 *(.dtors)
 *(.fini_array)
 *(SORT_BY_NAME(.fini_array.*))
                0x000000000002a9a4                __dtors_end__ = (__dtors_start__ + SIZEOF (.dtors))
                0x0000000000000000                __dtors_size__ = SIZEOF (.dtors)
                0x000000000002a9a4                __dtors_load_end__ = __dtors_end__
                0x0000000000000001                . = ASSERT (((__dtors_start__ == __dtors_end__) || ((__dtors_end__ >= __FLASH_segment_start__) && (__dtors_end__ <= __FLASH_segment_end__))), error: .dtors is too large to fit in FLASH memory segment)
                0x000000000002a9a4                __ctors_load_start__ = ALIGN (__dtors_end__, 0x4)

.ctors          0x000000000002a9a4        0x0
                0x000000000002a9a4                __ctors_start__ = .
 *(SORT_BY_NAME(.ctors.*))
 *(.ctors)
 *(.init_array)
 *(SORT_BY_NAME(.init_array.*))
                0x000000000002a9a4                __ctors_end__ = (__ctors_start__ + SIZEOF (.ctors))
                0x0000000000000000                __ctors_size__ = SIZEOF (.ctors)
                0x000000000002a9a4                __ctors_load_end__ = __ctors_end__
                0x0000000000000001                . = ASSERT (((__ctors_start__ == __ctors_end__) || ((__ctors_end__ >= __FLASH_segment_start__) && (__ctors_end__ <= __FLASH_segment_end__))), error: .ctors is too large to fit in FLASH memory segment)
                0x000000000002a9a4                __rodata_load_start__ = ALIGN (__ctors_end__, 0x4)

.rodata         0x000000000002a9a4      0xd38
                0x000000000002a9a4                __rodata_start__ = .
 *(.rodata .rodata.* .gnu.linkonce.r.*)
 .rodata        0x000000000002a9a4       0x20 Output/BLE_Demo Release/Obj/nrf_log_backend_uart.o
 .rodata.nrf_log_backend_uart_api
                0x000000000002a9c4        0xc Output/BLE_Demo Release/Obj/nrf_log_backend_uart.o
                0x000000000002a9c4                nrf_log_backend_uart_api
 .rodata.str1.1
                0x000000000002a9d0       0x11 Output/BLE_Demo Release/Obj/nrf_log_default_backends.o
 *fill*         0x000000000002a9e1        0x3 
 .rodata.m_log_push_ringbuf
                0x000000000002a9e4        0xc Output/BLE_Demo Release/Obj/nrf_log_frontend.o
 .rodata.nrf_log_frontend_dequeue.str1.1
                0x000000000002a9f0       0x11 Output/BLE_Demo Release/Obj/nrf_log_frontend.o
 .rodata.str1.1
                0x000000000002aa01        0x4 Output/BLE_Demo Release/Obj/nrf_log_frontend.o
 *fill*         0x000000000002aa05        0x3 
 .rodata.m_colors
                0x000000000002aa08       0x24 Output/BLE_Demo Release/Obj/nrf_log_str_formatter.o
 .rodata.nrf_log_hexdump_entry_process.str1.1
                0x000000000002aa2c        0xf Output/BLE_Demo Release/Obj/nrf_log_str_formatter.o
                                         0x11 (size before relaxing)
 .rodata.postfix_process.str1.1
                0x000000000002aa3b        0x8 Output/BLE_Demo Release/Obj/nrf_log_str_formatter.o
                                          0xb (size before relaxing)
 .rodata.prefix_process.str1.1
                0x000000000002aa43       0x2a Output/BLE_Demo Release/Obj/nrf_log_str_formatter.o
 *fill*         0x000000000002aa6d        0x3 
 .rodata.severity_names
                0x000000000002aa70       0x14 Output/BLE_Demo Release/Obj/nrf_log_str_formatter.o
 .rodata.str1.1
                0x000000000002aa84       0x4b Output/BLE_Demo Release/Obj/nrf_log_str_formatter.o
                                         0x51 (size before relaxing)
 *fill*         0x000000000002aacf        0x1 
 .rodata.m_detection_delay_timer_id
                0x000000000002aad0        0x4 Output/BLE_Demo Release/Obj/app_button.o
 .rodata.app_error_fault_handler.str1.1
                0x000000000002aad4       0x19 Output/BLE_Demo Release/Obj/app_error_weak.o
 *fill*         0x000000000002aaed        0x3 
 .rodata.delay_machine_code.8262
                0x000000000002aaf0        0x6 Output/BLE_Demo Release/Obj/app_timer.o
 .rodata._aV2C.7470
                0x000000000002aaf6       0x10 Output/BLE_Demo Release/Obj/nrf_fprintf_format.o
 *fill*         0x000000000002ab06        0x2 
 .rodata.pwr_mgmt_data
                0x000000000002ab08        0xc Output/BLE_Demo Release/Obj/nrf_pwr_mgmt.o
 .rodata.str1.1
                0x000000000002ab14        0x9 Output/BLE_Demo Release/Obj/nrf_pwr_mgmt.o
 .rodata.m_unknown_str
                0x000000000002ab1d       0x13 Output/BLE_Demo Release/Obj/nrf_strerror.o
 .rodata.nrf_strerror_array
                0x000000000002ab30      0x128 Output/BLE_Demo Release/Obj/nrf_strerror.o
 .rodata.str1.1
                0x000000000002ac58      0x3ba Output/BLE_Demo Release/Obj/nrf_strerror.o
 .rodata.m_board_led_list
                0x000000000002b012        0x4 Output/BLE_Demo Release/Obj/boards.o
 .rodata.str1.1
                0x000000000002b016        0x6 Output/BLE_Demo Release/Obj/nrf_drv_clock.o
 .rodata.str1.1
                0x000000000002b01c        0x6 Output/BLE_Demo Release/Obj/nrfx_clock.o
 .rodata.str1.1
                0x000000000002b022        0x7 Output/BLE_Demo Release/Obj/nrfx_gpiote.o
 .rodata.str1.1
                0x000000000002b029        0x4 Output/BLE_Demo Release/Obj/nrfx_prs.o
 .rodata.str1.1
                0x000000000002b02d        0x5 Output/BLE_Demo Release/Obj/nrfx_uart.o
 .rodata.str1.1
                0x000000000002b032        0x6 Output/BLE_Demo Release/Obj/nrfx_uarte.o
 .rodata.ble_evt_handler.str1.1
                0x000000000002b038       0x17 Output/BLE_Demo Release/Obj/main.o
 .rodata.button_event_handler.str1.1
                0x000000000002b04f       0x1a Output/BLE_Demo Release/Obj/main.o
 .rodata.led_write_handler.str1.1
                0x000000000002b069       0x23 Output/BLE_Demo Release/Obj/main.o
 .rodata.main.str1.1
                0x000000000002b08c       0x26 Output/BLE_Demo Release/Obj/main.o
 .rodata.data_length_update.str1.1
                0x000000000002b0b2       0xdf Output/BLE_Demo Release/Obj/nrf_ble_gatt.o
 .rodata.nrf_ble_gatt_on_ble_evt.str1.1
                0x000000000002b191       0x60 Output/BLE_Demo Release/Obj/nrf_ble_gatt.o
 .rodata.str1.1
                0x000000000002b1f1        0xd Output/BLE_Demo Release/Obj/nrf_ble_gatt.o
 .rodata        0x000000000002b1fe       0x10 Output/BLE_Demo Release/Obj/ble_lbs.o
 .rodata        0x000000000002b20e        0x4 Output/BLE_Demo Release/Obj/nrf_sdh.o
 *fill*         0x000000000002b212        0x2 
 .rodata.sdh_req_observers
                0x000000000002b214        0xc Output/BLE_Demo Release/Obj/nrf_sdh.o
 .rodata.sdh_stack_observers
                0x000000000002b220        0xc Output/BLE_Demo Release/Obj/nrf_sdh.o
 .rodata.sdh_state_observers
                0x000000000002b22c        0xc Output/BLE_Demo Release/Obj/nrf_sdh.o
 .rodata.str1.1
                0x000000000002b238        0x8 Output/BLE_Demo Release/Obj/nrf_sdh.o
 .rodata.nrf_sdh_ble_default_cfg_set.str1.1
                0x000000000002b240      0x182 Output/BLE_Demo Release/Obj/nrf_sdh_ble.o
 .rodata.nrf_sdh_ble_enable.str1.1
                0x000000000002b3c2       0xa7 Output/BLE_Demo Release/Obj/nrf_sdh_ble.o
 *fill*         0x000000000002b469        0x3 
 .rodata.sdh_ble_observers
                0x000000000002b46c        0xc Output/BLE_Demo Release/Obj/nrf_sdh_ble.o
 .rodata.str1.1
                0x000000000002b478        0xc Output/BLE_Demo Release/Obj/nrf_sdh_ble.o
 .rodata.sdh_soc_observers
                0x000000000002b484        0xc Output/BLE_Demo Release/Obj/nrf_sdh_soc.o
 .rodata.str1.1
                0x000000000002b490        0xc Output/BLE_Demo Release/Obj/nrf_sdh_soc.o
 .rodata.libc.__RAL_ascii_ctype_map
                0x000000000002b49c       0x80 E:/SeggerIDE/lib/libc_v7em_fpv4_sp_d16_hard_t_le_eabi.a(libc2.o)
                0x000000000002b49c                __RAL_ascii_ctype_map
 .rodata.libc.__RAL_ascii_ctype_mask
                0x000000000002b51c        0xd E:/SeggerIDE/lib/libc_v7em_fpv4_sp_d16_hard_t_le_eabi.a(libc2.o)
 *fill*         0x000000000002b529        0x3 
 .rodata.libc.__RAL_c_locale
                0x000000000002b52c        0xc E:/SeggerIDE/lib/libc_v7em_fpv4_sp_d16_hard_t_le_eabi.a(libc2.o)
                0x000000000002b52c                __RAL_c_locale
 .rodata.libc.__RAL_c_locale_abbrev_day_names
                0x000000000002b538       0x1d E:/SeggerIDE/lib/libc_v7em_fpv4_sp_d16_hard_t_le_eabi.a(libc2.o)
                0x000000000002b538                __RAL_c_locale_abbrev_day_names
 *fill*         0x000000000002b555        0x3 
 .rodata.libc.__RAL_c_locale_abbrev_month_names
                0x000000000002b558       0x31 E:/SeggerIDE/lib/libc_v7em_fpv4_sp_d16_hard_t_le_eabi.a(libc2.o)
                0x000000000002b558                __RAL_c_locale_abbrev_month_names
 *fill*         0x000000000002b589        0x3 
 .rodata.libc.__RAL_c_locale_am_pm_indicator
                0x000000000002b58c        0x7 E:/SeggerIDE/lib/libc_v7em_fpv4_sp_d16_hard_t_le_eabi.a(libc2.o)
                0x000000000002b58c                __RAL_c_locale_am_pm_indicator
 *fill*         0x000000000002b593        0x1 
 .rodata.libc.__RAL_c_locale_data
                0x000000000002b594       0x58 E:/SeggerIDE/lib/libc_v7em_fpv4_sp_d16_hard_t_le_eabi.a(libc2.o)
                0x000000000002b594                __RAL_c_locale_data
 .rodata.libc.__RAL_c_locale_date_format
                0x000000000002b5ec        0x9 E:/SeggerIDE/lib/libc_v7em_fpv4_sp_d16_hard_t_le_eabi.a(libc2.o)
                0x000000000002b5ec                __RAL_c_locale_date_format
 *fill*         0x000000000002b5f5        0x3 
 .rodata.libc.__RAL_c_locale_date_time_format
                0x000000000002b5f8        0xf E:/SeggerIDE/lib/libc_v7em_fpv4_sp_d16_hard_t_le_eabi.a(libc2.o)
                0x000000000002b5f8                __RAL_c_locale_date_time_format
 *fill*         0x000000000002b607        0x1 
 .rodata.libc.__RAL_c_locale_day_names
                0x000000000002b608       0x3a E:/SeggerIDE/lib/libc_v7em_fpv4_sp_d16_hard_t_le_eabi.a(libc2.o)
                0x000000000002b608                __RAL_c_locale_day_names
 *fill*         0x000000000002b642        0x2 
 .rodata.libc.__RAL_c_locale_month_names
                0x000000000002b644       0x57 E:/SeggerIDE/lib/libc_v7em_fpv4_sp_d16_hard_t_le_eabi.a(libc2.o)
                0x000000000002b644                __RAL_c_locale_month_names
 *fill*         0x000000000002b69b        0x1 
 .rodata.libc.__RAL_c_locale_time_format
                0x000000000002b69c        0x9 E:/SeggerIDE/lib/libc_v7em_fpv4_sp_d16_hard_t_le_eabi.a(libc2.o)
                0x000000000002b69c                __RAL_c_locale_time_format
 *fill*         0x000000000002b6a5        0x3 
 .rodata.libc.__RAL_codeset_ascii
                0x000000000002b6a8       0x20 E:/SeggerIDE/lib/libc_v7em_fpv4_sp_d16_hard_t_le_eabi.a(libc2.o)
                0x000000000002b6a8                __RAL_codeset_ascii
 .rodata.libc.__RAL_data_empty_string
                0x000000000002b6c8        0x1 E:/SeggerIDE/lib/libc_v7em_fpv4_sp_d16_hard_t_le_eabi.a(libc2.o)
                0x000000000002b6c8                __RAL_data_empty_string
 *fill*         0x000000000002b6c9        0x3 
 .rodata.libc.__RAL_data_utf8_period
                0x000000000002b6cc        0x2 E:/SeggerIDE/lib/libc_v7em_fpv4_sp_d16_hard_t_le_eabi.a(libc2.o)
                0x000000000002b6cc                __RAL_data_utf8_period
 *fill*         0x000000000002b6ce        0x2 
 .rodata.libc.__RAL_find_locale.str1.4
                0x000000000002b6d0        0xc E:/SeggerIDE/lib/libc_v7em_fpv4_sp_d16_hard_t_le_eabi.a(libc2.o)
                                          0xa (size before relaxing)
                0x000000000002b6dc                __rodata_end__ = (__rodata_start__ + SIZEOF (.rodata))
                0x0000000000000d38                __rodata_size__ = SIZEOF (.rodata)
                0x000000000002b6dc                __rodata_load_end__ = __rodata_end__

.rel.dyn        0x000000000002b6dc        0x0
 .rel.iplt      0x000000000002b6dc        0x0 Output/BLE_Demo Release/Obj/thumb_crt0.o
                0x0000000000000001                . = ASSERT (((__rodata_start__ == __rodata_end__) || ((__rodata_end__ >= __FLASH_segment_start__) && (__rodata_end__ <= __FLASH_segment_end__))), error: .rodata is too large to fit in FLASH memory segment)
                0x000000000002b6dc                __ARM.exidx_load_start__ = ALIGN (__rodata_end__, 0x4)

.ARM.exidx      0x000000000002b6dc        0x0
                0x000000000002b6dc                __ARM.exidx_start__ = .
                0x000000000002b6dc                __exidx_start = __ARM.exidx_start__
 *(.ARM.exidx .ARM.exidx.*)
                0x000000000002b6dc                __ARM.exidx_end__ = (__ARM.exidx_start__ + SIZEOF (.ARM.exidx))
                0x0000000000000000                __ARM.exidx_size__ = SIZEOF (.ARM.exidx)
                0x000000000002b6dc                __exidx_end = __ARM.exidx_end__
                0x000000000002b6dc                __ARM.exidx_load_end__ = __ARM.exidx_end__
                0x0000000000000001                . = ASSERT (((__ARM.exidx_start__ == __ARM.exidx_end__) || ((__ARM.exidx_end__ >= __FLASH_segment_start__) && (__ARM.exidx_end__ <= __FLASH_segment_end__))), error: .ARM.exidx is too large to fit in FLASH memory segment)
                0x000000000002b6dc                __fast_load_start__ = ALIGN (__ARM.exidx_end__, 0x4)

.fast           0x00000000200022b8        0x0 load address 0x000000000002b6dc
                0x00000000200022b8                __fast_start__ = .
 *(.fast .fast.*)
                0x00000000200022b8                __fast_end__ = (__fast_start__ + SIZEOF (.fast))
                0x0000000000000000                __fast_size__ = SIZEOF (.fast)
                0x000000000002b6dc                __fast_load_end__ = (__fast_load_start__ + SIZEOF (.fast))
                0x0000000000000001                . = ASSERT (((__fast_load_start__ == __fast_load_end__) || ((__fast_load_end__ >= __FLASH_segment_start__) && (__fast_load_end__ <= __FLASH_segment_end__))), error: .fast is too large to fit in FLASH memory segment)

.fast_run       0x00000000200022b8        0x0
                0x00000000200022b8                __fast_run_start__ = .
                0x00000000200022b8                . = MAX ((__fast_run_start__ + SIZEOF (.fast)), .)
                0x00000000200022b8                __fast_run_end__ = (__fast_run_start__ + SIZEOF (.fast_run))
                0x0000000000000000                __fast_run_size__ = SIZEOF (.fast_run)
                0x00000000200022b8                __fast_run_load_end__ = __fast_run_end__
                0x0000000000000001                . = ASSERT (((__fast_run_start__ == __fast_run_end__) || ((__fast_run_end__ >= __RAM_segment_start__) && (__fast_run_end__ <= __RAM_segment_end__))), error: .fast_run is too large to fit in RAM memory segment)
                0x000000000002b6dc                __data_load_start__ = ALIGN ((__fast_load_start__ + SIZEOF (.fast)), 0x4)

.data           0x00000000200022b8       0x50 load address 0x000000000002b6dc
                0x00000000200022b8                __data_start__ = .
 *(.data .data.* .gnu.linkonce.d.*)
 .data.m_uart   0x00000000200022b8       0x14 Output/BLE_Demo Release/Obj/nrf_log_backend_uart.o
                0x00000000200022b8                m_uart
 .data.log_backend_cb_uart_log_backend
                0x00000000200022cc        0x8 Output/BLE_Demo Release/Obj/nrf_log_default_backends.o
 .data.SystemCoreClock
                0x00000000200022d4        0x4 Output/BLE_Demo Release/Obj/system_nrf52.o
                0x00000000200022d4                SystemCoreClock
 .data.buttons.10798
                0x00000000200022d8        0x8 Output/BLE_Demo Release/Obj/main.o
 .data.m_adv_data
                0x00000000200022e0       0x10 Output/BLE_Demo Release/Obj/main.o
 .data.m_adv_handle
                0x00000000200022f0        0x1 Output/BLE_Demo Release/Obj/main.o
 *fill*         0x00000000200022f1        0x1 
 .data.m_conn_handle
                0x00000000200022f2        0x2 Output/BLE_Demo Release/Obj/main.o
 .data.libc.__RAL_global_locale
                0x00000000200022f4       0x14 E:/SeggerIDE/lib/libc_v7em_fpv4_sp_d16_hard_t_le_eabi.a(libc2.o)
                0x00000000200022f4                __RAL_global_locale
                0x0000000020002308                __data_end__ = (__data_start__ + SIZEOF (.data))
                0x0000000000000050                __data_size__ = SIZEOF (.data)
                0x000000000002b72c                __data_load_end__ = (__data_load_start__ + SIZEOF (.data))

.igot.plt       0x0000000100000000        0x0
 .igot.plt      0x0000000100000000        0x0 Output/BLE_Demo Release/Obj/thumb_crt0.o
                0x0000000000000001                . = ASSERT (((__data_load_start__ == __data_load_end__) || ((__data_load_end__ >= __FLASH_segment_start__) && (__data_load_end__ <= __FLASH_segment_end__))), error: .data is too large to fit in FLASH memory segment)

.data_run       0x00000000200022b8       0x50 load address 0x000000000002b6dc
                0x00000000200022b8                __data_run_start__ = .
                0x0000000020002308                . = MAX ((__data_run_start__ + SIZEOF (.data)), .)
 *fill*         0x00000000200022b8       0x50 
                0x0000000020002308                __data_run_end__ = (__data_run_start__ + SIZEOF (.data_run))
                0x0000000000000050                __data_run_size__ = SIZEOF (.data_run)
                0x0000000020002308                __data_run_load_end__ = __data_run_end__
                0x0000000000000001                . = ASSERT (((__data_run_start__ == __data_run_end__) || ((__data_run_end__ >= __RAM_segment_start__) && (__data_run_end__ <= __RAM_segment_end__))), error: .data_run is too large to fit in RAM memory segment)
                0x000000000002b72c                __tdata_load_start__ = ALIGN ((__data_load_start__ + SIZEOF (.data)), 0x4)

.tdata          0x0000000020002308        0x0 load address 0x000000000002b72c
                0x0000000020002308                __tdata_start__ = .
 *(.tdata .tdata.*)
                0x0000000020002308                __tdata_end__ = (__tdata_start__ + SIZEOF (.tdata))
                0x0000000000000000                __tdata_size__ = SIZEOF (.tdata)
                0x000000000002b72c                __tdata_load_end__ = (__tdata_load_start__ + SIZEOF (.tdata))
                0x000000000002b72c                __FLASH_segment_used_end__ = (ALIGN ((__data_load_start__ + SIZEOF (.data)), 0x4) + SIZEOF (.tdata))
                0x000000000002b72c                __FLASH_segment_used_size__ = (__FLASH_segment_used_end__ - __FLASH_segment_start__)
                0x0000000000000001                . = ASSERT (((__tdata_load_start__ == __tdata_load_end__) || ((__tdata_load_end__ >= __FLASH_segment_start__) && (__tdata_load_end__ <= __FLASH_segment_end__))), error: .tdata is too large to fit in FLASH memory segment)

.tdata_run      0x0000000020002308        0x0
                0x0000000020002308                __tdata_run_start__ = .
                0x0000000020002308                . = MAX ((__tdata_run_start__ + SIZEOF (.tdata)), .)
                0x0000000020002308                __tdata_run_end__ = (__tdata_run_start__ + SIZEOF (.tdata_run))
                0x0000000000000000                __tdata_run_size__ = SIZEOF (.tdata_run)
                0x0000000020002308                __tdata_run_load_end__ = __tdata_run_end__
                0x0000000000000001                . = ASSERT (((__tdata_run_start__ == __tdata_run_end__) || ((__tdata_run_end__ >= __RAM_segment_start__) && (__tdata_run_end__ <= __RAM_segment_end__))), error: .tdata_run is too large to fit in RAM memory segment)
                0x0000000020002308                __bss_load_start__ = ALIGN (__tdata_run_end__, 0x4)

.bss            0x0000000020002308      0x974
                0x0000000020002308                __bss_start__ = .
 *(.bss .bss.* .gnu.linkonce.b.*)
 .bss.m_async_mode
                0x0000000020002308        0x1 Output/BLE_Demo Release/Obj/nrf_log_backend_uart.o
 .bss.m_string_buff