Archive member included to satisfy reference by file (symbol)

E:/SeggerIDE/lib/libc_v7em_fpv4_sp_d16_hard_t_le_eabi.a(libc2_asm.o)
                              Output/blinky_GPSLogger Release/Obj/nrf_memobj.o (memcpy)
E:/SeggerIDE/lib/libdebugio_v7em_fpv4_sp_d16_hard_t_le_eabi.a(libdebugio.o)
                              Output/blinky_GPSLogger Release/Obj/thumb_crt0.o (debug_fopen)
E:/SeggerIDE/lib/libdebugio_mempoll_v7em_fpv4_sp_d16_hard_t_le_eabi.a(mempoll_debug_operations.o)
                              E:/SeggerIDE/lib/libdebugio_v7em_fpv4_sp_d16_hard_t_le_eabi.a(libdebugio.o) (__do_debug_operation)
E:/SeggerIDE/lib/libdebugio_mempoll_v7em_fpv4_sp_d16_hard_t_le_eabi.a(do_nv_debug_operation.o)
                              E:/SeggerIDE/lib/libdebugio_v7em_fpv4_sp_d16_hard_t_le_eabi.a(libdebugio.o) (__do_nvdebug_operation)
E:/SeggerIDE/lib/libm_v7em_fpv4_sp_d16_hard_t_le_eabi.a(libm_asm.o)
                              E:/SeggerIDE/lib/libvfscanf_v7em_fpv4_sp_d16_hard_t_le_eabi.o (__aeabi_i2d)
E:/SeggerIDE/lib/libm_v7em_fpv4_sp_d16_hard_t_le_eabi.a(libm2.o)
                              E:/SeggerIDE/lib/libvfprintf_v7em_fpv4_sp_d16_hard_t_le_eabi.o (frexp)
E:/SeggerIDE/lib/libm_v7em_fpv4_sp_d16_hard_t_le_eabi.a(libm2_asm.o)
                              E:/SeggerIDE/lib/libm_v7em_fpv4_sp_d16_hard_t_le_eabi.a(libm2.o) (fabs)
E:/SeggerIDE/lib/libc_v7em_fpv4_sp_d16_hard_t_le_eabi.a(libc_asm.o)
                              E:/SeggerIDE/lib/libvfprintf_v7em_fpv4_sp_d16_hard_t_le_eabi.o (__aeabi_uldivmod)
E:/SeggerIDE/lib/libc_v7em_fpv4_sp_d16_hard_t_le_eabi.a(libc2.o)
                              E:/SeggerIDE/lib/libvfscanf_v7em_fpv4_sp_d16_hard_t_le_eabi.o (__getc)
E:/SeggerIDE/lib/libc_v7em_fpv4_sp_d16_hard_t_le_eabi.a(libc.o)
                              E:/SeggerIDE/lib/libc_v7em_fpv4_sp_d16_hard_t_le_eabi.a(libc2.o) (__heap_lock)

Discarded input sections

 .text          0x0000000000000000        0x0 Output/blinky_GPSLogger Release/Obj/thumb_crt0.o
 .data          0x0000000000000000        0x0 Output/blinky_GPSLogger Release/Obj/thumb_crt0.o
 .bss           0x0000000000000000        0x0 Output/blinky_GPSLogger Release/Obj/thumb_crt0.o
 .text.__aeabi_read_tp
                0x0000000000000000        0x8 Output/blinky_GPSLogger Release/Obj/thumb_crt0.o
 .text.abort    0x0000000000000000        0x2 Output/blinky_GPSLogger Release/Obj/thumb_crt0.o
 .text.__assert
                0x0000000000000000        0x2 Output/blinky_GPSLogger Release/Obj/thumb_crt0.o
 .text.__aeabi_assert
                0x0000000000000000        0x2 Output/blinky_GPSLogger Release/Obj/thumb_crt0.o
 .text.__sync_synchronize
                0x0000000000000000        0x2 Output/blinky_GPSLogger Release/Obj/thumb_crt0.o
 .text.__getchar
                0x0000000000000000        0x4 Output/blinky_GPSLogger Release/Obj/thumb_crt0.o
 .text.__putchar
                0x0000000000000000        0x4 Output/blinky_GPSLogger Release/Obj/thumb_crt0.o
 .text.__open   0x0000000000000000        0x4 Output/blinky_GPSLogger Release/Obj/thumb_crt0.o
 .text.__close  0x0000000000000000        0x4 Output/blinky_GPSLogger Release/Obj/thumb_crt0.o
 .text.__write  0x0000000000000000        0xa Output/blinky_GPSLogger Release/Obj/thumb_crt0.o
 .text.__read   0x0000000000000000        0xa Output/blinky_GPSLogger Release/Obj/thumb_crt0.o
 .text.__seek   0x0000000000000000       0x1a Output/blinky_GPSLogger Release/Obj/thumb_crt0.o
 .bss.__user_locale_name_buffer
                0x0000000000000000        0x4 Output/blinky_GPSLogger Release/Obj/thumb_crt0.o
 .stack         0x0000000000000000        0x0 Output/blinky_GPSLogger Release/Obj/thumb_crt0.o
 .stack_process
                0x0000000000000000        0x0 Output/blinky_GPSLogger Release/Obj/thumb_crt0.o
 .heap          0x0000000000000000        0x0 Output/blinky_GPSLogger Release/Obj/thumb_crt0.o
 .group         0x0000000000000000        0xc Output/blinky_GPSLogger Release/Obj/nrf_log_frontend.o
 .group         0x0000000000000000        0xc Output/blinky_GPSLogger Release/Obj/nrf_log_frontend.o
 .group         0x0000000000000000        0xc Output/blinky_GPSLogger Release/Obj/nrf_log_frontend.o
 .group         0x0000000000000000        0xc Output/blinky_GPSLogger Release/Obj/nrf_log_frontend.o
 .group         0x0000000000000000        0xc Output/blinky_GPSLogger Release/Obj/nrf_log_frontend.o
 .group         0x0000000000000000        0xc Output/blinky_GPSLogger Release/Obj/nrf_log_frontend.o
 .group         0x0000000000000000        0xc Output/blinky_GPSLogger Release/Obj/nrf_log_frontend.o
 .group         0x0000000000000000        0xc Output/blinky_GPSLogger Release/Obj/nrf_log_frontend.o
 .group         0x0000000000000000        0xc Output/blinky_GPSLogger Release/Obj/nrf_log_frontend.o
 .group         0x0000000000000000        0xc Output/blinky_GPSLogger Release/Obj/nrf_log_frontend.o
 .group         0x0000000000000000        0xc Output/blinky_GPSLogger Release/Obj/nrf_log_frontend.o
[...]
Memory Configuration

Name             Origin             Length             Attributes
UNPLACED_SECTIONS 0x0000000100000000 0x0000000000000000 xw
RAM              0x0000000020000000 0x0000000000010000 xw
FLASH            0x0000000000000000 0x0000000000080000 xw
*default*        0x0000000000000000 0xffffffffffffffff

Linker script and memory map

                0x0000000000000000                __vfprintf = __vfprintf_long
                0x0000000000000000                __vfscanf = __vfscanf_long
                0x0000000020000000                __RAM_segment_start__ = 0x20000000
                0x0000000020010000                __RAM_segment_end__ = 0x20010000
                0x0000000000010000                __RAM_segment_size__ = 0x10000
                0x0000000000000000                __FLASH_segment_start__ = 0x0
                0x0000000000080000                __FLASH_segment_end__ = 0x80000
                0x0000000000080000                __FLASH_segment_size__ = 0x80000
                0x0000000000002000                __HEAPSIZE__ = 0x2000
                0x0000000000000000                __STACKSIZE_PROCESS__ = 0x0
                0x0000000000002000                __STACKSIZE__ = 0x2000
                0x0000000020000000                __reserved_ram_load_start__ = 0x20000000

.reserved_ram   0x0000000020000000     0x57b8
                0x0000000020000000                __reserved_ram_start__ = .
 *(.reserved_ram .reserved_ram.*)
                0x00000000200057b8                . = MAX (((__reserved_ram_start__ + 0x200057b8) - 0x20000000), .)
 *fill*         0x0000000020000000     0x57b8 
                0x00000000200057b8                __reserved_ram_end__ = (__reserved_ram_start__ + SIZEOF (.reserved_ram))
                0x00000000000057b8                __reserved_ram_size__ = SIZEOF (.reserved_ram)
                0x00000000200057b8                __reserved_ram_load_end__ = __reserved_ram_end__
                0x0000000000000001                . = ASSERT (((__reserved_ram_start__ == __reserved_ram_end__) || ((__reserved_ram_end__ >= __RAM_segment_start__) && (__reserved_ram_end__ <= __RAM_segment_end__))), error: .reserved_ram is too large to fit in RAM memory segment)
                0x00000000200057b8                __vectors_ram_load_start__ = 0x200057b8

.vectors_ram    0x00000000200057b8        0x0
                0x00000000200057b8                __vectors_ram_start__ = .
                0x00000000200057b8                __app_ram_start__ = __vectors_ram_start__
 *(.vectors_ram .vectors_ram.*)
                0x00000000200057b8                __vectors_ram_end__ = (__vectors_ram_start__ + SIZEOF (.vectors_ram))
                0x0000000000000000                __vectors_ram_size__ = SIZEOF (.vectors_ram)
                0x00000000200057b8                __vectors_ram_load_end__ = __vectors_ram_end__
                0x0000000000000001                . = ASSERT (((__vectors_ram_start__ == __vectors_ram_end__) || ((__vectors_ram_end__ >= __RAM_segment_start__) && (__vectors_ram_end__ <= __RAM_segment_end__))), error: .vectors_ram is too large to fit in RAM memory segment)
                0x0000000000000001                . = ASSERT ((__reserved_ram_end__ <= __vectors_ram_start__), error: section .reserved_ram overlaps absolute placed section .vectors_ram)
                0x00000000200057b8                __nrf_sections_run_load_start__ = ALIGN (__vectors_ram_end__, 0x4)

.nrf_sections_run
                0x00000000200057b8        0x0
                0x00000000200057b8                __nrf_sections_run_start__ = .
                0x00000000200057b8                __start_nrf_sections_run = __nrf_sections_run_start__
 *(.nrf_sections_run .nrf_sections_run.*)
                0x00000000200057b8                __nrf_sections_run_end__ = (__nrf_sections_run_start__ + SIZEOF (.nrf_sections_run))
                0x0000000000000000                __nrf_sections_run_size__ = SIZEOF (.nrf_sections_run)
                0x00000000200057b8                __nrf_sections_run_load_end__ = __nrf_sections_run_end__
                0x0000000000000001                . = ASSERT (((__nrf_sections_run_start__ == __nrf_sections_run_end__) || ((__nrf_sections_run_end__ >= __RAM_segment_start__) && (__nrf_sections_run_end__ <= __RAM_segment_end__))), error: .nrf_sections_run is too large to fit in RAM memory segment)
                0x0000000000000000                __reserved_flash_load_start__ = 0x0

.reserved_flash
                0x0000000000000000    0x26000
                0x0000000000000000                __reserved_flash_start__ = .
 *(.reserved_flash .reserved_flash.*)
                0x0000000000026000                . = MAX (((__reserved_flash_start__ + 0x26000) - 0x0), .)
 *fill*         0x0000000000000000    0x26000 
                0x0000000000026000                __reserved_flash_end__ = (__reserved_flash_start__ + SIZEOF (.reserved_flash))
                0x0000000000026000                __reserved_flash_size__ = SIZEOF (.reserved_flash)
                0x0000000000026000                __reserved_flash_load_end__ = __reserved_flash_end__
                0x0000000000000001                . = ASSERT (((__reserved_flash_start__ == __reserved_flash_end__) || ((__reserved_flash_end__ >= __FLASH_segment_start__) && (__reserved_flash_end__ <= __FLASH_segment_end__))), error: .reserved_flash is too large to fit in FLASH memory segment)
                0x0000000000026000                __vectors_load_start__ = 0x26000

.vectors        0x0000000000026000      0x200
                0x0000000000026000                __vectors_start__ = .
 *(.vectors .vectors.*)
 .vectors       0x0000000000026000      0x200 Output/blinky_GPSLogger Release/Obj/ses_startup_nrf52.o
                0x0000000000026000                _vectors
                0x0000000000026200                __vectors_end__ = (__vectors_start__ + SIZEOF (.vectors))
                0x0000000000000200                __vectors_size__ = SIZEOF (.vectors)
                0x0000000000026200                __vectors_load_end__ = __vectors_end__
                0x0000000000000001                . = ASSERT (((__vectors_start__ == __vectors_end__) || ((__vectors_end__ >= __FLASH_segment_start__) && (__vectors_end__ <= __FLASH_segment_end__))), error: .vectors is too large to fit in FLASH memory segment)
                0x0000000000000001                . = ASSERT ((__reserved_flash_end__ <= __vectors_start__), error: section .reserved_flash overlaps absolute placed section .vectors)
                0x0000000000026200                __init_load_start__ = ALIGN (__vectors_end__, 0x4)

.init           0x0000000000026200      0x1d8
                0x0000000000026200                __init_start__ = .
 *(.init .init.*)
 .init          0x0000000000026200      0x160 Output/blinky_GPSLogger Release/Obj/thumb_crt0.o
                0x0000000000026200                _start
                0x00000000000262b6                exit
 .init          0x0000000000026360       0x18 Output/blinky_GPSLogger Release/Obj/ses_startup_nrf52.o
                0x0000000000026360                NMI_Handler
                0x0000000000026362                HardFault_Handler
                0x0000000000026364                MemoryManagement_Handler
                0x0000000000026366                BusFault_Handler
                0x0000000000026368                UsageFault_Handler
                0x000000000002636a                SVC_Handler
                0x000000000002636c                DebugMon_Handler
                0x000000000002636e                PendSV_Handler
                0x0000000000026370                SysTick_Handler
                0x0000000000026372                PWM1_IRQHandler
                0x0000000000026372                SWI0_EGU0_IRQHandler
                0x0000000000026372                POWER_CLOCK_IRQHandler
                0x0000000000026372                RADIO_IRQHandler
                0x0000000000026372                GPIOTE_IRQHandler
                0x0000000000026372                TEMP_IRQHandler
                0x0000000000026372                QDEC_IRQHandler
                0x0000000000026372                TIMER3_IRQHandler
                0x0000000000026372                RTC0_IRQHandler
                0x0000000000026372                SPIM0_SPIS0_TWIM0_TWIS0_SPI0_TWI0_IRQHandler
                0x0000000000026372                PDM_IRQHandler
                0x0000000000026372                UARTE0_UART0_IRQHandler
                0x0000000000026372                TIMER4_IRQHandler
                0x0000000000026372                I2S_IRQHandler
                0x0000000000026372                SWI4_EGU4_IRQHandler
                0x0000000000026372                TIMER0_IRQHandler
                0x0000000000026372                Dummy_Handler
                0x0000000000026372                TIMER1_IRQHandler
                0x0000000000026372                PWM2_IRQHandler
                0x0000000000026372                ECB_IRQHandler
                0x0000000000026372                SPIM1_SPIS1_TWIM1_TWIS1_SPI1_TWI1_IRQHandler
                0x0000000000026372                SAADC_IRQHandler
                0x0000000000026372                CCM_AAR_IRQHandler
                0x0000000000026372                WDT_IRQHandler
                0x0000000000026372                FPU_IRQHandler
                0x0000000000026372                SWI5_EGU5_IRQHandler
                0x0000000000026372                RNG_IRQHandler
                0x0000000000026372                RTC2_IRQHandler
                0x0000000000026372                PWM0_IRQHandler
                0x0000000000026372                SWI3_EGU3_IRQHandler
                0x0000000000026372                RTC1_IRQHandler
                0x0000000000026372                SWI1_EGU1_IRQHandler
                0x0000000000026372                SPIM2_SPIS2_SPI2_IRQHandler
                0x0000000000026372                NFCT_IRQHandler
                0x0000000000026372                TIMER2_IRQHandler
                0x0000000000026372                MWU_IRQHandler
                0x0000000000026372                COMP_LPCOMP_IRQHandler
                0x0000000000026374                nRFInitialize
 .init          0x0000000000026378       0x60 Output/blinky_GPSLogger Release/Obj/ses_startup_nrf_common.o
                0x0000000000026378                Reset_Handler
                0x00000000000263a0                InitializeUserMemorySections
                0x00000000000263d8                __init_end__ = (__init_start__ + SIZEOF (.init))
                0x00000000000001d8                __init_size__ = SIZEOF (.init)
                0x00000000000263d8                __init_load_end__ = __init_end__
                0x0000000000000001                . = ASSERT (((__init_start__ == __init_end__) || ((__init_end__ >= __FLASH_segment_start__) && (__init_end__ <= __FLASH_segment_end__))), error: .init is too large to fit in FLASH memory segment)
                0x00000000000263d8                __init_rodata_load_start__ = ALIGN (__init_end__, 0x4)

.init_rodata    0x00000000000263d8        0x0
                0x00000000000263d8                __init_rodata_start__ = .
 *(.init_rodata .init_rodata.*)
                0x00000000000263d8                __init_rodata_end__ = (__init_rodata_start__ + SIZEOF (.init_rodata))
                0x0000000000000000                __init_rodata_size__ = SIZEOF (.init_rodata)
                0x00000000000263d8                __init_rodata_load_end__ = __init_rodata_end__
                0x0000000000000001                . = ASSERT (((__init_rodata_start__ == __init_rodata_end__) || ((__init_rodata_end__ >= __FLASH_segment_start__) && (__init_rodata_end__ <= __FLASH_segment_end__))), error: .init_rodata is too large to fit in FLASH memory segment)
                0x00000000000263d8                __text_load_start__ = ALIGN (__init_rodata_end__, 0x4)

.text           0x00000000000263d8      0x480
                0x00000000000263d8                __text_start__ = .
 *(.text .text.* .glue_7t .glue_7 .gnu.linkonce.t.* .gcc_except_table .ARM.extab* .gnu.linkonce.armextab.*)
 .glue_7        0x00000000000263d8        0x0 linker stubs
 .glue_7t       0x00000000000263d8        0x0 linker stubs
 .text.bsp_board_led_off
                0x00000000000263d8       0x18 Output/blinky_GPSLogger Release/Obj/boards.o
                0x00000000000263d8                bsp_board_led_off
 .text.bsp_board_leds_off
                0x00000000000263f0       0x1e Output/blinky_GPSLogger Release/Obj/boards.o
                0x00000000000263f0                bsp_board_leds_off
 *fill*         0x000000000002640e        0x2 
 .text.bsp_board_led_invert
                0x0000000000026410       0x24 Output/blinky_GPSLogger Release/Obj/boards.o
                0x0000000000026410                bsp_board_led_invert
 .text.bsp_board_init
                0x0000000000026434       0x3e Output/blinky_GPSLogger Release/Obj/boards.o
                0x0000000000026434                bsp_board_init
 .text.app_error_handler_bare
                0x0000000000026472       0x1a Output/blinky_GPSLogger Release/Obj/app_error.o
                0x0000000000026472                app_error_handler_bare
 .text.app_error_fault_handler
                0x000000000002648c       0x34 Output/blinky_GPSLogger Release/Obj/app_error_weak.o
                0x000000000002648c                app_error_fault_handler
 .text.nrf_section_iter_init
                0x00000000000264c0       0x14 Output/blinky_GPSLogger Release/Obj/nrf_section_iter.o
                0x00000000000264c0                nrf_section_iter_init
 .text.nrf_section_iter_next
                0x00000000000264d4       0x18 Output/blinky_GPSLogger Release/Obj/nrf_section_iter.o
                0x00000000000264d4                nrf_section_iter_next
 .text.startup.main
                0x00000000000264ec       0x30 Output/blinky_GPSLogger Release/Obj/main.o
                0x00000000000264ec                main
 .text.errata_12
                0x000000000002651c       0x40 Output/blinky_GPSLogger Release/Obj/system_nrf52.o
 .text.errata_16
                0x000000000002655c       0x34 Output/blinky_GPSLogger Release/Obj/system_nrf52.o
 .text.SystemInit
                0x0000000000026590      0x25c Output/blinky_GPSLogger Release/Obj/system_nrf52.o
                0x0000000000026590                SystemInit
 .text.nrf_sdh_evts_poll
                0x00000000000267ec       0x28 Output/blinky_GPSLogger Release/Obj/nrf_sdh.o
                0x00000000000267ec                nrf_sdh_evts_poll
 .text.SWI2_EGU2_IRQHandler
                0x0000000000026814        0x4 Output/blinky_GPSLogger Release/Obj/nrf_sdh.o
                0x0000000000026814                SWI2_EGU2_IRQHandler
 .text.sd_evt_get
                0x0000000000026818        0x4 Output/blinky_GPSLogger Release/Obj/nrf_sdh_soc.o
 .text.nrf_sdh_soc_evts_poll
                0x000000000002681c       0x3c Output/blinky_GPSLogger Release/Obj/nrf_sdh_soc.o
                0x0000000000026858                __text_end__ = (__text_start__ + SIZEOF (.text))
                0x0000000000000480                __text_size__ = SIZEOF (.text)
                0x0000000000026858                __text_load_end__ = __text_end__

.vfp11_veneer   0x0000000100000000        0x0
 .vfp11_veneer  0x0000000100000000        0x0 linker stubs

.v4_bx          0x0000000100000000        0x0
 .v4_bx         0x0000000100000000        0x0 linker stubs

.iplt           0x0000000100000000        0x0
 .iplt          0x0000000100000000        0x0 Output/blinky_GPSLogger Release/Obj/thumb_crt0.o
                0x0000000000000001                . = ASSERT (((__text_start__ == __text_end__) || ((__text_end__ >= __FLASH_segment_start__) && (__text_end__ <= __FLASH_segment_end__))), error: .text is too large to fit in FLASH memory segment)
                0x0000000000026858                __sdh_soc_observers_load_start__ = ALIGN (__text_end__, 0x4)

.sdh_soc_observers
                0x0000000000026858        0x0
                0x0000000000026858                __sdh_soc_observers_start__ = .
                0x0000000000026858                __start_sdh_soc_observers = __sdh_soc_observers_start__
 *(SORT_BY_NAME(.sdh_soc_observers*))
                0x0000000000026858                __sdh_soc_observers_end__ = (__sdh_soc_observers_start__ + SIZEOF (.sdh_soc_observers))
                0x0000000000000000                __sdh_soc_observers_size__ = SIZEOF (.sdh_soc_observers)
                0x0000000000026858                __stop_sdh_soc_observers = __sdh_soc_observers_end__
                0x0000000000026858                __sdh_soc_observers_load_end__ = __sdh_soc_observers_end__
                0x0000000000000001                . = ASSERT (((__sdh_soc_observers_start__ == __sdh_soc_observers_end__) || ((__sdh_soc_observers_end__ >= __FLASH_segment_start__) && (__sdh_soc_observers_end__ <= __FLASH_segment_end__))), error: .sdh_soc_observers is too large to fit in FLASH memory segment)
                0x0000000000026858                __sdh_req_observers_load_start__ = ALIGN (__sdh_soc_observers_end__, 0x4)

.sdh_req_observers
                0x0000000000026858        0x0
                0x0000000000026858                __sdh_req_observers_start__ = .
                0x0000000000026858                __start_sdh_req_observers = __sdh_req_observers_start__
 *(SORT_BY_NAME(.sdh_req_observers*))
                0x0000000000026858                __sdh_req_observers_end__ = (__sdh_req_observers_start__ + SIZEOF (.sdh_req_observers))
                0x0000000000000000                __sdh_req_observers_size__ = SIZEOF (.sdh_req_observers)
                0x0000000000026858                __stop_sdh_req_observers = __sdh_req_observers_end__
                0x0000000000026858                __sdh_req_observers_load_end__ = __sdh_req_observers_end__
                0x0000000000000001                . = ASSERT (((__sdh_req_observers_start__ == __sdh_req_observers_end__) || ((__sdh_req_observers_end__ >= __FLASH_segment_start__) && (__sdh_req_observers_end__ <= __FLASH_segment_end__))), error: .sdh_req_observers is too large to fit in FLASH memory segment)
                0x0000000000026858                __sdh_state_observers_load_start__ = ALIGN (__sdh_req_observers_end__, 0x4)

.sdh_state_observers
                0x0000000000026858        0x0
                0x0000000000026858                __sdh_state_observers_start__ = .
                0x0000000000026858                __start_sdh_state_observers = __sdh_state_observers_start__
 *(SORT_BY_NAME(.sdh_state_observers*))
                0x0000000000026858                __sdh_state_observers_end__ = (__sdh_state_observers_start__ + SIZEOF (.sdh_state_observers))
                0x0000000000000000                __sdh_state_observers_size__ = SIZEOF (.sdh_state_observers)
                0x0000000000026858                __stop_sdh_state_observers = __sdh_state_observers_end__
                0x0000000000026858                __sdh_state_observers_load_end__ = __sdh_state_observers_end__
                0x0000000000000001                . = ASSERT (((__sdh_state_observers_start__ == __sdh_state_observers_end__) || ((__sdh_state_observers_end__ >= __FLASH_segment_start__) && (__sdh_state_observers_end__ <= __FLASH_segment_end__))), error: .sdh_state_observers is too large to fit in FLASH memory segment)
                0x0000000000026858                __sdh_stack_observers_load_start__ = ALIGN (__sdh_state_observers_end__, 0x4)

.sdh_stack_observers
                0x0000000000026858        0x8
                0x0000000000026858                __sdh_stack_observers_start__ = .
                0x0000000000026858                __start_sdh_stack_observers = __sdh_stack_observers_start__
 *(SORT_BY_NAME(.sdh_stack_observers*))
 .sdh_stack_observers0
                0x0000000000026858        0x8 Output/blinky_GPSLogger Release/Obj/nrf_sdh_soc.o
                0x0000000000026860                __sdh_stack_observers_end__ = (__sdh_stack_observers_start__ + SIZEOF (.sdh_stack_observers))
                0x0000000000000008                __sdh_stack_observers_size__ = SIZEOF (.sdh_stack_observers)
                0x0000000000026860                __stop_sdh_stack_observers = __sdh_stack_observers_end__
                0x0000000000026860                __sdh_stack_observers_load_end__ = __sdh_stack_observers_end__
                0x0000000000000001                . = ASSERT (((__sdh_stack_observers_start__ == __sdh_stack_observers_end__) || ((__sdh_stack_observers_end__ >= __FLASH_segment_start__) && (__sdh_stack_observers_end__ <= __FLASH_segment_end__))), error: .sdh_stack_observers is too large to fit in FLASH memory segment)
                0x0000000000026860                __log_const_data_load_start__ = ALIGN (__sdh_stack_observers_end__, 0x4)

.log_const_data
                0x0000000000026860        0x0
                0x0000000000026860                __log_const_data_start__ = .
                0x0000000000026860                __start_log_const_data = __log_const_data_start__
 *(SORT_BY_NAME(.log_const_data*))
                0x0000000000026860                __log_const_data_end__ = (__log_const_data_start__ + SIZEOF (.log_const_data))
                0x0000000000000000                __log_const_data_size__ = SIZEOF (.log_const_data)
                0x0000000000026860                __stop_log_const_data = __log_const_data_end__
                0x0000000000026860                __log_const_data_load_end__ = __log_const_data_end__
                0x0000000000000001                . = ASSERT (((__log_const_data_start__ == __log_const_data_end__) || ((__log_const_data_end__ >= __FLASH_segment_start__) && (__log_const_data_end__ <= __FLASH_segment_end__))), error: .log_const_data is too large to fit in FLASH memory segment)
                0x0000000000026860                __log_backends_load_start__ = ALIGN (__log_const_data_end__, 0x4)

.log_backends   0x0000000000026860        0x0
                0x0000000000026860                __log_backends_start__ = .
                0x0000000000026860                __start_log_backends = __log_backends_start__
 *(SORT_BY_NAME(.log_backends*))
                0x0000000000026860                __log_backends_end__ = (__log_backends_start__ + SIZEOF (.log_backends))
                0x0000000000000000                __log_backends_size__ = SIZEOF (.log_backends)
                0x0000000000026860                __stop_log_backends = __log_backends_end__
                0x0000000000026860                __log_backends_load_end__ = __log_backends_end__
                0x0000000000000001                . = ASSERT (((__log_backends_start__ == __log_backends_end__) || ((__log_backends_end__ >= __FLASH_segment_start__) && (__log_backends_end__ <= __FLASH_segment_end__))), error: .log_backends is too large to fit in FLASH memory segment)
                0x0000000000026860                __nrf_balloc_load_start__ = ALIGN (__log_backends_end__, 0x4)

.nrf_balloc     0x0000000000026860        0x0
                0x0000000000026860                __nrf_balloc_start__ = .
                0x0000000000026860                __start_nrf_balloc = __nrf_balloc_start__
 *(.nrf_balloc*)
                0x0000000000026860                __nrf_balloc_end__ = (__nrf_balloc_start__ + SIZEOF (.nrf_balloc))
                0x0000000000000000                __nrf_balloc_size__ = SIZEOF (.nrf_balloc)
                0x0000000000026860                __stop_nrf_balloc = __nrf_balloc_end__
                0x0000000000026860                __nrf_balloc_load_end__ = __nrf_balloc_end__
                0x0000000000000001                . = ASSERT (((__nrf_balloc_start__ == __nrf_balloc_end__) || ((__nrf_balloc_end__ >= __FLASH_segment_start__) && (__nrf_balloc_end__ <= __FLASH_segment_end__))), error: .nrf_balloc is too large to fit in FLASH memory segment)
                0x0000000000026860                __nrf_sections_load_start__ = ALIGN (__nrf_balloc_end__, 0x4)

.nrf_sections   0x0000000000026860        0x0
                0x0000000000026860                __nrf_sections_start__ = .
                0x0000000000026860                __start_nrf_sections = __nrf_sections_start__
 *(.nrf_sections .nrf_sections.*)
                0x0000000000026860                __nrf_sections_end__ = (__nrf_sections_start__ + SIZEOF (.nrf_sections))
                0x0000000000000000                __nrf_sections_size__ = SIZEOF (.nrf_sections)
                0x0000000000026860                __nrf_sections_load_end__ = __nrf_sections_end__
                0x0000000000000001                . = ASSERT (((__nrf_sections_start__ == __nrf_sections_end__) || ((__nrf_sections_end__ >= __FLASH_segment_start__) && (__nrf_sections_end__ <= __FLASH_segment_end__))), error: .nrf_sections is too large to fit in FLASH memory segment)
                0x0000000000026860                __log_dynamic_data_load_start__ = ALIGN (__nrf_sections_end__, 0x4)

.log_dynamic_data
                0x00000000200057b8        0x0 load address 0x0000000000026860
                0x00000000200057b8                __log_dynamic_data_start__ = .
 *(SORT_BY_NAME(.log_dynamic_data*))
                0x00000000200057b8                __log_dynamic_data_end__ = (__log_dynamic_data_start__ + SIZEOF (.log_dynamic_data))
                0x0000000000000000                __log_dynamic_data_size__ = SIZEOF (.log_dynamic_data)
                0x0000000000026860                __log_dynamic_data_load_end__ = (__log_dynamic_data_load_start__ + SIZEOF (.log_dynamic_data))
                0x0000000000000001                . = ASSERT (((__log_dynamic_data_load_start__ == __log_dynamic_data_load_end__) || ((__log_dynamic_data_load_end__ >= __FLASH_segment_start__) && (__log_dynamic_data_load_end__ <= __FLASH_segment_end__))), error: .log_dynamic_data is too large to fit in FLASH memory segment)

.log_dynamic_data_run
                0x00000000200057b8        0x0
                0x00000000200057b8                __log_dynamic_data_run_start__ = .
                0x00000000200057b8                __start_log_dynamic_data = __log_dynamic_data_run_start__
                0x00000000200057b8                . = MAX ((__log_dynamic_data_run_start__ + SIZEOF (.log_dynamic_data)), .)
                0x00000000200057b8                __log_dynamic_data_run_end__ = (__log_dynamic_data_run_start__ + SIZEOF (.log_dynamic_data_run))
                0x0000000000000000                __log_dynamic_data_run_size__ = SIZEOF (.log_dynamic_data_run)
                0x00000000200057b8                __stop_log_dynamic_data = __log_dynamic_data_run_end__
                0x00000000200057b8                __log_dynamic_data_run_load_end__ = __log_dynamic_data_run_end__
                0x0000000000000001                . = ASSERT (((__log_dynamic_data_run_start__ == __log_dynamic_data_run_end__) || ((__log_dynamic_data_run_end__ >= __RAM_segment_start__) && (__log_dynamic_data_run_end__ <= __RAM_segment_end__))), error: .log_dynamic_data_run is too large to fit in RAM memory segment)
                0x0000000000026860                __log_filter_data_load_start__ = ALIGN ((__log_dynamic_data_load_start__ + SIZEOF (.log_dynamic_data)), 0x4)

.log_filter_data
                0x00000000200057b8        0x0 load address 0x0000000000026860
                0x00000000200057b8                __log_filter_data_start__ = .
 *(SORT_BY_NAME(.log_filter_data*))
                0x00000000200057b8                __log_filter_data_end__ = (__log_filter_data_start__ + SIZEOF (.log_filter_data))
                0x0000000000000000                __log_filter_data_size__ = SIZEOF (.log_filter_data)
                0x0000000000026860                __log_filter_data_load_end__ = (__log_filter_data_load_start__ + SIZEOF (.log_filter_data))
                0x0000000000000001                . = ASSERT (((__log_filter_data_load_start__ == __log_filter_data_load_end__) || ((__log_filter_data_load_end__ >= __FLASH_segment_start__) && (__log_filter_data_load_end__ <= __FLASH_segment_end__))), error: .log_filter_data is too large to fit in FLASH memory segment)

.log_filter_data_run
                0x00000000200057b8        0x0
                0x00000000200057b8                __log_filter_data_run_start__ = .
                0x00000000200057b8                __start_log_filter_data = __log_filter_data_run_start__
                0x00000000200057b8                . = MAX ((__log_filter_data_run_start__ + SIZEOF (.log_filter_data)), .)
                0x00000000200057b8                __log_filter_data_run_end__ = (__log_filter_data_run_start__ + SIZEOF (.log_filter_data_run))
                0x0000000000000000                __log_filter_data_run_size__ = SIZEOF (.log_filter_data_run)
                0x00000000200057b8                __stop_log_filter_data = __log_filter_data_run_end__
                0x00000000200057b8                __log_filter_data_run_load_end__ = __log_filter_data_run_end__
                0x0000000000000001                . = ASSERT (((__log_filter_data_run_start__ == __log_filter_data_run_end__) || ((__log_filter_data_run_end__ >= __RAM_segment_start__) && (__log_filter_data_run_end__ <= __RAM_segment_end__))), error: .log_filter_data_run is too large to fit in RAM memory segment)
                0x00000000200057b8                __nrf_sections_run_end_load_start__ = ALIGN (__log_filter_data_run_end__, 0x4)

.nrf_sections_run_end
                0x00000000200057b8        0x0
                0x00000000200057b8                __nrf_sections_run_end_start__ = .
                0x00000000200057b8                __end_nrf_sections_run = __nrf_sections_run_end_start__
 *(.nrf_sections_run_end .nrf_sections_run_end.*)
                0x00000000200057b8                __nrf_sections_run_end_end__ = (__nrf_sections_run_end_start__ + SIZEOF (.nrf_sections_run_end))
                0x0000000000000000                __nrf_sections_run_end_size__ = SIZEOF (.nrf_sections_run_end)
                0x00000000200057b8                __nrf_sections_run_end_load_end__ = __nrf_sections_run_end_end__
                0x0000000000000001                . = ASSERT (((__nrf_sections_run_end_start__ == __nrf_sections_run_end_end__) || ((__nrf_sections_run_end_end__ >= __RAM_segment_start__) && (__nrf_sections_run_end_end__ <= __RAM_segment_end__))), error: .nrf_sections_run_end is too large to fit in RAM memory segment)
                0x0000000000026860                __dtors_load_start__ = ALIGN ((__log_filter_data_load_start__ + SIZEOF (.log_filter_data)), 0x4)

.dtors          0x0000000000026860        0x0
                0x0000000000026860                __dtors_start__ = .
 *(SORT_BY_NAME(.dtors.*))
 *(.dtors)
 *(.fini_array)
 *(SORT_BY_NAME(.fini_array.*))
                0x0000000000026860                __dtors_end__ = (__dtors_start__ + SIZEOF (.dtors))
                0x0000000000000000                __dtors_size__ = SIZEOF (.dtors)
                0x0000000000026860                __dtors_load_end__ = __dtors_end__
                0x0000000000000001                . = ASSERT (((__dtors_start__ == __dtors_end__) || ((__dtors_end__ >= __FLASH_segment_start__) && (__dtors_end__ <= __FLASH_segment_end__))), error: .dtors is too large to fit in FLASH memory segment)
                0x0000000000026860                __ctors_load_start__ = ALIGN (__dtors_end__, 0x4)

.ctors          0x0000000000026860        0x0
                0x0000000000026860                __ctors_start__ = .
 *(SORT_BY_NAME(.ctors.*))
 *(.ctors)
 *(.init_array)
 *(SORT_BY_NAME(.init_array.*))
                0x0000000000026860                __ctors_end__ = (__ctors_start__ + SIZEOF (.ctors))
                0x0000000000000000                __ctors_size__ = SIZEOF (.ctors)
                0x0000000000026860                __ctors_load_end__ = __ctors_end__
                0x0000000000000001                . = ASSERT (((__ctors_start__ == __ctors_end__) || ((__ctors_end__ >= __FLASH_segment_start__) && (__ctors_end__ <= __FLASH_segment_end__))), error: .ctors is too large to fit in FLASH memory segment)
                0x0000000000026860                __rodata_load_start__ = ALIGN (__ctors_end__, 0x4)

.rodata         0x0000000000026860       0x30
                0x0000000000026860                __rodata_start__ = .
 *(.rodata .rodata.* .gnu.linkonce.r.*)
 .rodata.m_board_led_list
                0x0000000000026860        0x4 Output/blinky_GPSLogger Release/Obj/boards.o
 *fill*         0x0000000000026864        0xc 
 .rodata.delay_machine_code.7930
                0x0000000000026870        0x6 Output/blinky_GPSLogger Release/Obj/main.o
 *fill*         0x0000000000026876        0x2 
 .rodata.sdh_stack_observers
                0x0000000000026878        0xc Output/blinky_GPSLogger Release/Obj/nrf_sdh.o
 .rodata.sdh_soc_observers
                0x0000000000026884        0xc Output/blinky_GPSLogger Release/Obj/nrf_sdh_soc.o
                0x0000000000026890                __rodata_end__ = (__rodata_start__ + SIZEOF (.rodata))
                0x0000000000000030                __rodata_size__ = SIZEOF (.rodata)
                0x0000000000026890                __rodata_load_end__ = __rodata_end__

.rel.dyn        0x0000000000026890        0x0
 .rel.iplt      0x0000000000026890        0x0 Output/blinky_GPSLogger Release/Obj/thumb_crt0.o
                0x0000000000000001                . = ASSERT (((__rodata_start__ == __rodata_end__) || ((__rodata_end__ >= __FLASH_segment_start__) && (__rodata_end__ <= __FLASH_segment_end__))), error: .rodata is too large to fit in FLASH memory segment)
                0x0000000000026890                __ARM.exidx_load_start__ = ALIGN (__rodata_end__, 0x4)

.ARM.exidx      0x0000000000026890        0x0
                0x0000000000026890                __ARM.exidx_start__ = .
                0x0000000000026890                __exidx_start = __ARM.exidx_start__
 *(.ARM.exidx .ARM.exidx.*)
                0x0000000000026890                __ARM.exidx_end__ = (__ARM.exidx_start__ + SIZEOF (.ARM.exidx))
                0x0000000000000000                __ARM.exidx_size__ = SIZEOF (.ARM.exidx)
                0x0000000000026890                __exidx_end = __ARM.exidx_end__
                0x0000000000026890                __ARM.exidx_load_end__ = __ARM.exidx_end__
                0x0000000000000001                . = ASSERT (((__ARM.exidx_start__ == __ARM.exidx_end__) || ((__ARM.exidx_end__ >= __FLASH_segment_start__) && (__ARM.exidx_end__ <= __FLASH_segment_end__))), error: .ARM.exidx is too large to fit in FLASH memory segment)
                0x0000000000026890                __fast_load_start__ = ALIGN (__ARM.exidx_end__, 0x4)

.fast           0x00000000200057b8        0x0 load address 0x0000000000026890
                0x00000000200057b8                __fast_start__ = .
 *(.fast .fast.*)
                0x00000000200057b8                __fast_end__ = (__fast_start__ + SIZEOF (.fast))
                0x0000000000000000                __fast_size__ = SIZEOF (.fast)
                0x0000000000026890                __fast_load_end__ = (__fast_load_start__ + SIZEOF (.fast))
                0x0000000000000001                . = ASSERT (((__fast_load_start__ == __fast_load_end__) || ((__fast_load_end__ >= __FLASH_segment_start__) && (__fast_load_end__ <= __FLASH_segment_end__))), error: .fast is too large to fit in FLASH memory segment)

.fast_run       0x00000000200057b8        0x0
                0x00000000200057b8                __fast_run_start__ = .
                0x00000000200057b8                . = MAX ((__fast_run_start__ + SIZEOF (.fast)), .)
                0x00000000200057b8                __fast_run_end__ = (__fast_run_start__ + SIZEOF (.fast_run))
                0x0000000000000000                __fast_run_size__ = SIZEOF (.fast_run)
                0x00000000200057b8                __fast_run_load_end__ = __fast_run_end__
                0x0000000000000001                . = ASSERT (((__fast_run_start__ == __fast_run_end__) || ((__fast_run_end__ >= __RAM_segment_start__) && (__fast_run_end__ <= __RAM_segment_end__))), error: .fast_run is too large to fit in RAM memory segment)
                0x0000000000026890                __data_load_start__ = ALIGN ((__fast_load_start__ + SIZEOF (.fast)), 0x4)

.data           0x00000000200057b8        0x4 load address 0x0000000000026890
                0x00000000200057b8                __data_start__ = .
 *(.data .data.* .gnu.linkonce.d.*)
 .data.SystemCoreClock
                0x00000000200057b8        0x4 Output/blinky_GPSLogger Release/Obj/system_nrf52.o
                0x00000000200057b8                SystemCoreClock
                0x00000000200057bc                __data_end__ = (__data_start__ + SIZEOF (.data))
                0x0000000000000004                __data_size__ = SIZEOF (.data)
                0x0000000000026894                __data_load_end__ = (__data_load_start__ + SIZEOF (.data))

.igot.plt       0x0000000100000000        0x0
 .igot.plt      0x0000000100000000        0x0 Output/blinky_GPSLogger Release/Obj/thumb_crt0.o
                0x0000000000000001                . = ASSERT (((__data_load_start__ == __data_load_end__) || ((__data_load_end__ >= __FLASH_segment_start__) && (__data_load_end__ <= __FLASH_segment_end__))), error: .data is too large to fit in FLASH memory segment)

.data_run       0x00000000200057b8        0x4 load address 0x0000000000026890
                0x00000000200057b8                __data_run_start__ = .
                0x00000000200057bc                . = MAX ((__data_run_start__ + SIZEOF (.data)), .)
 *fill*         0x00000000200057b8        0x4 
                0x00000000200057bc                __data_run_end__ = (__data_run_start__ + SIZEOF (.data_run))
                0x0000000000000004                __data_run_size__ = SIZEOF (.data_run)
                0x00000000200057bc                __data_run_load_end__ = __data_run_end__
                0x0000000000000001                . = ASSERT (((__data_run_start__ == __data_run_end__) || ((__data_run_end__ >= __RAM_segment_start__) && (__data_run_end__ <= __RAM_segment_end__))), error: .data_run is too large to fit in RAM memory segment)
                0x0000000000026894                __tdata_load_start__ = ALIGN ((__data_load_start__ + SIZEOF (.data)), 0x4)

.tdata          0x00000000200057bc        0x0 load address 0x0000000000026894
                0x00000000200057bc                __tdata_start__ = .
 *(.tdata .tdata.*)
                0x00000000200057bc                __tdata_end__ = (__tdata_start__ + SIZEOF (.tdata))
                0x0000000000000000                __tdata_size__ = SIZEOF (.tdata)
                0x0000000000026894                __tdata_load_end__ = (__tdata_load_start__ + SIZEOF (.tdata))
                0x0000000000026894                __FLASH_segment_used_end__ = (ALIGN ((__data_load_start__ + SIZEOF (.data)), 0x4) + SIZEOF (.tdata))
                0x0000000000026894                __FLASH_segment_used_size__ = (__FLASH_segment_used_end__ - __FLASH_segment_start__)
                0x0000000000000001                . = ASSERT (((__tdata_load_start__ == __tdata_load_end__) || ((__tdata_load_end__ >= __FLASH_segment_start__) && (__tdata_load_end__ <= __FLASH_segment_end__))), error: .tdata is too large to fit in FLASH memory segment)

.tdata_run      0x00000000200057bc        0x0
                0x00000000200057bc                __tdata_run_start__ = .
                0x00000000200057bc                . = MAX ((__tdata_run_start__ + SIZEOF (.tdata)), .)
                0x00000000200057bc                __tdata_run_end__ = (__tdata_run_start__ + SIZEOF (.tdata_run))
                0x0000000000000000                __tdata_run_size__ = SIZEOF (.tdata_run)
                0x00000000200057bc                __tdata_run_load_end__ = __tdata_run_end__
                0x0000000000000001                . = ASSERT (((__tdata_run_start__ == __tdata_run_end__) || ((__tdata_run_end__ >= __RAM_segment_start__) && (__tdata_run_end__ <= __RAM_segment_end__))), error: .tdata_run is too large to fit in RAM memory segment)
                0x00000000200057bc                __bss_load_start__ = ALIGN (__tdata_run_end__, 0x4)

.bss            0x00000000200057bc        0x0
                0x00000000200057bc                __bss_start__ = .
 *(.bss .bss.* .gnu.linkonce.b.*)
 *(COMMON)
                0x00000000200057bc                __bss_end__ = (__bss_start__ + SIZEOF (.bss))
                0x0000000000000000                __bss_size__ = SIZEOF (.bss)
                0x00000000200057bc                __bss_load_end__ = __bss_end__
                0x0000000000000001                . = ASSERT (((__bss_start__ == __bss_end__) || ((__bss_end__ >= __RAM_segment_start__) && (__bss_end__ <= __RAM_segment_end__))), error: .bss is too large to fit in RAM memory segment)
                0x00000000200057bc                __tbss_load_start__ = ALIGN (__bss_end__, 0x4)

.tbss           0x00000000200057bc        0x0
                0x00000000200057bc                __tbss_start__ = .
 *(.tbss .tbss.*)
                0x00000000200057bc                __tbss_end__ = (__tbss_start__ + SIZEOF (.tbss))
                0x0000000000000000                __tbss_size__ = SIZEOF (.tbss)
                0x00000000200057bc                __tbss_load_end__ = __tbss_end__
                0x0000000000000001                . = ASSERT (((__tbss_start__ == __tbss_end__) || ((__tbss_end__ >= __RAM_segment_start__) && (__tbss_end__ <= __RAM_segment_end__))), error: .tbss is too large to fit in RAM memory segment)
                0x00000000200057bc                __non_init_load_start__ = ALIGN (__tbss_end__, 0x4)

.non_init       0x00000000200057bc        0x0
                0x00000000200057bc                __non_init_start__ = .
 *(.non_init .non_init.*)
                0x00000000200057bc                __non_init_end__ = (__non_init_start__ + SIZEOF (.non_init))
                0x0000000000000000                __non_init_size__ = SIZEOF (.non_init)
                0x00000000200057bc                __non_init_load_end__ = __non_init_end__
                0x0000000000000001                . = ASSERT (((__non_init_start__ == __non_init_end__) || ((__non_init_end__ >= __RAM_segment_start__) && (__non_init_end__ <= __RAM_segment_end__))), error: .non_init is too large to fit in RAM memory segment)
                0x00000000200057bc                __heap_load_start__ = ALIGN (__non_init_end__, 0x4)

.heap           0x00000000200057bc     0x2000
                0x00000000200057bc                __heap_start__ = .
 *(.heap .heap.*)
                0x00000000200077bc                . = ALIGN (MAX ((__heap_start__ + __HEAPSIZE__), .), 0x4)
 *fill*         0x00000000200057bc     0x2000 
                0x00000000200077bc                __heap_end__ = (__heap_start__ + SIZEOF (.heap))
                0x0000000000002000                __heap_size__ = SIZEOF (.heap)
                0x00000000200077bc                __heap_load_end__ = __heap_end__
                0x0000000000000001                . = ASSERT (((__heap_start__ == __heap_end__) || ((__heap_end__ >= __RAM_segment_start__) && (__heap_end__ <= __RAM_segment_end__))), error: .heap is too large to fit in RAM memory segment)
                0x000000002000e000                __stack_load_start__ = (__RAM_segment_end__ - 0x2000)

.stack          0x000000002000e000     0x2000
                0x000000002000e000                __stack_start__ = .
                0x000000002000e000                __StackLimit = __stack_start__
 *(.stack .stack.*)
                0x0000000020010000                . = ALIGN (MAX ((__stack_start__ + __STACKSIZE__), .), 0x8)
 *fill*         0x000000002000e000     0x2000 
                0x0000000020010000                __stack_end__ = (__stack_start__ + SIZEOF (.stack))
                0x0000000000002000                __stack_size__ = SIZEOF (.stack)
                0x0000000020010000                __StackTop = __stack_end__
                0x0000000020010000                __stack_load_end__ = __stack_end__
                0x0000000000000001                . = ASSERT (((__stack_start__ == __stack_end__) || ((__stack_end__ >= __RAM_segment_start__) && (__stack_end__ <= __RAM_segment_end__))), error: .stack is too large to fit in RAM memory segment)
                0x0000000000000001                . = ASSERT ((__heap_end__ <= __stack_start__), error: section .heap overlaps absolute placed section .stack)
                0x0000000020010000                __stack_process_load_start__ = ALIGN (__stack_end__, 0x8)

.stack_process  0x0000000020010000        0x0
                0x0000000020010000                __stack_process_start__ = .
 *(.stack_process .stack_process.*)
                0x0000000020010000                . = ALIGN (MAX ((__stack_process_start__ + __STACKSIZE_PROCESS__), .), 0x8)
                0x0000000020010000                __stack_process_end__ = (__stack_process_start__ + SIZEOF (.stack_process))
                0x0000000000000000                __stack_process_size__ = SIZEOF (.stack_process)
                0x0000000020010000                __stack_process_load_end__ = __stack_process_end__
                0x0000000020010000                __RAM_segment_used_end__ = (ALIGN (__stack_end__, 0x8) + SIZEOF (.stack_process))
                0x0000000000010000                __RAM_segment_used_size__ = (__RAM_segment_used_end__ - __RAM_segment_start__)
                0x0000000000000001                . = ASSERT (((__stack_process_start__ == __stack_process_end__) || ((__stack_process_end__ >= __RAM_segment_start__) && (__stack_process_end__ <= __RAM_segment_end__))), error: .stack_process is too large to fit in RAM memory segment)
START GROUP
LOAD Output/blinky_GPSLogger Release/Obj/thumb_crt0.o
LOAD Output/blinky_GPSLogger Release/Obj/nrf_log_frontend.o
LOAD Output/blinky_GPSLogger Release/Obj/nrf_log_str_formatter.o
LOAD Output/blinky_GPSLogger Release/Obj/boards.o
LOAD Output/blinky_GPSLogger Release/Obj/app_error.o
LOAD Output/blinky_GPSLogger Release/Obj/app_error_handler_gcc.o
LOAD Output/blinky_GPSLogger Release/Obj/app_error_weak.o
LOAD Output/blinky_GPSLogger Release/Obj/app_util_platform.o
LOAD Output/blinky_GPSLogger Release/Obj/nrf_assert.o
LOAD Output/blinky_GPSLogger Release/Obj/nrf_atomic.o
LOAD Output/blinky_GPSLogger Release/Obj/nrf_balloc.o
LOAD Output/blinky_GPSLogger Release/Obj/nrf_fprintf.o
LOAD Output/blinky_GPSLogger Release/Obj/nrf_fprintf_format.o
LOAD Output/blinky_GPSLogger Release/Obj/nrf_memobj.o
LOAD Output/blinky_GPSLogger Release/Obj/nrf_ringbuf.o
LOAD Output/blinky_GPSLogger Release/Obj/nrf_section_iter.o
LOAD Output/blinky_GPSLogger Release/Obj/nrf_strerror.o
LOAD Output/blinky_GPSLogger Release/Obj/nrfx_atomic.o
LOAD Output/blinky_GPSLogger Release/Obj/main.o
LOAD Output/blinky_GPSLogger Release/Obj/ses_startup_nrf52.o
LOAD Output/blinky_GPSLogger Release/Obj/ses_startup_nrf_common.o
LOAD Output/blinky_GPSLogger Release/Obj/system_nrf52.o
LOAD Output/blinky_GPSLogger Release/Obj/nrf_sdh.o
LOAD Output/blinky_GPSLogger Release/Obj/nrf_sdh_soc.o
LOAD E:/SeggerIDE/lib/libdebugio_mempoll_v7em_fpv4_sp_d16_hard_t_le_eabi.a
LOAD E:/SeggerIDE/lib/libm_v7em_fpv4_sp_d16_hard_t_le_eabi.a
LOAD E:/SeggerIDE/lib/libc_v7em_fpv4_sp_d16_hard_t_le_eabi.a
LOAD E:/SeggerIDE/lib/libcpp_v7em_fpv4_sp_d16_hard_t_le_eabi.a
LOAD E:/SeggerIDE/lib/libdebugio_v7em_fpv4_sp_d16_hard_t_le_eabi.a
LOAD E:/SeggerIDE/lib/libvfprintf_v7em_fpv4_sp_d16_hard_t_le_eabi.o
LOAD E:/SeggerIDE/lib/libvfscanf_v7em_fpv4_sp_d16_hard_t_le_eabi.o
END GROUP
OUTPUT(Output/Release/Exe/blinky_GPSLogger.elf elf32-littlearm)

.ARM.attributes
                0x0000000000000000       0x35
 .ARM.attributes
                0x0000000000000000       0x25 Output/blinky_GPSLogger Release/Obj/thumb_crt0.o
 .ARM.attributes
                0x0000000000000025       0x39 Output/blinky_GPSLogger Release/Obj/boards.o
 .ARM.attributes
                0x000000000000005e       0x39 Output/blinky_GPSLogger Release/Obj/app_error.o
 .ARM.attributes
                0x0000000000000097       0x39 Output/blinky_GPSLogger Release/Obj/app_error_weak.o
 .ARM.attributes
                0x00000000000000d0       0x39 Output/blinky_GPSLogger Release/Obj/nrf_section_iter.o
 .ARM.attributes
                0x0000000000000109       0x39 Output/blinky_GPSLogger Release/Obj/main.o
 .ARM.attributes
                0x0000000000000142       0x25 Output/blinky_GPSLogger Release/Obj/ses_startup_nrf52.o
 .ARM.attributes
                0x0000000000000167       0x25 Output/blinky_GPSLogger Release/Obj/ses_startup_nrf_common.o
 .ARM.attributes
                0x000000000000018c       0x39 Output/blinky_GPSLogger Release/Obj/system_nrf52.o
 .ARM.attributes
                0x00000000000001c5       0x39 Output/blinky_GPSLogger Release/Obj/nrf_sdh.o
 .ARM.attributes
                0x00000000000001fe       0x39 Output/blinky_GPSLogger Release/Obj/nrf_sdh_soc.o

.comment        0x0000000000000000       0x4c
 .comment       0x0000000000000000       0x4c Output/blinky_GPSLogger Release/Obj/boards.o
                                         0x4d (size before relaxing)
 .comment       0x000000000000004c       0x4d Output/blinky_GPSLogger Release/Obj/app_error.o
 .comment       0x000000000000004c       0x4d Output/blinky_GPSLogger Release/Obj/app_error_weak.o
 .comment       0x000000000000004c       0x4d Output/blinky_GPSLogger Release/Obj/nrf_section_iter.o
 .comment       0x000000000000004c       0x4d Output/blinky_GPSLogger Release/Obj/main.o
 .comment       0x000000000000004c       0x4d Output/blinky_GPSLogger Release/Obj/system_nrf52.o
 .comment       0x000000000000004c       0x4d Output/blinky_GPSLogger Release/Obj/nrf_sdh.o
 .comment       0x000000000000004c       0x4d Output/blinky_GPSLogger Release/Obj/nrf_sdh_soc.o

.debug_line     0x0000000000000000     0x2892
 .debug_line    0x0000000000000000      0x1bd Output/blinky_GPSLogger Release/Obj/thumb_crt0.o
 .debug_line    0x00000000000001bd      0x6ad Output/blinky_GPSLogger Release/Obj/boards.o
 .debug_line    0x000000000000086a      0x2a1 Output/blinky_GPSLogger Release/Obj/app_error.o
 .debug_line    0x0000000000000b0b      0x53d Output/blinky_GPSLogger Release/Obj/app_error_weak.o
 .debug_line    0x0000000000001048      0x392 Output/blinky_GPSLogger Release/Obj/nrf_section_iter.o
 .debug_line    0x00000000000013da      0x5dd Output/blinky_GPSLogger Release/Obj/main.o
 .debug_line    0x00000000000019b7       0x72 Output/blinky_GPSLogger Release/Obj/ses_startup_nrf52.o
 .debug_line    0x0000000000001a29       0x96 Output/blinky_GPSLogger Release/Obj/ses_startup_nrf_common.o
 .debug_line    0x0000000000001abf      0x26f Output/blinky_GPSLogger Release/Obj/system_nrf52.o
 .debug_line    0x0000000000001d2e      0x691 Output/blinky_GPSLogger Release/Obj/nrf_sdh.o
 .debug_line    0x00000000000023bf      0x4d3 Output/blinky_GPSLogger Release/Obj/nrf_sdh_soc.o

.debug_info     0x0000000000000000     0x6610
 .debug_info    0x0000000000000000       0x22 Output/blinky_GPSLogger Release/Obj/thumb_crt0.o
 .debug_info    0x0000000000000022     0x10ac Output/blinky_GPSLogger Release/Obj/boards.o
 .debug_info    0x00000000000010ce      0x7e8 Output/blinky_GPSLogger Release/Obj/app_error.o
 .debug_info    0x00000000000018b6      0xb9b Output/blinky_GPSLogger Release/Obj/app_error_weak.o
 .debug_info    0x0000000000002451      0x6eb Output/blinky_GPSLogger Release/Obj/nrf_section_iter.o
 .debug_info    0x0000000000002b3c      0x7d5 Output/blinky_GPSLogger Release/Obj/main.o
 .debug_info    0x0000000000003311       0x26 Output/blinky_GPSLogger Release/Obj/ses_startup_nrf52.o
 .debug_info    0x0000000000003337       0x26 Output/blinky_GPSLogger Release/Obj/ses_startup_nrf_common.o
 .debug_info    0x000000000000335d     0x10e3 Output/blinky_GPSLogger Release/Obj/system_nrf52.o
 .debug_info    0x0000000000004440     0x166c Output/blinky_GPSLogger Release/Obj/nrf_sdh.o
 .debug_info    0x0000000000005aac      0xb64 Output/blinky_GPSLogger Release/Obj/nrf_sdh_soc.o

.debug_abbrev   0x0000000000000000     0x1296
 .debug_abbrev  0x0000000000000000       0x12 Output/blinky_GPSLogger Release/Obj/thumb_crt0.o
 .debug_abbrev  0x0000000000000012      0x319 Output/blinky_GPSLogger Release/Obj/boards.o
 .debug_abbrev  0x000000000000032b      0x1a9 Output/blinky_GPSLogger Release/Obj/app_error.o
 .debug_abbrev  0x00000000000004d4      0x1f0 Output/blinky_GPSLogger Release/Obj/app_error_weak.o
 .debug_abbrev  0x00000000000006c4      0x146 Output/blinky_GPSLogger Release/Obj/nrf_section_iter.o
 .debug_abbrev  0x000000000000080a      0x1e9 Output/blinky_GPSLogger Release/Obj/main.o
 .debug_abbrev  0x00000000000009f3       0x14 Output/blinky_GPSLogger Release/Obj/ses_startup_nrf52.o
 .debug_abbrev  0x0000000000000a07       0x14 Output/blinky_GPSLogger Release/Obj/ses_startup_nrf_common.o
 .debug_abbrev  0x0000000000000a1b      0x208 Output/blinky_GPSLogger Release/Obj/system_nrf52.o
 .debug_abbrev  0x0000000000000c23      0x452 Output/blinky_GPSLogger Release/Obj/nrf_sdh.o
 .debug_abbrev  0x0000000000001075      0x221 Output/blinky_GPSLogger Release/Obj/nrf_sdh_soc.o

.debug_aranges  0x0000000000000000      0x2b8
 .debug_aranges
                0x0000000000000000       0x80 Output/blinky_GPSLogger Release/Obj/thumb_crt0.o
 .debug_aranges
                0x0000000000000080       0x78 Output/blinky_GPSLogger Release/Obj/boards.o
 .debug_aranges
                0x00000000000000f8       0x28 Output/blinky_GPSLogger Release/Obj/app_error.o
 .debug_aranges
                0x0000000000000120       0x20 Output/blinky_GPSLogger Release/Obj/app_error_weak.o
 .debug_aranges
                0x0000000000000140       0x28 Output/blinky_GPSLogger Release/Obj/nrf_section_iter.o
 .debug_aranges
                0x0000000000000168       0x20 Output/blinky_GPSLogger Release/Obj/main.o
 .debug_aranges
                0x0000000000000188       0x20 Output/blinky_GPSLogger Release/Obj/ses_startup_nrf52.o
 .debug_aranges
                0x00000000000001a8       0x20 Output/blinky_GPSLogger Release/Obj/ses_startup_nrf_common.o
 .debug_aranges
                0x00000000000001c8       0x38 Output/blinky_GPSLogger Release/Obj/system_nrf52.o
 .debug_aranges
                0x0000000000000200       0x90 Output/blinky_GPSLogger Release/Obj/nrf_sdh.o
 .debug_aranges
                0x0000000000000290       0x28 Output/blinky_GPSLogger Release/Obj/nrf_sdh_soc.o

.debug_str      0x0000000000000000    0x702bc
 .debug_str     0x0000000000000000       0x50 Output/blinky_GPSLogger Release/Obj/thumb_crt0.o
 .debug_str     0x0000000000000050    0x6a7a8 Output/blinky_GPSLogger Release/Obj/boards.o
                                      0x6b494 (size before relaxing)
 .debug_str     0x000000000006a7f8      0x11d Output/blinky_GPSLogger Release/Obj/app_error.o
                                      0x5d2a0 (size before relaxing)
 .debug_str     0x000000000006a915     0x3bd8 Output/blinky_GPSLogger Release/Obj/app_error_weak.o
                                      0x6b7e6 (size before relaxing)
 .debug_str     0x000000000006e4ed      0x260 Output/blinky_GPSLogger Release/Obj/nrf_section_iter.o
                                      0x672c3 (size before relaxing)
 .debug_str     0x000000000006e74d       0xcc Output/blinky_GPSLogger Release/Obj/main.o
                                      0x6b028 (size before relaxing)
 .debug_str     0x000000000006e819       0x35 Output/blinky_GPSLogger Release/Obj/ses_startup_nrf52.o
                                         0x64 (size before relaxing)
 .debug_str     0x000000000006e84e       0x3a Output/blinky_GPSLogger Release/Obj/ses_startup_nrf_common.o
                                         0x69 (size before relaxing)
 .debug_str     0x000000000006e888      0x4cb Output/blinky_GPSLogger Release/Obj/system_nrf52.o
                                      0x5bb9a (size before relaxing)
 .debug_str     0x000000000006ed53      0xc84 Output/blinky_GPSLogger Release/Obj/nrf_sdh.o
                                      0x6c1b4 (size before relaxing)
 .debug_str     0x000000000006f9d7      0x8e5 Output/blinky_GPSLogger Release/Obj/nrf_sdh_soc.o
                                      0x6b16f (size before relaxing)

.debug_ranges   0x0000000000000000      0x2f0
 .debug_ranges  0x0000000000000000       0x78 Output/blinky_GPSLogger Release/Obj/thumb_crt0.o
 .debug_ranges  0x0000000000000078       0xe0 Output/blinky_GPSLogger Release/Obj/boards.o
 .debug_ranges  0x0000000000000158       0x18 Output/blinky_GPSLogger Release/Obj/app_error.o
 .debug_ranges  0x0000000000000170       0x10 Output/blinky_GPSLogger Release/Obj/app_error_weak.o
 .debug_ranges  0x0000000000000180       0x18 Output/blinky_GPSLogger Release/Obj/nrf_section_iter.o
 .debug_ranges  0x0000000000000198       0x68 Output/blinky_GPSLogger Release/Obj/main.o
 .debug_ranges  0x0000000000000200       0x28 Output/blinky_GPSLogger Release/Obj/system_nrf52.o
 .debug_ranges  0x0000000000000228       0xb0 Output/blinky_GPSLogger Release/Obj/nrf_sdh.o
 .debug_ranges  0x00000000000002d8       0x18 Output/blinky_GPSLogger Release/Obj/nrf_sdh_soc.o

.debug_frame    0x0000000000000000      0x424
 .debug_frame   0x0000000000000000      0x104 Output/blinky_GPSLogger Release/Obj/boards.o
 .debug_frame   0x0000000000000104       0x58 Output/blinky_GPSLogger Release/Obj/app_error.o
 .debug_frame   0x000000000000015c       0x20 Output/blinky_GPSLogger Release/Obj/app_error_weak.o
 .debug_frame   0x000000000000017c       0x30 Output/blinky_GPSLogger Release/Obj/nrf_section_iter.o
 .debug_frame   0x00000000000001ac       0x30 Output/blinky_GPSLogger Release/Obj/main.o
 .debug_frame   0x00000000000001dc       0x5c Output/blinky_GPSLogger Release/Obj/system_nrf52.o
 .debug_frame   0x0000000000000238      0x1a8 Output/blinky_GPSLogger Release/Obj/nrf_sdh.o
 .debug_frame   0x00000000000003e0       0x44 Output/blinky_GPSLogger Release/Obj/nrf_sdh_soc.o

.debug_loc      0x0000000000000000      0x8a9
 .debug_loc     0x0000000000000000      0x54b Output/blinky_GPSLogger Release/Obj/boards.o
 .debug_loc     0x000000000000054b       0xb5 Output/blinky_GPSLogger Release/Obj/app_error.o
 .debug_loc     0x0000000000000600       0x42 Output/blinky_GPSLogger Release/Obj/app_error_weak.o
 .debug_loc     0x0000000000000642       0x9d Output/blinky_GPSLogger Release/Obj/main.o
 .debug_loc     0x00000000000006df      0x156 Output/blinky_GPSLogger Release/Obj/nrf_sdh.o
 .debug_loc     0x0000000000000835       0x74 Output/blinky_GPSLogger Release/Obj/nrf_sdh_soc.o

.debug_pubnames
                0x0000000000000000     0x1637
 .debug_pubnames
                0x0000000000000000      0x4bd Output/blinky_GPSLogger Release/Obj/boards.o
 .debug_pubnames
                0x00000000000004bd       0x6c Output/blinky_GPSLogger Release/Obj/app_error.o
 .debug_pubnames
                0x0000000000000529      0x10e Output/blinky_GPSLogger Release/Obj/app_error_weak.o
 .debug_pubnames
                0x0000000000000637       0x46 Output/blinky_GPSLogger Release/Obj/nrf_section_iter.o
 .debug_pubnames
                0x000000000000067d       0x46 Output/blinky_GPSLogger Release/Obj/main.o
 .debug_pubnames
                0x00000000000006c3      0x11f Output/blinky_GPSLogger Release/Obj/system_nrf52.o
 .debug_pubnames
                0x00000000000007e2      0x8a8 Output/blinky_GPSLogger Release/Obj/nrf_sdh.o
 .debug_pubnames
                0x000000000000108a      0x5ad Output/blinky_GPSLogger Release/Obj/nrf_sdh_soc.o

.debug_pubtypes
                0x0000000000000000     0x1331
 .debug_pubtypes
                0x0000000000000000      0x251 Output/blinky_GPSLogger Release/Obj/boards.o
 .debug_pubtypes
                0x0000000000000251      0x1e2 Output/blinky_GPSLogger Release/Obj/app_error.o
 .debug_pubtypes
                0x0000000000000433      0x2d2 Output/blinky_GPSLogger Release/Obj/app_error_weak.o
 .debug_pubtypes
                0x0000000000000705      0x1e7 Output/blinky_GPSLogger Release/Obj/nrf_section_iter.o
 .debug_pubtypes
                0x00000000000008ec      0x1af Output/blinky_GPSLogger Release/Obj/main.o
 .debug_pubtypes
                0x0000000000000a9b      0x1a7 Output/blinky_GPSLogger Release/Obj/system_nrf52.o
 .debug_pubtypes
                0x0000000000000c42      0x3e1 Output/blinky_GPSLogger Release/Obj/nrf_sdh.o
 .debug_pubtypes
                0x0000000000001023      0x30e Output/blinky_GPSLogger Release/Obj/nrf_sdh_soc.o

.debug_macro    0x0000000000000000     0x2327
 .debug_macro   0x0000000000000000      0x26c Output/blinky_GPSLogger Release/Obj/boards.o
 .debug_macro   0x000000000000026c       0x1c Output/blinky_GPSLogger Release/Obj/boards.o
 .debug_macro   0x0000000000000288       0x26 Output/blinky_GPSLogger Release/Obj/boards.o
 .debug_macro   0x00000000000002ae      0x3b1 Output/blinky_GPSLogger Release/Obj/boards.o
 .debug_macro   0x000000000000065f       0x52 Output/blinky_GPSLogger Release/Obj/boards.o
 .debug_macro   0x00000000000006b1       0x1f Output/blinky_GPSLogger Release/Obj/boards.o
 .debug_macro   0x00000000000006d0      0x12b Output/blinky_GPSLogger Release/Obj/boards.o
 .debug_macro   0x00000000000007fb       0x3f Output/blinky_GPSLogger Release/Obj/boards.o
 .debug_macro   0x000000000000083a       0x46 Output/blinky_GPSLogger Release/Obj/boards.o
 .debug_macro   0x0000000000000880       0xa3 Output/blinky_GPSLogger Release/Obj/boards.o
 .debug_macro   0x0000000000000923       0x3a Output/blinky_GPSLogger Release/Obj/boards.o
 .debug_macro   0x000000000000095d       0x72 Output/blinky_GPSLogger Release/Obj/boards.o
 .debug_macro   0x00000000000009cf       0x49 Output/blinky_GPSLogger Release/Obj/boards.o
 .debug_macro   0x0000000000000a18       0x8c Output/blinky_GPSLogger Release/Obj/boards.o
 .debug_macro   0x0000000000000aa4       0x19 Output/blinky_GPSLogger Release/Obj/boards.o
 .debug_macro   0x0000000000000abd       0x1d Output/blinky_GPSLogger Release/Obj/boards.o
 .debug_macro   0x0000000000000ada       0x35 Output/blinky_GPSLogger Release/Obj/boards.o
 .debug_macro   0x0000000000000b0f       0x7b Output/blinky_GPSLogger Release/Obj/boards.o
 .debug_macro   0x0000000000000b8a       0x22 Output/blinky_GPSLogger Release/Obj/boards.o
 .debug_macro   0x0000000000000bac       0x40 Output/blinky_GPSLogger Release/Obj/boards.o
 .debug_macro   0x0000000000000bec       0x20 Output/blinky_GPSLogger Release/Obj/boards.o
 .debug_macro   0x0000000000000c0c       0x16 Output/blinky_GPSLogger Release/Obj/boards.o
 .debug_macro   0x0000000000000c22      0x25a Output/blinky_GPSLogger Release/Obj/boards.o
 .debug_macro   0x0000000000000e7c      0x16d Output/blinky_GPSLogger Release/Obj/boards.o
 .debug_macro   0x0000000000000fe9       0xfa Output/blinky_GPSLogger Release/Obj/app_error.o
 .debug_macro   0x00000000000010e3       0x35 Output/blinky_GPSLogger Release/Obj/app_error.o
 .debug_macro   0x0000000000001118       0x78 Output/blinky_GPSLogger Release/Obj/app_error.o
 .debug_macro   0x0000000000001190      0x246 Output/blinky_GPSLogger Release/Obj/app_error_weak.o
 .debug_macro   0x00000000000013d6       0x31 Output/blinky_GPSLogger Release/Obj/app_error_weak.o
 .debug_macro   0x0000000000001407       0x16 Output/blinky_GPSLogger Release/Obj/app_error_weak.o
 .debug_macro   0x000000000000141d       0x55 Output/blinky_GPSLogger Release/Obj/app_error_weak.o
 .debug_macro   0x0000000000001472      0x17f Output/blinky_GPSLogger Release/Obj/app_error_weak.o
 .debug_macro   0x00000000000015f1       0x9a Output/blinky_GPSLogger Release/Obj/app_error_weak.o
 .debug_macro   0x000000000000168b       0x28 Output/blinky_GPSLogger Release/Obj/app_error_weak.o
 .debug_macro   0x00000000000016b3       0x23 Output/blinky_GPSLogger Release/Obj/app_error_weak.o
 .debug_macro   0x00000000000016d6       0x1c Output/blinky_GPSLogger Release/Obj/app_error_weak.o
 .debug_macro   0x00000000000016f2       0x1c Output/blinky_GPSLogger Release/Obj/app_error_weak.o
 .debug_macro   0x000000000000170e      0x11b Output/blinky_GPSLogger Release/Obj/app_error_weak.o
 .debug_macro   0x0000000000001829      0x173 Output/blinky_GPSLogger Release/Obj/nrf_section_iter.o
 .debug_macro   0x000000000000199c       0x11 Output/blinky_GPSLogger Release/Obj/nrf_section_iter.o
 .debug_macro   0x00000000000019ad      0x275 Output/blinky_GPSLogger Release/Obj/main.o
 .debug_macro   0x0000000000001c22       0x10 Output/blinky_GPSLogger Release/Obj/main.o
 .debug_macro   0x0000000000001c32       0xa8 Output/blinky_GPSLogger Release/Obj/system_nrf52.o
 .debug_macro   0x0000000000001cda      0x25c Output/blinky_GPSLogger Release/Obj/nrf_sdh.o
 .debug_macro   0x0000000000001f36       0x2b Output/blinky_GPSLogger Release/Obj/nrf_sdh.o
 .debug_macro   0x0000000000001f61       0x10 Output/blinky_GPSLogger Release/Obj/nrf_sdh.o
 .debug_macro   0x0000000000001f71      0x16d Output/blinky_GPSLogger Release/Obj/nrf_sdh.o
 .debug_macro   0x00000000000020de      0x233 Output/blinky_GPSLogger Release/Obj/nrf_sdh_soc.o
 .debug_macro   0x0000000000002311       0x16 Output/blinky_GPSLogger Release/Obj/nrf_sdh_soc.o
