Archive member included to satisfy reference by file (symbol)

E:/SeggerIDE/lib/libc_v7em_fpv4_sp_d16_hard_t_le_eabi.a(libc_asm.o)
                              Output/sd_card Release/Obj/bsp.o (__aeabi_uldivmod)
E:/SeggerIDE/lib/libc_v7em_fpv4_sp_d16_hard_t_le_eabi.a(libc2.o)
                              Output/sd_card Release/Obj/nrf_log_str_formatter.o (isprint)
E:/SeggerIDE/lib/libc_v7em_fpv4_sp_d16_hard_t_le_eabi.a(libc2_asm.o)
                              Output/sd_card Release/Obj/nrf_log_frontend.o (memcpy)
E:/SeggerIDE/lib/libc_v7em_fpv4_sp_d16_hard_t_le_eabi.a(libc.o)
                              E:/SeggerIDE/lib/libc_v7em_fpv4_sp_d16_hard_t_le_eabi.a(libc2.o) (__heap_lock)
E:/SeggerIDE/lib/libdebugio_v7em_fpv4_sp_d16_hard_t_le_eabi.a(libdebugio.o)
                              Output/sd_card Release/Obj/thumb_crt0.o (debug_fopen)
E:/SeggerIDE/lib/libdebugio_mempoll_v7em_fpv4_sp_d16_hard_t_le_eabi.a(mempoll_debug_operations.o)
                              E:/SeggerIDE/lib/libdebugio_v7em_fpv4_sp_d16_hard_t_le_eabi.a(libdebugio.o) (__do_debug_operation)
E:/SeggerIDE/lib/libdebugio_mempoll_v7em_fpv4_sp_d16_hard_t_le_eabi.a(do_nv_debug_operation.o)
                              E:/SeggerIDE/lib/libdebugio_v7em_fpv4_sp_d16_hard_t_le_eabi.a(libdebugio.o) (__do_nvdebug_operation)
E:/SeggerIDE/lib/libm_v7em_fpv4_sp_d16_hard_t_le_eabi.a(libm_asm.o)
                              E:/SeggerIDE/lib/libc_v7em_fpv4_sp_d16_hard_t_le_eabi.a(libc2.o) (__aeabi_i2d)
E:/SeggerIDE/lib/libm_v7em_fpv4_sp_d16_hard_t_le_eabi.a(libm2.o)
                              E:/SeggerIDE/lib/libvfprintf_v7em_fpv4_sp_d16_hard_t_le_eabi.o (frexp)
E:/SeggerIDE/lib/libm_v7em_fpv4_sp_d16_hard_t_le_eabi.a(libm2_asm.o)
                              E:/SeggerIDE/lib/libm_v7em_fpv4_sp_d16_hard_t_le_eabi.a(libm2.o) (fabs)

Discarded input sections

 .text          0x0000000000000000        0x0 Output/sd_card Release/Obj/thumb_crt0.o
 .data          0x0000000000000000        0x0 Output/sd_card Release/Obj/thumb_crt0.o
 .bss           0x0000000000000000        0x0 Output/sd_card Release/Obj/thumb_crt0.o
 .text.__aeabi_read_tp
                0x0000000000000000        0x8 Output/sd_card Release/Obj/thumb_crt0.o
 .text.abort    0x0000000000000000        0x2 Output/sd_card Release/Obj/thumb_crt0.o
 .text.__assert
                0x0000000000000000        0x2 Output/sd_card Release/Obj/thumb_crt0.o
 .text.__aeabi_assert
                0x0000000000000000        0x2 Output/sd_card Release/Obj/thumb_crt0.o
 .text.__sync_synchronize
                0x0000000000000000        0x2 Output/sd_card Release/Obj/thumb_crt0.o
 .text.__getchar
                0x0000000000000000        0x4 Output/sd_card Release/Obj/thumb_crt0.o
 .text.__putchar
                0x0000000000000000        0x4 Output/sd_card Release/Obj/thumb_crt0.o
 .text.__open   0x0000000000000000        0x4 Output/sd_card Release/Obj/thumb_crt0.o
 .text.__close  0x0000000000000000        0x4 Output/sd_card Release/Obj/thumb_crt0.o
 .text.__write  0x0000000000000000        0xa Output/sd_card Release/Obj/thumb_crt0.o
 .text.__read   0x0000000000000000        0xa Output/sd_card Release/Obj/thumb_crt0.o
 .text.__seek   0x0000000000000000       0x1a Output/sd_card Release/Obj/thumb_crt0.o
 .bss.__user_locale_name_buffer
                0x0000000000000000        0x4 Output/sd_card Release/Obj/thumb_crt0.o
 .stack         0x0000000000000000        0x0 Output/sd_card Release/Obj/thumb_crt0.o
 .stack_process
                0x0000000000000000        0x0 Output/sd_card Release/Obj/thumb_crt0.o
 .heap          0x0000000000000000        0x0 Output/sd_card Release/Obj/thumb_crt0.o
 .group         0x0000000000000000        0xc Output/sd_card Release/Obj/nrf_log_backend_rtt.o
 .group         0x0000000000000000        0xc Output/sd_card Release/Obj/nrf_log_backend_rtt.o
 .group         0x0000000000000000        0xc Output/sd_card Release/Obj/nrf_log_backend_rtt.o
 .group         0x0000000000000000        0xc Output/sd_card Release/Obj/nrf_log_backend_rtt.o
 .group         0x0000000000000000        0xc Output/sd_card Release/Obj/nrf_log_backend_rtt.o
 .group         0x0000000000000000        0xc Output/sd_card Release/Obj/nrf_log_backend_rtt.o
 .group         0x0000000000000000        0xc Output/sd_card Release/Obj/nrf_log_backend_rtt.o
 .group         0x0000000000000000        0xc Output/sd_card Release/Obj/nrf_log_backend_rtt.o
 .group         0x0000000000000000        0xc Output/sd_card Release/Obj/nrf_log_backend_rtt.o
 .group         0x0000000000000000        0xc Output/sd_card Release/Obj/nrf_log_backend_rtt.o
 .group         0x0000000000000000        0xc Output/sd_card Release/Obj/nrf_log_backend_rtt.o
 .group         0x0000000000000000        0xc Output/sd_card Release/Obj/nrf_log_backend_rtt.o
 .group         0x0000000000000000        0xc Output/sd_card Release/Obj/nrf_log_backend_rtt.o
 .group         0x0000000000000000        0xc Output/sd_card Release/Obj/nrf_log_backend_rtt.o
[...]
Memory Configuration

Name             Origin             Length             Attributes
UNPLACED_SECTIONS 0x0000000100000000 0x0000000000000000 xw
RAM              0x0000000020000000 0x0000000000010000 xw
FLASH            0x0000000000000000 0x0000000000080000 xw
*default*        0x0000000000000000 0xffffffffffffffff

Linker script and memory map

                0x0000000000005a90                __vfprintf = __vfprintf_long
                0x0000000000000000                __vfscanf = __vfscanf_long
                0x0000000020000000                __RAM_segment_start__ = 0x20000000
                0x0000000020010000                __RAM_segment_end__ = 0x20010000
                0x0000000000010000                __RAM_segment_size__ = 0x10000
                0x0000000000000000                __FLASH_segment_start__ = 0x0
                0x0000000000080000                __FLASH_segment_end__ = 0x80000
                0x0000000000080000                __FLASH_segment_size__ = 0x80000
                0x0000000000002000                __HEAPSIZE__ = 0x2000
                0x0000000000000000                __STACKSIZE_PROCESS__ = 0x0
                0x0000000000002000                __STACKSIZE__ = 0x2000
                0x0000000020000000                __vectors_ram_load_start__ = 0x20000000

.vectors_ram    0x0000000020000000        0x0
                0x0000000020000000                __vectors_ram_start__ = .
                0x0000000020000000                __app_ram_start__ = __vectors_ram_start__
 *(.vectors_ram .vectors_ram.*)
                0x0000000020000000                __vectors_ram_end__ = (__vectors_ram_start__ + SIZEOF (.vectors_ram))
                0x0000000000000000                __vectors_ram_size__ = SIZEOF (.vectors_ram)
                0x0000000020000000                __vectors_ram_load_end__ = __vectors_ram_end__
                0x0000000000000001                . = ASSERT (((__vectors_ram_start__ == __vectors_ram_end__) || ((__vectors_ram_end__ >= __RAM_segment_start__) && (__vectors_ram_end__ <= __RAM_segment_end__))), error: .vectors_ram is too large to fit in RAM memory segment)
                0x0000000020000000                __nrf_sections_run_load_start__ = ALIGN (__vectors_ram_end__, 0x4)

.nrf_sections_run
                0x0000000020000000        0x0
                0x0000000020000000                __nrf_sections_run_start__ = .
                0x0000000020000000                __start_nrf_sections_run = __nrf_sections_run_start__
 *(.nrf_sections_run .nrf_sections_run.*)
                0x0000000020000000                __nrf_sections_run_end__ = (__nrf_sections_run_start__ + SIZEOF (.nrf_sections_run))
                0x0000000000000000                __nrf_sections_run_size__ = SIZEOF (.nrf_sections_run)
                0x0000000020000000                __nrf_sections_run_load_end__ = __nrf_sections_run_end__
                0x0000000000000001                . = ASSERT (((__nrf_sections_run_start__ == __nrf_sections_run_end__) || ((__nrf_sections_run_end__ >= __RAM_segment_start__) && (__nrf_sections_run_end__ <= __RAM_segment_end__))), error: .nrf_sections_run is too large to fit in RAM memory segment)
                0x0000000000000000                __vectors_load_start__ = 0x0

.vectors        0x0000000000000000      0x200
                0x0000000000000000                __vectors_start__ = .
 *(.vectors .vectors.*)
 .vectors       0x0000000000000000      0x200 Output/sd_card Release/Obj/ses_startup_nrf52.o
                0x0000000000000000                _vectors
                0x0000000000000200                __vectors_end__ = (__vectors_start__ + SIZEOF (.vectors))
                0x0000000000000200                __vectors_size__ = SIZEOF (.vectors)
                0x0000000000000200                __vectors_load_end__ = __vectors_end__
                0x0000000000000001                . = ASSERT (((__vectors_start__ == __vectors_end__) || ((__vectors_end__ >= __FLASH_segment_start__) && (__vectors_end__ <= __FLASH_segment_end__))), error: .vectors is too large to fit in FLASH memory segment)
                0x0000000000000200                __init_load_start__ = ALIGN (__vectors_end__, 0x4)

.init           0x0000000000000200      0x1d8
                0x0000000000000200                __init_start__ = .
 *(.init .init.*)
 .init          0x0000000000000200      0x160 Output/sd_card Release/Obj/thumb_crt0.o
                0x0000000000000200                _start
                0x00000000000002b6                exit
 .init          0x0000000000000360       0x18 Output/sd_card Release/Obj/ses_startup_nrf52.o
                0x0000000000000360                NMI_Handler
                0x0000000000000362                HardFault_Handler
                0x0000000000000364                MemoryManagement_Handler
                0x0000000000000366                BusFault_Handler
                0x0000000000000368                UsageFault_Handler
                0x000000000000036a                SVC_Handler
                0x000000000000036c                DebugMon_Handler
                0x000000000000036e                PendSV_Handler
                0x0000000000000370                SysTick_Handler
                0x0000000000000372                SWI2_EGU2_IRQHandler
                0x0000000000000372                POWER_CLOCK_IRQHandler
                0x0000000000000372                RADIO_IRQHandler
                0x0000000000000372                PWM1_IRQHandler
                0x0000000000000372                TEMP_IRQHandler
                0x0000000000000372                QDEC_IRQHandler
                0x0000000000000372                RTC0_IRQHandler
                0x0000000000000372                FPU_IRQHandler
                0x0000000000000372                PDM_IRQHandler
                0x0000000000000372                TIMER4_IRQHandler
                0x0000000000000372                I2S_IRQHandler
                0x0000000000000372                SWI4_EGU4_IRQHandler
                0x0000000000000372                Dummy_Handler
                0x0000000000000372                TIMER1_IRQHandler
                0x0000000000000372                PWM2_IRQHandler
                0x0000000000000372                ECB_IRQHandler
                0x0000000000000372                SPIM1_SPIS1_TWIM1_TWIS1_SPI1_TWI1_IRQHandler
                0x0000000000000372                SAADC_IRQHandler
                0x0000000000000372                CCM_AAR_IRQHandler
                0x0000000000000372                WDT_IRQHandler
                0x0000000000000372                TIMER3_IRQHandler
                0x0000000000000372                SWI5_EGU5_IRQHandler
                0x0000000000000372                RNG_IRQHandler
                0x0000000000000372                RTC2_IRQHandler
                0x0000000000000372                PWM0_IRQHandler
                0x0000000000000372                SWI3_EGU3_IRQHandler
                0x0000000000000372                SWI1_EGU1_IRQHandler
                0x0000000000000372                SPIM2_SPIS2_SPI2_IRQHandler
                0x0000000000000372                NFCT_IRQHandler
                0x0000000000000372                TIMER2_IRQHandler
                0x0000000000000372                MWU_IRQHandler
                0x0000000000000372                COMP_LPCOMP_IRQHandler
                0x0000000000000374                nRFInitialize
 .init          0x0000000000000378       0x60 Output/sd_card Release/Obj/ses_startup_nrf_common.o
                0x0000000000000378                Reset_Handler
                0x00000000000003a0                InitializeUserMemorySections
                0x00000000000003d8                __init_end__ = (__init_start__ + SIZEOF (.init))
                0x00000000000001d8                __init_size__ = SIZEOF (.init)
                0x00000000000003d8                __init_load_end__ = __init_end__
                0x0000000000000001                . = ASSERT (((__init_start__ == __init_end__) || ((__init_end__ >= __FLASH_segment_start__) && (__init_end__ <= __FLASH_segment_end__))), error: .init is too large to fit in FLASH memory segment)
                0x00000000000003d8                __init_rodata_load_start__ = ALIGN (__init_end__, 0x4)

.init_rodata    0x00000000000003d8        0x0
                0x00000000000003d8                __init_rodata_start__ = .
 *(.init_rodata .init_rodata.*)
                0x00000000000003d8                __init_rodata_end__ = (__init_rodata_start__ + SIZEOF (.init_rodata))
                0x0000000000000000                __init_rodata_size__ = SIZEOF (.init_rodata)
                0x00000000000003d8                __init_rodata_load_end__ = __init_rodata_end__
                0x0000000000000001                . = ASSERT (((__init_rodata_start__ == __init_rodata_end__) || ((__init_rodata_end__ >= __FLASH_segment_start__) && (__init_rodata_end__ <= __FLASH_segment_end__))), error: .init_rodata is too large to fit in FLASH memory segment)
                0x00000000000003d8                __text_load_start__ = ALIGN (__init_rodata_end__, 0x4)

.text           0x00000000000003d8     0x5de8
                0x00000000000003d8                __text_start__ = .
 *(.text .text.* .glue_7t .glue_7 .gnu.linkonce.t.* .gcc_except_table .ARM.extab* .gnu.linkonce.armextab.*)
 .glue_7        0x00000000000003d8        0x0 linker stubs
 .glue_7t       0x00000000000003d8        0x0 linker stubs
 .text.nrf_log_backend_rtt_flush
                0x00000000000003d8        0x2 Output/sd_card Release/Obj/nrf_log_backend_rtt.o
 *fill*         0x00000000000003da        0x2 
 .text.nrf_log_backend_rtt_put
                0x00000000000003dc       0x1c Output/sd_card Release/Obj/nrf_log_backend_rtt.o
 .text.serial_tx
                0x00000000000003f8       0x50 Output/sd_card Release/Obj/nrf_log_backend_rtt.o
 .text.nrf_log_backend_rtt_panic_set
                0x0000000000000448        0x2 Output/sd_card Release/Obj/nrf_log_backend_rtt.o
 .text.nrf_log_backend_rtt_init
                0x000000000000044a        0x4 Output/sd_card Release/Obj/nrf_log_backend_rtt.o
                0x000000000000044a                nrf_log_backend_rtt_init
 .text.nrf_log_backend_serial_put
                0x000000000000044e       0xcc Output/sd_card Release/Obj/nrf_log_backend_serial.o
                0x000000000000044e                nrf_log_backend_serial_put
 *fill*         0x000000000000051a        0x2 
 .text.nrf_log_default_backends_init
                0x000000000000051c       0x20 Output/sd_card Release/Obj/nrf_log_default_backends.o
                0x000000000000051c                nrf_log_default_backends_init
 .text.invalid_packets_omit
                0x000000000000053c       0x3a Output/sd_card Release/Obj/nrf_log_frontend.o
 *fill*         0x0000000000000576        0x2 
 .text.buf_prealloc
                0x0000000000000578      0x12c Output/sd_card Release/Obj/nrf_log_frontend.o
 .text.nrf_log_init
                0x00000000000006a4       0x3c Output/sd_card Release/Obj/nrf_log_frontend.o
                0x00000000000006a4                nrf_log_init
 .text.nrf_log_module_name_get
                0x00000000000006e0       0x38 Output/sd_card Release/Obj/nrf_log_frontend.o
                0x00000000000006e0                nrf_log_module_name_get
 .text.nrf_log_color_id_get
                0x0000000000000718       0x2c Output/sd_card Release/Obj/nrf_log_frontend.o
                0x0000000000000718                nrf_log_color_id_get
 .text.buffer_is_empty
                0x0000000000000744       0x14 Output/sd_card Release/Obj/nrf_log_frontend.o
                0x0000000000000744                buffer_is_empty
 .text.nrf_log_frontend_dequeue
                0x0000000000000758      0x220 Output/sd_card Release/Obj/nrf_log_frontend.o
                0x0000000000000758                nrf_log_frontend_dequeue
 .text.std_n    0x0000000000000978       0xb0 Output/sd_card Release/Obj/nrf_log_frontend.o
 .text.nrf_log_frontend_std_0
                0x0000000000000a28        0x8 Output/sd_card Release/Obj/nrf_log_frontend.o
                0x0000000000000a28                nrf_log_frontend_std_0
 .text.nrf_log_frontend_std_1
                0x0000000000000a30       0x14 Output/sd_card Release/Obj/nrf_log_frontend.o
                0x0000000000000a30                nrf_log_frontend_std_1
 .text.nrf_log_frontend_std_2
                0x0000000000000a44       0x14 Output/sd_card Release/Obj/nrf_log_frontend.o
                0x0000000000000a44                nrf_log_frontend_std_2
 .text.nrf_log_backend_add
                0x0000000000000a58       0x44 Output/sd_card Release/Obj/nrf_log_frontend.o
                0x0000000000000a58                nrf_log_backend_add
 .text.nrf_log_panic
                0x0000000000000a9c       0x2c Output/sd_card Release/Obj/nrf_log_frontend.o
                0x0000000000000a9c                nrf_log_panic
 .text.postfix_process
                0x0000000000000ac8       0x3c Output/sd_card Release/Obj/nrf_log_str_formatter.o
 .text.prefix_process
                0x0000000000000b04       0x78 Output/sd_card Release/Obj/nrf_log_str_formatter.o
 .text.nrf_log_std_entry_process
                0x0000000000000b7c       0xc8 Output/sd_card Release/Obj/nrf_log_str_formatter.o
                0x0000000000000b7c                nrf_log_std_entry_process
 .text.nrf_log_hexdump_entry_process
                0x0000000000000c44       0xb4 Output/sd_card Release/Obj/nrf_log_str_formatter.o
                0x0000000000000c44                nrf_log_hexdump_entry_process
 .text.bsp_board_led_state_get
                0x0000000000000cf8       0x1c Output/sd_card Release/Obj/boards.o
                0x0000000000000cf8                bsp_board_led_state_get
 .text.bsp_board_led_on
                0x0000000000000d14       0x18 Output/sd_card Release/Obj/boards.o
                0x0000000000000d14                bsp_board_led_on
 .text.bsp_board_led_off
                0x0000000000000d2c       0x18 Output/sd_card Release/Obj/boards.o
                0x0000000000000d2c                bsp_board_led_off
 .text.bsp_board_leds_off
                0x0000000000000d44       0x1e Output/sd_card Release/Obj/boards.o
                0x0000000000000d44                bsp_board_leds_off
 .text.bsp_board_leds_on
                0x0000000000000d62       0x1e Output/sd_card Release/Obj/boards.o
                0x0000000000000d62                bsp_board_leds_on
 .text.bsp_board_led_invert
                0x0000000000000d80       0x24 Output/sd_card Release/Obj/boards.o
                0x0000000000000d80                bsp_board_led_invert
 .text.bsp_board_pin_to_button_idx
                0x0000000000000da4       0x24 Output/sd_card Release/Obj/boards.o
                0x0000000000000da4                bsp_board_pin_to_button_idx
 .text.bsp_board_init
                0x0000000000000dc8       0x3e Output/sd_card Release/Obj/boards.o
                0x0000000000000dc8                bsp_board_init
 .text.alert_timer_handler
                0x0000000000000e06        0x6 Output/sd_card Release/Obj/bsp.o
 .text.bsp_button_event_handler
                0x0000000000000e0c       0x9c Output/sd_card Release/Obj/bsp.o
 .text.button_timer_handler
                0x0000000000000ea8        0x8 Output/sd_card Release/Obj/bsp.o
 .text.leds_off
                0x0000000000000eb0       0x2c Output/sd_card Release/Obj/bsp.o
 .text.bsp_led_indication
                0x0000000000000edc      0x204 Output/sd_card Release/Obj/bsp.o
 .text.leds_timer_handler
                0x00000000000010e0       0x1c Output/sd_card Release/Obj/bsp.o
 .text.bsp_indication_set
                0x00000000000010fc       0x18 Output/sd_card Release/Obj/bsp.o
                0x00000000000010fc                bsp_indication_set
 .text.bsp_init
                0x0000000000001114       0x9c Output/sd_card Release/Obj/bsp.o
                0x0000000000001114                bsp_init
 .text.detection_delay_timeout_handler
                0x00000000000011b0      0x104 Output/sd_card Release/Obj/app_button.o
 .text.gpiote_event_handler
                0x00000000000012b4       0xa8 Output/sd_card Release/Obj/app_button.o
 .text.app_button_init
                0x000000000000135c       0xa8 Output/sd_card Release/Obj/app_button.o
                0x000000000000135c                app_button_init
 .text.app_button_enable
                0x0000000000001404       0x2c Output/sd_card Release/Obj/app_button.o
                0x0000000000001404                app_button_enable
 .text.app_error_handler_bare
                0x0000000000001430       0x1a Output/sd_card Release/Obj/app_error.o
                0x0000000000001430                app_error_handler_bare
 *fill*         0x000000000000144a        0x2 
 .text.app_error_fault_handler
                0x000000000000144c       0x70 Output/sd_card Release/Obj/app_error_weak.o
                0x000000000000144c                app_error_fault_handler
 .text.user_op_alloc
                0x00000000000014bc       0x2c Output/sd_card Release/Obj/app_timer.o
 .text.timer_stop_op_schedule
                0x00000000000014e8       0x48 Output/sd_card Release/Obj/app_timer.o
 .text.nrfx_coredep_delay_us.constprop.3
                0x0000000000001530       0x10 Output/sd_card Release/Obj/app_timer.o
 .text.rtc1_stop
                0x0000000000001540       0x44 Output/sd_card Release/Obj/app_timer.o
 .text.RTC1_IRQHandler
                0x0000000000001584       0x9c Output/sd_card Release/Obj/app_timer.o
                0x0000000000001584                RTC1_IRQHandler
 .text.SWI0_EGU0_IRQHandler
                0x0000000000001620      0x2ac Output/sd_card Release/Obj/app_timer.o
                0x0000000000001620                SWI0_EGU0_IRQHandler
 .text.app_timer_init
                0x00000000000018cc       0x60 Output/sd_card Release/Obj/app_timer.o
                0x00000000000018cc                app_timer_init
 .text.app_timer_create
                0x000000000000192c       0x24 Output/sd_card Release/Obj/app_timer.o
                0x000000000000192c                app_timer_create
 .text.app_timer_start
                0x0000000000001950       0x84 Output/sd_card Release/Obj/app_timer.o
                0x0000000000001950                app_timer_start
 .text.app_timer_stop
                0x00000000000019d4       0x20 Output/sd_card Release/Obj/app_timer.o
                0x00000000000019d4                app_timer_stop
 .text.sdc_spi_transfer
                0x00000000000019f4       0x3c Output/sd_card Release/Obj/app_sdcard.o
 .text.sdc_cmd  0x0000000000001a30       0xa0 Output/sd_card Release/Obj/app_sdcard.o
 .text.sdc_pt_sub_data_read
                0x0000000000001ad0      0x160 Output/sd_card Release/Obj/app_sdcard.o
 .text.app_sdc_block_read
                0x0000000000001c30       0x5c Output/sd_card Release/Obj/app_sdcard.o
                0x0000000000001c30                app_sdc_block_read
 .text.app_sdc_block_write
                0x0000000000001c8c       0x70 Output/sd_card Release/Obj/app_sdcard.o
                0x0000000000001c8c                app_sdc_block_write
 .text.app_sdc_init
                0x0000000000001cfc       0xe8 Output/sd_card Release/Obj/app_sdcard.o
                0x0000000000001cfc                app_sdc_init
 .text.app_sdc_uninit
                0x0000000000001de4       0x44 Output/sd_card Release/Obj/app_sdcard.o
                0x0000000000001de4                app_sdc_uninit
 .text.spi_handler
                0x0000000000001e28      0x6e4 Output/sd_card Release/Obj/app_sdcard.o
 .text.app_sdc_busy_check
                0x000000000000250c       0x20 Output/sd_card Release/Obj/app_sdcard.o
                0x000000000000250c                app_sdc_busy_check
 .text.app_sdc_info_get
                0x000000000000252c       0x18 Output/sd_card Release/Obj/app_sdcard.o
                0x000000000000252c                app_sdc_info_get
 .text.app_util_disable_irq
                0x0000000000002544       0x10 Output/sd_card Release/Obj/app_util_platform.o
                0x0000000000002544                app_util_disable_irq
 .text.app_util_enable_irq
                0x0000000000002554       0x14 Output/sd_card Release/Obj/app_util_platform.o
                0x0000000000002554                app_util_enable_irq
 .text.app_util_critical_region_enter
                0x0000000000002568        0x4 Output/sd_card Release/Obj/app_util_platform.o
                0x0000000000002568                app_util_critical_region_enter
 .text.app_util_critical_region_exit
                0x000000000000256c        0x4 Output/sd_card Release/Obj/app_util_platform.o
                0x000000000000256c                app_util_critical_region_exit
 .text.nrf_atomic_u32_fetch_store
                0x0000000000002570       0x14 Output/sd_card Release/Obj/nrf_atomic.o
                0x0000000000002570                nrf_atomic_u32_fetch_store
 .text.nrf_atomic_u32_or
                0x0000000000002584       0x16 Output/sd_card Release/Obj/nrf_atomic.o
                0x0000000000002584                nrf_atomic_u32_or
 .text.nrf_atomic_u32_fetch_and
                0x000000000000259a       0x16 Output/sd_card Release/Obj/nrf_atomic.o
                0x000000000000259a                nrf_atomic_u32_fetch_and
 .text.nrf_atomic_u32_add
                0x00000000000025b0       0x16 Output/sd_card Release/Obj/nrf_atomic.o
                0x00000000000025b0                nrf_atomic_u32_add
 .text.nrf_atomic_u32_sub
                0x00000000000025c6       0x16 Output/sd_card Release/Obj/nrf_atomic.o
                0x00000000000025c6                nrf_atomic_u32_sub
 .text.nrf_atomic_flag_set
                0x00000000000025dc        0x6 Output/sd_card Release/Obj/nrf_atomic.o
                0x00000000000025dc                nrf_atomic_flag_set
 .text.nrf_atomic_flag_clear_fetch
                0x00000000000025e2        0x6 Output/sd_card Release/Obj/nrf_atomic.o
                0x00000000000025e2                nrf_atomic_flag_clear_fetch
 .text.nrf_balloc_init
                0x00000000000025e8       0x2e Output/sd_card Release/Obj/nrf_balloc.o
                0x00000000000025e8                nrf_balloc_init
 .text.nrf_balloc_alloc
                0x0000000000002616       0x40 Output/sd_card Release/Obj/nrf_balloc.o
                0x0000000000002616                nrf_balloc_alloc
 .text.nrf_balloc_free
                0x0000000000002656       0x2a Output/sd_card Release/Obj/nrf_balloc.o
                0x0000000000002656                nrf_balloc_free
 .text.block_dev_sdc_ioctl
                0x0000000000002680       0x1e Output/sd_card Release/Obj/nrf_block_dev_sdc.o
 .text.block_dev_sdc_geometry
                0x000000000000269e        0x4 Output/sd_card Release/Obj/nrf_block_dev_sdc.o
 .text.sdc_wait
                0x00000000000026a2        0xc Output/sd_card Release/Obj/nrf_block_dev_sdc.o
 *fill*         0x00000000000026ae        0x2 
 .text.block_dev_sdc_write_req
                0x00000000000026b0       0x7c Output/sd_card Release/Obj/nrf_block_dev_sdc.o
 .text.block_dev_sdc_read_req
                0x000000000000272c       0x7c Output/sd_card Release/Obj/nrf_block_dev_sdc.o
 .text.block_dev_sdc_uninit
                0x00000000000027a8       0x54 Output/sd_card Release/Obj/nrf_block_dev_sdc.o
 .text.block_dev_sdc_init
                0x00000000000027fc       0x7c Output/sd_card Release/Obj/nrf_block_dev_sdc.o
 .text.sdc_handler
                0x0000000000002878       0x9c Output/sd_card Release/Obj/nrf_block_dev_sdc.o
 .text.nrf_fprintf_buffer_flush
                0x0000000000002914       0x16 Output/sd_card Release/Obj/nrf_fprintf.o
                0x0000000000002914                nrf_fprintf_buffer_flush
 .text.nrf_fprintf
                0x000000000000292a       0x1e Output/sd_card Release/Obj/nrf_fprintf.o
                0x000000000000292a                nrf_fprintf
 .text.buffer_add
                0x0000000000002948       0x2e Output/sd_card Release/Obj/nrf_fprintf_format.o
 *fill*         0x0000000000002976        0x2 
 .text.unsigned_print
                0x0000000000002978       0xac Output/sd_card Release/Obj/nrf_fprintf_format.o
 .text.nrf_fprintf_fmt
                0x0000000000002a24      0x28a Output/sd_card Release/Obj/nrf_fprintf_format.o
                0x0000000000002a24                nrf_fprintf_fmt
 .text.memobj_op
                0x0000000000002cae       0x82 Output/sd_card Release/Obj/nrf_memobj.o
 .text.nrf_memobj_pool_init
                0x0000000000002d30        0x4 Output/sd_card Release/Obj/nrf_memobj.o
                0x0000000000002d30                nrf_memobj_pool_init
 .text.nrf_memobj_free
                0x0000000000002d34       0x2c Output/sd_card Release/Obj/nrf_memobj.o
                0x0000000000002d34                nrf_memobj_free
 .text.nrf_memobj_alloc
                0x0000000000002d60       0x5e Output/sd_card Release/Obj/nrf_memobj.o
                0x0000000000002d60                nrf_memobj_alloc
 .text.nrf_memobj_get
                0x0000000000002dbe        0x8 Output/sd_card Release/Obj/nrf_memobj.o
                0x0000000000002dbe                nrf_memobj_get
 .text.nrf_memobj_put
                0x0000000000002dc6       0x1e Output/sd_card Release/Obj/nrf_memobj.o
                0x0000000000002dc6                nrf_memobj_put
 .text.nrf_memobj_write
                0x0000000000002de4       0x16 Output/sd_card Release/Obj/nrf_memobj.o
                0x0000000000002de4                nrf_memobj_write
 .text.nrf_memobj_read
                0x0000000000002dfa       0x16 Output/sd_card Release/Obj/nrf_memobj.o
                0x0000000000002dfa                nrf_memobj_read
 .text.nrf_ringbuf_init
                0x0000000000002e10       0x12 Output/sd_card Release/Obj/nrf_ringbuf.o
                0x0000000000002e10                nrf_ringbuf_init
 *fill*         0x0000000000002e22        0x2 
 .text.spim_evt_handler
                0x0000000000002e24       0x3c Output/sd_card Release/Obj/nrf_drv_spi.o
 .text.nrf_drv_spi_init
                0x0000000000002e60       0x80 Output/sd_card Release/Obj/nrf_drv_spi.o
                0x0000000000002e60                nrf_drv_spi_init
 .text.nrf_gpiote_event_clear
                0x0000000000002ee0       0x18 Output/sd_card Release/Obj/nrfx_gpiote.o
 .text.nrf_gpio_cfg_sense_set
                0x0000000000002ef8       0x20 Output/sd_card Release/Obj/nrfx_gpiote.o
 .text.channel_free
                0x0000000000002f18       0x1c Output/sd_card Release/Obj/nrfx_gpiote.o
 .text.nrfx_gpiote_init
                0x0000000000002f34       0x6c Output/sd_card Release/Obj/nrfx_gpiote.o
                0x0000000000002f34                nrfx_gpiote_init
 .text.nrfx_gpiote_is_init
                0x0000000000002fa0       0x14 Output/sd_card Release/Obj/nrfx_gpiote.o
                0x0000000000002fa0                nrfx_gpiote_is_init
 .text.nrfx_gpiote_in_init
                0x0000000000002fb4       0xf0 Output/sd_card Release/Obj/nrfx_gpiote.o
                0x0000000000002fb4                nrfx_gpiote_in_init
 .text.nrfx_gpiote_in_event_enable
                0x00000000000030a4       0x8c Output/sd_card Release/Obj/nrfx_gpiote.o
                0x00000000000030a4                nrfx_gpiote_in_event_enable
 .text.nrfx_gpiote_in_is_set
                0x0000000000003130       0x12 Output/sd_card Release/Obj/nrfx_gpiote.o
                0x0000000000003130                nrfx_gpiote_in_is_set
 *fill*         0x0000000000003142        0x2 
 .text.GPIOTE_IRQHandler
                0x0000000000003144      0x17c Output/sd_card Release/Obj/nrfx_gpiote.o
                0x0000000000003144                GPIOTE_IRQHandler
 .text.UARTE0_UART0_IRQHandler
                0x00000000000032c0        0xc Output/sd_card Release/Obj/nrfx_prs.o
                0x00000000000032c0                UARTE0_UART0_IRQHandler
 .text.nrfx_prs_acquire
                0x00000000000032cc       0x34 Output/sd_card Release/Obj/nrfx_prs.o
                0x00000000000032cc                nrfx_prs_acquire
 .text.nrfx_prs_release
                0x0000000000003300       0x18 Output/sd_card Release/Obj/nrfx_prs.o
                0x0000000000003300                nrfx_prs_release
 .text.SPIM0_SPIS0_TWIM0_TWIS0_SPI0_TWI0_IRQHandler
                0x0000000000003318       0x58 Output/sd_card Release/Obj/nrfx_spim.o
                0x0000000000003318                SPIM0_SPIS0_TWIM0_TWIS0_SPI0_TWI0_IRQHandler
 .text.nrfx_spim_init
                0x0000000000003370      0x1cc Output/sd_card Release/Obj/nrfx_spim.o
                0x0000000000003370                nrfx_spim_init
 .text.nrfx_spim_uninit
                0x000000000000353c       0x84 Output/sd_card Release/Obj/nrfx_spim.o
                0x000000000000353c                nrfx_spim_uninit
 .text.nrfx_spim_xfer
                0x00000000000035c0      0x128 Output/sd_card Release/Obj/nrfx_spim.o
                0x00000000000035c0                nrfx_spim_xfer
 .text.nrfx_timer_init
                0x00000000000036e8       0xd0 Output/sd_card Release/Obj/nrfx_timer.o
                0x00000000000036e8                nrfx_timer_init
 .text.nrfx_timer_enable
                0x00000000000037b8       0x1c Output/sd_card Release/Obj/nrfx_timer.o
                0x00000000000037b8                nrfx_timer_enable
 .text.nrfx_timer_compare
                0x00000000000037d4       0x32 Output/sd_card Release/Obj/nrfx_timer.o
                0x00000000000037d4                nrfx_timer_compare
 .text.nrfx_timer_extended_compare
                0x0000000000003806       0x2c Output/sd_card Release/Obj/nrfx_timer.o
                0x0000000000003806                nrfx_timer_extended_compare
 *fill*         0x0000000000003832        0x2 
 .text.TIMER0_IRQHandler
                0x0000000000003834       0x54 Output/sd_card Release/Obj/nrfx_timer.o
                0x0000000000003834                TIMER0_IRQHandler
 .text.timer_led_event_handler
                0x0000000000003888       0x20 Output/sd_card Release/Obj/main.o
                0x0000000000003888                timer_led_event_handler
 .text.bsp_evt_handler
                0x00000000000038a8       0x9c Output/sd_card Release/Obj/main.o
                0x00000000000038a8                bsp_evt_handler
 .text.mountSD  0x0000000000003944       0x90 Output/sd_card Release/Obj/main.o
                0x0000000000003944                mountSD
 .text.listDirSD
                0x00000000000039d4       0xbc Output/sd_card Release/Obj/main.o
                0x00000000000039d4                listDirSD
 .text.openfileSD
                0x0000000000003a90       0x50 Output/sd_card Release/Obj/main.o
                0x0000000000003a90                openfileSD
 .text.writeFileSD
                0x0000000000003ae0       0x5c Output/sd_card Release/Obj/main.o
                0x0000000000003ae0                writeFileSD
 .text.readFileSD
                0x0000000000003b3c       0xd4 Output/sd_card Release/Obj/main.o
                0x0000000000003b3c                readFileSD
 .text.closeFileSD
                0x0000000000003c10        0xc Output/sd_card Release/Obj/main.o
                0x0000000000003c10                closeFileSD
 .text.fatfs_example
                0x0000000000003c1c       0x64 Output/sd_card Release/Obj/main.o
 .text.clock_initialization
                0x0000000000003c80       0x1c Output/sd_card Release/Obj/main.o
                0x0000000000003c80                clock_initialization
 .text.bsp_configuration
                0x0000000000003c9c       0x1c Output/sd_card Release/Obj/main.o
                0x0000000000003c9c                bsp_configuration
 .text.startup.main
                0x0000000000003cb8      0x158 Output/sd_card Release/Obj/main.o
                0x0000000000003cb8                main
 .text._GetAvailWriteSpace
                0x0000000000003e10       0x1c Output/sd_card Release/Obj/SEGGER_RTT.o
 .text._WriteNoCheck
                0x0000000000003e2c       0x3a Output/sd_card Release/Obj/SEGGER_RTT.o
 .text._WriteBlocking
                0x0000000000003e66       0x52 Output/sd_card Release/Obj/SEGGER_RTT.o
 .text._DoInit  0x0000000000003eb8       0x60 Output/sd_card Release/Obj/SEGGER_RTT.o
 .text.SEGGER_RTT_WriteNoLock
                0x0000000000003f18       0x68 Output/sd_card Release/Obj/SEGGER_RTT.o
                0x0000000000003f18                SEGGER_RTT_WriteNoLock
 .text.SEGGER_RTT_Init
                0x0000000000003f80        0x4 Output/sd_card Release/Obj/SEGGER_RTT.o
                0x0000000000003f80                SEGGER_RTT_Init
 .text.block_dev_handler
                0x0000000000003f84       0x20 Output/sd_card Release/Obj/diskio_blkdev.o
 .text.default_wait_func
                0x0000000000003fa4        0x4 Output/sd_card Release/Obj/diskio_blkdev.o
 .text.disk_initialize
                0x0000000000003fa8       0x78 Output/sd_card Release/Obj/diskio_blkdev.o
                0x0000000000003fa8                disk_initialize
 .text.disk_status
                0x0000000000004020       0x28 Output/sd_card Release/Obj/diskio_blkdev.o
                0x0000000000004020                disk_status
 .text.disk_read
                0x0000000000004048       0x7c Output/sd_card Release/Obj/diskio_blkdev.o
                0x0000000000004048                disk_read
 .text.disk_write
                0x00000000000040c4       0x88 Output/sd_card Release/Obj/diskio_blkdev.o
                0x00000000000040c4                disk_write
 .text.disk_ioctl
                0x000000000000414c       0x90 Output/sd_card Release/Obj/diskio_blkdev.o
                0x000000000000414c                disk_ioctl
 .text.diskio_blockdev_register
                0x00000000000041dc       0x14 Output/sd_card Release/Obj/diskio_blkdev.o
                0x00000000000041dc                diskio_blockdev_register
 .text.ld_dword
                0x00000000000041f0       0x10 Output/sd_card Release/Obj/ff.o
 .text.st_dword
                0x0000000000004200       0x10 Output/sd_card Release/Obj/ff.o
 .text.mem_set  0x0000000000004210        0xc Output/sd_card Release/Obj/ff.o
 .text.clust2sect
                0x000000000000421c       0x16 Output/sd_card Release/Obj/ff.o
 .text.get_ldnumber
                0x0000000000004232       0x30 Output/sd_card Release/Obj/ff.o
 .text.validate
                0x0000000000004262       0x36 Output/sd_card Release/Obj/ff.o
 .text.mem_cpy.part.0
                0x0000000000004298       0x12 Output/sd_card Release/Obj/ff.o
 .text.ld_clust.isra.1
                0x00000000000042aa       0x1c Output/sd_card Release/Obj/ff.o
 .text.st_clust.isra.2
                0x00000000000042c6       0x18 Output/sd_card Release/Obj/ff.o
 .text.get_fileinfo.part.3
                0x00000000000042de       0x56 Output/sd_card Release/Obj/ff.o
 .text.sync_window.part.4
                0x0000000000004334       0x46 Output/sd_card Release/Obj/ff.o
 .text.sync_window
                0x000000000000437a        0xc Output/sd_card Release/Obj/ff.o
 .text.move_window
                0x0000000000004386       0x36 Output/sd_card Release/Obj/ff.o
 .text.check_fs
                0x00000000000043bc       0x80 Output/sd_card Release/Obj/ff.o
 .text.find_volume
                0x000000000000443c      0x290 Output/sd_card Release/Obj/ff.o
 .text.put_fat  0x00000000000046cc       0xf8 Output/sd_card Release/Obj/ff.o
 .text.get_fat.isra.8
                0x00000000000047c4       0xb4 Output/sd_card Release/Obj/ff.o
 .text.create_chain
                0x0000000000004878       0xb0 Output/sd_card Release/Obj/ff.o
 .text.remove_chain
                0x0000000000004928       0x6e Output/sd_card Release/Obj/ff.o
 .text.sync_fs  0x0000000000004996       0x96 Output/sd_card Release/Obj/ff.o
 .text.dir_sdi.constprop.12
                0x0000000000004a2c       0x66 Output/sd_card Release/Obj/ff.o
 .text.dir_next
                0x0000000000004a92       0xea Output/sd_card Release/Obj/ff.o
 .text.follow_path
                0x0000000000004b7c      0x1b0 Output/sd_card Release/Obj/ff.o
 .text.dir_read.constprop.10
                0x0000000000004d2c       0x54 Output/sd_card Release/Obj/ff.o
 .text.dir_register
                0x0000000000004d80       0x62 Output/sd_card Release/Obj/ff.o
 *fill*         0x0000000000004de2        0x2 
 .text.f_mount  0x0000000000004de4       0x50 Output/sd_card Release/Obj/ff.o
                0x0000000000004de4                f_mount
 .text.f_open   0x0000000000004e34      0x1ca Output/sd_card Release/Obj/ff.o
                0x0000000000004e34                f_open
 .text.f_read   0x0000000000004ffe      0x14c Output/sd_card Release/Obj/ff.o
                0x0000000000004ffe                f_read
 .text.f_write  0x000000000000514a      0x18a Output/sd_card Release/Obj/ff.o
                0x000000000000514a                f_write
 .text.f_sync   0x00000000000052d4       0x8c Output/sd_card Release/Obj/ff.o
                0x00000000000052d4                f_sync
 .text.f_close  0x0000000000005360       0x1a Output/sd_card Release/Obj/ff.o
                0x0000000000005360                f_close
 .text.f_opendir
                0x000000000000537a       0x66 Output/sd_card Release/Obj/ff.o
                0x000000000000537a                f_opendir
 .text.f_readdir
                0x00000000000053e0       0x42 Output/sd_card Release/Obj/ff.o
                0x00000000000053e0                f_readdir
 *fill*         0x0000000000005422        0x2 
 .text.errata_12
                0x0000000000005424       0x40 Output/sd_card Release/Obj/system_nrf52.o
 .text.errata_16
                0x0000000000005464       0x34 Output/sd_card Release/Obj/system_nrf52.o
 .text.SystemInit
                0x0000000000005498      0x25c Output/sd_card Release/Obj/system_nrf52.o
                0x0000000000005498                SystemInit
 .text.libc.__int64_udivmod
                0x00000000000056f4       0xce E:/SeggerIDE/lib/libc_v7em_fpv4_sp_d16_hard_t_le_eabi.a(libc_asm.o)
                0x00000000000056f4                __aeabi_uldivmod
                0x00000000000056f4                __int64_udiv
                0x00000000000056f4                __udivdi3
                0x00000000000056f4                __int64_udivmod
 *fill*         0x00000000000057c2        0x2 
 .text.libc.__RAL_ascii_isctype
                0x00000000000057c4       0x1c E:/SeggerIDE/lib/libc_v7em_fpv4_sp_d16_hard_t_le_eabi.a(libc2.o)
 .text.libc.__RAL_ascii_toupper
                0x00000000000057e0        0xc E:/SeggerIDE/lib/libc_v7em_fpv4_sp_d16_hard_t_le_eabi.a(libc2.o)
 .text.libc.__RAL_ascii_tolower
                0x00000000000057ec        0xc E:/SeggerIDE/lib/libc_v7em_fpv4_sp_d16_hard_t_le_eabi.a(libc2.o)
 .text.libc.__RAL_ascii_iswctype
                0x00000000000057f8       0x1c E:/SeggerIDE/lib/libc_v7em_fpv4_sp_d16_hard_t_le_eabi.a(libc2.o)
 .text.libc.__RAL_ascii_towupper
                0x0000000000005814        0xc E:/SeggerIDE/lib/libc_v7em_fpv4_sp_d16_hard_t_le_eabi.a(libc2.o)
 .text.libc.__RAL_ascii_towlower
                0x0000000000005820        0xc E:/SeggerIDE/lib/libc_v7em_fpv4_sp_d16_hard_t_le_eabi.a(libc2.o)
 .text.libc.__RAL_ascii_wctomb
                0x000000000000582c        0xe E:/SeggerIDE/lib/libc_v7em_fpv4_sp_d16_hard_t_le_eabi.a(libc2.o)
                0x000000000000582c                __RAL_ascii_wctomb
 .text.libc.__RAL_ascii_mbtowc
                0x000000000000583a       0x24 E:/SeggerIDE/lib/libc_v7em_fpv4_sp_d16_hard_t_le_eabi.a(libc2.o)
                0x000000000000583a                __RAL_ascii_mbtowc
 .text.libc.__putc
                0x000000000000585e       0x34 E:/SeggerIDE/lib/libc_v7em_fpv4_sp_d16_hard_t_le_eabi.a(libc2.o)
                0x000000000000585e                __putc
 .text.libc.__RAL_print_padding
                0x0000000000005892       0x1c E:/SeggerIDE/lib/libc_v7em_fpv4_sp_d16_hard_t_le_eabi.a(libc2.o)
                0x0000000000005892                __RAL_print_padding
 .text.libc.__RAL_pre_padding
                0x00000000000058ae       0x1c E:/SeggerIDE/lib/libc_v7em_fpv4_sp_d16_hard_t_le_eabi.a(libc2.o)
                0x00000000000058ae                __RAL_pre_padding
 *fill*         0x00000000000058ca        0x2 
 .text.libc.__RAL_isctype
                0x00000000000058cc       0x14 E:/SeggerIDE/lib/libc_v7em_fpv4_sp_d16_hard_t_le_eabi.a(libc2.o)
                0x00000000000058cc                __RAL_isctype
 .text.libc.isprint
                0x00000000000058e0        0xa E:/SeggerIDE/lib/libc_v7em_fpv4_sp_d16_hard_t_le_eabi.a(libc2.o)
                0x00000000000058e0                isprint
 .text.libc.sprintf
                0x00000000000058ea       0x2a E:/SeggerIDE/lib/libc_v7em_fpv4_sp_d16_hard_t_le_eabi.a(libc2.o)
                0x00000000000058ea                sprintf
 .text.libc.strnlen
                0x0000000000005914       0x20 E:/SeggerIDE/lib/libc_v7em_fpv4_sp_d16_hard_t_le_eabi.a(libc2.o)
                0x0000000000005914                strnlen
 .text.libc.memcpy
                0x0000000000005934       0x52 E:/SeggerIDE/lib/libc_v7em_fpv4_sp_d16_hard_t_le_eabi.a(libc2_asm.o)
                0x0000000000005934                __aeabi_memcpy
                0x0000000000005934                memcpy
                0x0000000000005940                __aeabi_memcpy8
                0x0000000000005940                __aeabi_memcpy4
 .text.libc.memset
                0x0000000000005986       0x66 E:/SeggerIDE/lib/libc_v7em_fpv4_sp_d16_hard_t_le_eabi.a(libc2_asm.o)
                0x0000000000005986                memset
 .text.libc.strcpy
                0x00000000000059ec       0x44 E:/SeggerIDE/lib/libc_v7em_fpv4_sp_d16_hard_t_le_eabi.a(libc2_asm.o)
                0x00000000000059ec                strcpy
 .text.libc.strlen
                0x0000000000005a30       0x60 E:/SeggerIDE/lib/libc_v7em_fpv4_sp_d16_hard_t_le_eabi.a(libc2_asm.o)
                0x0000000000005a30                strlen
 .text.libc.__vfprintf_long
                0x0000000000005a90      0x730 E:/SeggerIDE/lib/libvfprintf_v7em_fpv4_sp_d16_hard_t_le_eabi.o
                0x0000000000005a90                __vfprintf_long
                0x00000000000061c0                __text_end__ = (__text_start__ + SIZEOF (.text))
                0x0000000000005de8                __text_size__ = SIZEOF (.text)
                0x00000000000061c0                __text_load_end__ = __text_end__

.vfp11_veneer   0x0000000100000000        0x0
 .vfp11_veneer  0x0000000100000000        0x0 linker stubs

.v4_bx          0x0000000100000000        0x0
 .v4_bx         0x0000000100000000        0x0 linker stubs

.iplt           0x0000000100000000        0x0
 .iplt          0x0000000100000000        0x0 Output/sd_card Release/Obj/thumb_crt0.o
                0x0000000000000001                . = ASSERT (((__text_start__ == __text_end__) || ((__text_end__ >= __FLASH_segment_start__) && (__text_end__ <= __FLASH_segment_end__))), error: .text is too large to fit in FLASH memory segment)
                0x00000000000061c0                __log_const_data_load_start__ = ALIGN (__text_end__, 0x4)

.log_const_data
                0x00000000000061c0       0x38
                0x00000000000061c0                __log_const_data_start__ = .
                0x00000000000061c0                __start_log_const_data = __log_const_data_start__
 *(SORT_BY_NAME(.log_const_data*))
 .log_const_data_GPIOTE
                0x00000000000061c0        0x8 Output/sd_card Release/Obj/nrfx_gpiote.o
                0x00000000000061c0                m_nrf_log_GPIOTE_logs_data_const
 .log_const_data_PRS
                0x00000000000061c8        0x8 Output/sd_card Release/Obj/nrfx_prs.o
                0x00000000000061c8                m_nrf_log_PRS_logs_data_const
 .log_const_data_SPIM
                0x00000000000061d0        0x8 Output/sd_card Release/Obj/nrfx_spim.o
                0x00000000000061d0                m_nrf_log_SPIM_logs_data_const
 .log_const_data_TIMER
                0x00000000000061d8        0x8 Output/sd_card Release/Obj/nrfx_timer.o
                0x00000000000061d8                m_nrf_log_TIMER_logs_data_const
 .log_const_data_UART
                0x00000000000061e0        0x8 Output/sd_card Release/Obj/nrfx_uart.o
                0x00000000000061e0                m_nrf_log_UART_logs_data_const
 .log_const_data_UARTE
                0x00000000000061e8        0x8 Output/sd_card Release/Obj/nrfx_uarte.o
                0x00000000000061e8                m_nrf_log_UARTE_logs_data_const
 .log_const_data_app
                0x00000000000061f0        0x8 Output/sd_card Release/Obj/nrf_log_frontend.o
                0x00000000000061f0                m_nrf_log_app_logs_data_const
                0x00000000000061f8                __log_const_data_end__ = (__log_const_data_start__ + SIZEOF (.log_const_data))
                0x0000000000000038                __log_const_data_size__ = SIZEOF (.log_const_data)
                0x00000000000061f8                __stop_log_const_data = __log_const_data_end__
                0x00000000000061f8                __log_const_data_load_end__ = __log_const_data_end__
                0x0000000000000001                . = ASSERT (((__log_const_data_start__ == __log_const_data_end__) || ((__log_const_data_end__ >= __FLASH_segment_start__) && (__log_const_data_end__ <= __FLASH_segment_end__))), error: .log_const_data is too large to fit in FLASH memory segment)
                0x00000000000061f8                __log_backends_load_start__ = ALIGN (__log_const_data_end__, 0x4)

.log_backends   0x00000000000061f8       0x10
                0x00000000000061f8                __log_backends_start__ = .
                0x00000000000061f8                __start_log_backends = __log_backends_start__
 *(SORT_BY_NAME(.log_backends*))
 .log_backends  0x00000000000061f8       0x10 Output/sd_card Release/Obj/nrf_log_default_backends.o
                0x0000000000006208                __log_backends_end__ = (__log_backends_start__ + SIZEOF (.log_backends))
                0x0000000000000010                __log_backends_size__ = SIZEOF (.log_backends)
                0x0000000000006208                __stop_log_backends = __log_backends_end__
                0x0000000000006208                __log_backends_load_end__ = __log_backends_end__
                0x0000000000000001                . = ASSERT (((__log_backends_start__ == __log_backends_end__) || ((__log_backends_end__ >= __FLASH_segment_start__) && (__log_backends_end__ <= __FLASH_segment_end__))), error: .log_backends is too large to fit in FLASH memory segment)
                0x0000000000006208                __nrf_balloc_load_start__ = ALIGN (__log_backends_end__, 0x4)

.nrf_balloc     0x0000000000006208       0x14
                0x0000000000006208                __nrf_balloc_start__ = .
                0x0000000000006208                __start_nrf_balloc = __nrf_balloc_start__
 *(.nrf_balloc*)
 .nrf_balloc    0x0000000000006208       0x14 Output/sd_card Release/Obj/nrf_log_frontend.o
                0x0000000000006208                log_mempool
                0x000000000000621c                __nrf_balloc_end__ = (__nrf_balloc_start__ + SIZEOF (.nrf_balloc))
                0x0000000000000014                __nrf_balloc_size__ = SIZEOF (.nrf_balloc)
                0x000000000000621c                __stop_nrf_balloc = __nrf_balloc_end__
                0x000000000000621c                __nrf_balloc_load_end__ = __nrf_balloc_end__
                0x0000000000000001                . = ASSERT (((__nrf_balloc_start__ == __nrf_balloc_end__) || ((__nrf_balloc_end__ >= __FLASH_segment_start__) && (__nrf_balloc_end__ <= __FLASH_segment_end__))), error: .nrf_balloc is too large to fit in FLASH memory segment)
                0x000000000000621c                __nrf_sections_load_start__ = ALIGN (__nrf_balloc_end__, 0x4)

.nrf_sections   0x000000000000621c        0x0
                0x000000000000621c                __nrf_sections_start__ = .
                0x000000000000621c                __start_nrf_sections = __nrf_sections_start__
 *(.nrf_sections .nrf_sections.*)
                0x000000000000621c                __nrf_sections_end__ = (__nrf_sections_start__ + SIZEOF (.nrf_sections))
                0x0000000000000000                __nrf_sections_size__ = SIZEOF (.nrf_sections)
                0x000000000000621c                __nrf_sections_load_end__ = __nrf_sections_end__
                0x0000000000000001                . = ASSERT (((__nrf_sections_start__ == __nrf_sections_end__) || ((__nrf_sections_end__ >= __FLASH_segment_start__) && (__nrf_sections_end__ <= __FLASH_segment_end__))), error: .nrf_sections is too large to fit in FLASH memory segment)
                0x000000000000621c                __log_dynamic_data_load_start__ = ALIGN (__nrf_sections_end__, 0x4)

.log_dynamic_data
                0x0000000020000000        0x0 load address 0x000000000000621c
                0x0000000020000000                __log_dynamic_data_start__ = .
 *(SORT_BY_NAME(.log_dynamic_data*))
                0x0000000020000000                __log_dynamic_data_end__ = (__log_dynamic_data_start__ + SIZEOF (.log_dynamic_data))
                0x0000000000000000                __log_dynamic_data_size__ = SIZEOF (.log_dynamic_data)
                0x000000000000621c                __log_dynamic_data_load_end__ = (__log_dynamic_data_load_start__ + SIZEOF (.log_dynamic_data))
                0x0000000000000001                . = ASSERT (((__log_dynamic_data_load_start__ == __log_dynamic_data_load_end__) || ((__log_dynamic_data_load_end__ >= __FLASH_segment_start__) && (__log_dynamic_data_load_end__ <= __FLASH_segment_end__))), error: .log_dynamic_data is too large to fit in FLASH memory segment)

.log_dynamic_data_run
                0x0000000020000000        0x0
                0x0000000020000000                __log_dynamic_data_run_start__ = .
                0x0000000020000000                __start_log_dynamic_data = __log_dynamic_data_run_start__
                0x0000000020000000                . = MAX ((__log_dynamic_data_run_start__ + SIZEOF (.log_dynamic_data)), .)
                0x0000000020000000                __log_dynamic_data_run_end__ = (__log_dynamic_data_run_start__ + SIZEOF (.log_dynamic_data_run))
                0x0000000000000000                __log_dynamic_data_run_size__ = SIZEOF (.log_dynamic_data_run)
                0x0000000020000000                __stop_log_dynamic_data = __log_dynamic_data_run_end__
                0x0000000020000000                __log_dynamic_data_run_load_end__ = __log_dynamic_data_run_end__
                0x0000000000000001                . = ASSERT (((__log_dynamic_data_run_start__ == __log_dynamic_data_run_end__) || ((__log_dynamic_data_run_end__ >= __RAM_segment_start__) && (__log_dynamic_data_run_end__ <= __RAM_segment_end__))), error: .log_dynamic_data_run is too large to fit in RAM memory segment)
                0x000000000000621c                __log_filter_data_load_start__ = ALIGN ((__log_dynamic_data_load_start__ + SIZEOF (.log_dynamic_data)), 0x4)

.log_filter_data
                0x0000000020000000        0x0 load address 0x000000000000621c
                0x0000000020000000                __log_filter_data_start__ = .
 *(SORT_BY_NAME(.log_filter_data*))
                0x0000000020000000                __log_filter_data_end__ = (__log_filter_data_start__ + SIZEOF (.log_filter_data))
                0x0000000000000000                __log_filter_data_size__ = SIZEOF (.log_filter_data)
                0x000000000000621c                __log_filter_data_load_end__ = (__log_filter_data_load_start__ + SIZEOF (.log_filter_data))
                0x0000000000000001                . = ASSERT (((__log_filter_data_load_start__ == __log_filter_data_load_end__) || ((__log_filter_data_load_end__ >= __FLASH_segment_start__) && (__log_filter_data_load_end__ <= __FLASH_segment_end__))), error: .log_filter_data is too large to fit in FLASH memory segment)

.log_filter_data_run
                0x0000000020000000        0x0
                0x0000000020000000                __log_filter_data_run_start__ = .
                0x0000000020000000                __start_log_filter_data = __log_filter_data_run_start__
                0x0000000020000000                . = MAX ((__log_filter_data_run_start__ + SIZEOF (.log_filter_data)), .)
                0x0000000020000000                __log_filter_data_run_end__ = (__log_filter_data_run_start__ + SIZEOF (.log_filter_data_run))
                0x0000000000000000                __log_filter_data_run_size__ = SIZEOF (.log_filter_data_run)
                0x0000000020000000                __stop_log_filter_data = __log_filter_data_run_end__
                0x0000000020000000                __log_filter_data_run_load_end__ = __log_filter_data_run_end__
                0x0000000000000001                . = ASSERT (((__log_filter_data_run_start__ == __log_filter_data_run_end__) || ((__log_filter_data_run_end__ >= __RAM_segment_start__) && (__log_filter_data_run_end__ <= __RAM_segment_end__))), error: .log_filter_data_run is too large to fit in RAM memory segment)
                0x0000000020000000                __nrf_sections_run_end_load_start__ = ALIGN (__log_filter_data_run_end__, 0x4)

.nrf_sections_run_end
                0x0000000020000000        0x0
                0x0000000020000000                __nrf_sections_run_end_start__ = .
                0x0000000020000000                __end_nrf_sections_run = __nrf_sections_run_end_start__
 *(.nrf_sections_run_end .nrf_sections_run_end.*)
                0x0000000020000000                __nrf_sections_run_end_end__ = (__nrf_sections_run_end_start__ + SIZEOF (.nrf_sections_run_end))
                0x0000000000000000                __nrf_sections_run_end_size__ = SIZEOF (.nrf_sections_run_end)
                0x0000000020000000                __nrf_sections_run_end_load_end__ = __nrf_sections_run_end_end__
                0x0000000000000001                . = ASSERT (((__nrf_sections_run_end_start__ == __nrf_sections_run_end_end__) || ((__nrf_sections_run_end_end__ >= __RAM_segment_start__) && (__nrf_sections_run_end_end__ <= __RAM_segment_end__))), error: .nrf_sections_run_end is too large to fit in RAM memory segment)
                0x000000000000621c                __dtors_load_start__ = ALIGN ((__log_filter_data_load_start__ + SIZEOF (.log_filter_data)), 0x4)

.dtors          0x000000000000621c        0x0
                0x000000000000621c                __dtors_start__ = .
 *(SORT_BY_NAME(.dtors.*))
 *(.dtors)
 *(.fini_array)
 *(SORT_BY_NAME(.fini_array.*))
                0x000000000000621c                __dtors_end__ = (__dtors_start__ + SIZEOF (.dtors))
                0x0000000000000000                __dtors_size__ = SIZEOF (.dtors)
                0x000000000000621c                __dtors_load_end__ = __dtors_end__
                0x0000000000000001                . = ASSERT (((__dtors_start__ == __dtors_end__) || ((__dtors_end__ >= __FLASH_segment_start__) && (__dtors_end__ <= __FLASH_segment_end__))), error: .dtors is too large to fit in FLASH memory segment)
                0x000000000000621c                __ctors_load_start__ = ALIGN (__dtors_end__, 0x4)

.ctors          0x000000000000621c        0x0
                0x000000000000621c                __ctors_start__ = .
 *(SORT_BY_NAME(.ctors.*))
 *(.ctors)
 *(.init_array)
 *(SORT_BY_NAME(.init_array.*))
                0x000000000000621c                __ctors_end__ = (__ctors_start__ + SIZEOF (.ctors))
                0x0000000000000000                __ctors_size__ = SIZEOF (.ctors)
                0x000000000000621c                __ctors_load_end__ = __ctors_end__
                0x0000000000000001                . = ASSERT (((__ctors_start__ == __ctors_end__) || ((__ctors_end__ >= __FLASH_segment_start__) && (__ctors_end__ <= __FLASH_segment_end__))), error: .ctors is too large to fit in FLASH memory segment)
                0x000000000000621c                __rodata_load_start__ = ALIGN (__ctors_end__, 0x4)

.rodata         0x000000000000621c      0x964
                0x000000000000621c                __rodata_start__ = .
 *(.rodata .rodata.* .gnu.linkonce.r.*)
 *fill*         0x000000000000621c        0x4 
 .rodata.delay_machine_code.8106
                0x0000000000006220        0x6 Output/sd_card Release/Obj/nrf_log_backend_rtt.o
 *fill*         0x0000000000006226        0x2 
 .rodata.nrf_log_backend_rtt_api
                0x0000000000006228        0xc Output/sd_card Release/Obj/nrf_log_backend_rtt.o
                0x0000000000006228                nrf_log_backend_rtt_api
 .rodata.str1.1
                0x0000000000006234       0x10 Output/sd_card Release/Obj/nrf_log_default_backends.o
 .rodata.m_log_push_ringbuf
                0x0000000000006244        0xc Output/sd_card Release/Obj/nrf_log_frontend.o
 .rodata.nrf_log_frontend_dequeue.str1.1
                0x0000000000006250       0x11 Output/sd_card Release/Obj/nrf_log_frontend.o
 .rodata.str1.1
                0x0000000000006261        0x4 Output/sd_card Release/Obj/nrf_log_frontend.o
 *fill*         0x0000000000006265        0x3 
 .rodata.m_colors
                0x0000000000006268       0x24 Output/sd_card Release/Obj/nrf_log_str_formatter.o
 .rodata.nrf_log_hexdump_entry_process.str1.1
                0x000000000000628c        0xf Output/sd_card Release/Obj/nrf_log_str_formatter.o
                                         0x11 (size before relaxing)
 .rodata.postfix_process.str1.1
                0x000000000000629b        0x5 Output/sd_card Release/Obj/nrf_log_str_formatter.o
                                          0xb (size before relaxing)
 .rodata.prefix_process.str1.1
                0x00000000000062a0       0x2a Output/sd_card Release/Obj/nrf_log_str_formatter.o
 *fill*         0x00000000000062ca        0x2 
 .rodata.severity_names
                0x00000000000062cc       0x14 Output/sd_card Release/Obj/nrf_log_str_formatter.o
 .rodata.str1.1
                0x00000000000062e0       0x4b Output/sd_card Release/Obj/nrf_log_str_formatter.o
                                         0x51 (size before relaxing)
 .rodata.m_board_led_list
                0x000000000000632b        0x4 Output/sd_card Release/Obj/boards.o
 *fill*         0x000000000000632f        0x1 
 .rodata.app_buttons
                0x0000000000006330       0x20 Output/sd_card Release/Obj/bsp.o
 .rodata.m_bsp_alert_tmr
                0x0000000000006350        0x4 Output/sd_card Release/Obj/bsp.o
 .rodata.m_bsp_button_tmr
                0x0000000000006354        0x4 Output/sd_card Release/Obj/bsp.o
 .rodata.m_bsp_leds_tmr
                0x0000000000006358        0x4 Output/sd_card Release/Obj/bsp.o
 .rodata.m_detection_delay_timer_id
                0x000000000000635c        0x4 Output/sd_card Release/Obj/app_button.o
 .rodata.app_error_fault_handler.str1.1
                0x0000000000006360       0x19 Output/sd_card Release/Obj/app_error_weak.o
 *fill*         0x0000000000006379        0x7 
 .rodata.delay_machine_code.7832
                0x0000000000006380        0x6 Output/sd_card Release/Obj/app_timer.o
 *fill*         0x0000000000006386        0x2 
 .rodata.m_spi  0x0000000000006388       0x10 Output/sd_card Release/Obj/app_sdcard.o
 .rodata.nrf_block_device_sdc_ops
                0x0000000000006398       0x18 Output/sd_card Release/Obj/nrf_block_dev_sdc.o
                0x0000000000006398                nrf_block_device_sdc_ops
 .rodata._aV2C.7427
                0x00000000000063b0       0x10 Output/sd_card Release/Obj/nrf_fprintf_format.o
 .rodata        0x00000000000063c0       0x10 Output/sd_card Release/Obj/nrf_drv_spi.o
 .rodata.str1.1
                0x00000000000063d0        0x7 Output/sd_card Release/Obj/nrfx_gpiote.o
 .rodata.str1.1
                0x00000000000063d7        0x4 Output/sd_card Release/Obj/nrfx_prs.o
 .rodata.str1.1
                0x00000000000063db        0x5 Output/sd_card Release/Obj/nrfx_spim.o
 .rodata.str1.1
                0x00000000000063e0        0x5 Output/sd_card Release/Obj/nrfx_uart.o
 .rodata.str1.1
                0x00000000000063e5        0x6 Output/sd_card Release/Obj/nrfx_uarte.o
 .rodata.str1.1
                0x00000000000063eb        0x6 Output/sd_card Release/Obj/nrfx_timer.o
 *fill*         0x00000000000063f1        0x3 
 .rodata        0x00000000000063f4       0x64 Output/sd_card Release/Obj/main.o
 .rodata.TIMER_LED
                0x0000000000006458        0x8 Output/sd_card Release/Obj/main.o
                0x0000000000006458                TIMER_LED
 .rodata.bsp_evt_handler.str1.1
                0x0000000000006460        0x3 Output/sd_card Release/Obj/main.o
                                          0x6 (size before relaxing)
 *fill*         0x0000000000006463        0xd 
 .rodata.delay_machine_code.8051
                0x0000000000006470        0x6 Output/sd_card Release/Obj/main.o
 .rodata.fatfs_example.str1.1
                0x0000000000006476        0xa Output/sd_card Release/Obj/main.o
 .rodata.indications_list
                0x0000000000006480       0x60 Output/sd_card Release/Obj/main.o
 .rodata.listDirSD.str1.1
                0x00000000000064e0       0x60 Output/sd_card Release/Obj/main.o
                                         0x62 (size before relaxing)
 .rodata.m_block_dev_sdc
                0x0000000000006540       0x1c Output/sd_card Release/Obj/main.o
 .rodata.main.str1.1
                0x000000000000655c       0x4e Output/sd_card Release/Obj/main.o
 .rodata.mountSD.str1.1
                0x00000000000065aa       0x5a Output/sd_card Release/Obj/main.o
                                         0x5b (size before relaxing)
 .rodata.openfileSD.str1.1
                0x0000000000006604       0x44 Output/sd_card Release/Obj/main.o
 .rodata.readFileSD.str1.1
                0x0000000000006648       0x2f Output/sd_card Release/Obj/main.o
 .rodata.str1.1
                0x0000000000006677      0x25b Output/sd_card Release/Obj/main.o
 .rodata.writeFileSD.str1.1
                0x00000000000068d2       0x22 Output/sd_card Release/Obj/main.o
 .rodata._DoInit.str1.1
                0x00000000000068f4       0x14 Output/sd_card Release/Obj/SEGGER_RTT.o
 .rodata.follow_path.str1.1
                0x0000000000006908        0xf Output/sd_card Release/Obj/ff.o
 *fill*         0x0000000000006917        0x1 
 .rodata.libc.__RAL_ascii_ctype_map
                0x0000000000006918       0x80 E:/SeggerIDE/lib/libc_v7em_fpv4_sp_d16_hard_t_le_eabi.a(libc2.o)
                0x0000000000006918                __RAL_ascii_ctype_map
 .rodata.libc.__RAL_ascii_ctype_mask
                0x0000000000006998        0xd E:/SeggerIDE/lib/libc_v7em_fpv4_sp_d16_hard_t_le_eabi.a(libc2.o)
 *fill*         0x00000000000069a5        0x3 
 .rodata.libc.__RAL_c_locale
                0x00000000000069a8        0xc E:/SeggerIDE/lib/libc_v7em_fpv4_sp_d16_hard_t_le_eabi.a(libc2.o)
                0x00000000000069a8                __RAL_c_locale
 .rodata.libc.__RAL_c_locale_abbrev_day_names
                0x00000000000069b4       0x1d E:/SeggerIDE/lib/libc_v7em_fpv4_sp_d16_hard_t_le_eabi.a(libc2.o)
                0x00000000000069b4                __RAL_c_locale_abbrev_day_names
 *fill*         0x00000000000069d1        0x3 
 .rodata.libc.__RAL_c_locale_abbrev_month_names
                0x00000000000069d4       0x31 E:/SeggerIDE/lib/libc_v7em_fpv4_sp_d16_hard_t_le_eabi.a(libc2.o)
                0x00000000000069d4                __RAL_c_locale_abbrev_month_names
 *fill*         0x0000000000006a05        0x3 
 .rodata.libc.__RAL_c_locale_am_pm_indicator
                0x0000000000006a08        0x7 E:/SeggerIDE/lib/libc_v7em_fpv4_sp_d16_hard_t_le_eabi.a(libc2.o)
                0x0000000000006a08                __RAL_c_locale_am_pm_indicator
 *fill*         0x0000000000006a0f        0x1 
 .rodata.libc.__RAL_c_locale_data
                0x0000000000006a10       0x58 E:/SeggerIDE/lib/libc_v7em_fpv4_sp_d16_hard_t_le_eabi.a(libc2.o)
                0x0000000000006a10                __RAL_c_locale_data
 .rodata.libc.__RAL_c_locale_date_format
                0x0000000000006a68        0x9 E:/SeggerIDE/lib/libc_v7em_fpv4_sp_d16_hard_t_le_eabi.a(libc2.o)
                0x0000000000006a68                __RAL_c_locale_date_format
 *fill*         0x0000000000006a71        0x3 
 .rodata.libc.__RAL_c_locale_date_time_format
                0x0000000000006a74        0xf E:/SeggerIDE/lib/libc_v7em_fpv4_sp_d16_hard_t_le_eabi.a(libc2.o)
                0x0000000000006a74                __RAL_c_locale_date_time_format
 *fill*         0x0000000000006a83        0x1 
 .rodata.libc.__RAL_c_locale_day_names
                0x0000000000006a84       0x3a E:/SeggerIDE/lib/libc_v7em_fpv4_sp_d16_hard_t_le_eabi.a(libc2.o)
                0x0000000000006a84                __RAL_c_locale_day_names
 *fill*         0x0000000000006abe        0x2 
 .rodata.libc.__RAL_c_locale_month_names
                0x0000000000006ac0       0x57 E:/SeggerIDE/lib/libc_v7em_fpv4_sp_d16_hard_t_le_eabi.a(libc2.o)
                0x0000000000006ac0                __RAL_c_locale_month_names
 *fill*         0x0000000000006b17        0x1 
 .rodata.libc.__RAL_c_locale_time_format
                0x0000000000006b18        0x9 E:/SeggerIDE/lib/libc_v7em_fpv4_sp_d16_hard_t_le_eabi.a(libc2.o)
                0x0000000000006b18                __RAL_c_locale_time_format
 *fill*         0x0000000000006b21        0x3 
 .rodata.libc.__RAL_codeset_ascii
                0x0000000000006b24       0x20 E:/SeggerIDE/lib/libc_v7em_fpv4_sp_d16_hard_t_le_eabi.a(libc2.o)
                0x0000000000006b24                __RAL_codeset_ascii
 .rodata.libc.__RAL_data_empty_string
                0x0000000000006b44        0x1 E:/SeggerIDE/lib/libc_v7em_fpv4_sp_d16_hard_t_le_eabi.a(libc2.o)
                0x0000000000006b44                __RAL_data_empty_string
 *fill*         0x0000000000006b45        0x3 
 .rodata.libc.__RAL_data_utf8_period
                0x0000000000006b48        0x2 E:/SeggerIDE/lib/libc_v7em_fpv4_sp_d16_hard_t_le_eabi.a(libc2.o)
                0x0000000000006b48                __RAL_data_utf8_period
 *fill*         0x0000000000006b4a        0x2 
 .rodata.libc.__RAL_find_locale.str1.4
                0x0000000000006b4c        0xa E:/SeggerIDE/lib/libc_v7em_fpv4_sp_d16_hard_t_le_eabi.a(libc2.o)
 *fill*         0x0000000000006b56        0x2 
 .rodata.libc.__RAL_hex_lc
                0x0000000000006b58       0x10 E:/SeggerIDE/lib/libc_v7em_fpv4_sp_d16_hard_t_le_eabi.a(libc2.o)
                0x0000000000006b58                __RAL_hex_lc
 .rodata.libc.__RAL_hex_uc
                0x0000000000006b68       0x10 E:/SeggerIDE/lib/libc_v7em_fpv4_sp_d16_hard_t_le_eabi.a(libc2.o)
                0x0000000000006b68                __RAL_hex_uc
 .rodata.libc.__vfprintf_int.str1.4
                0x0000000000006b78        0x8 E:/SeggerIDE/lib/libvfprintf_v7em_fpv4_sp_d16_hard_t_le_eabi.o
                                          0x7 (size before relaxing)
                0x0000000000006b80                __rodata_end__ = (__rodata_start__ + SIZEOF (.rodata))
                0x0000000000000964                __rodata_size__ = SIZEOF (.rodata)
                0x0000000000006b80                __rodata_load_end__ = __rodata_end__

.rel.dyn        0x0000000000006b80        0x0
 .rel.iplt      0x0000000000006b80        0x0 Output/sd_card Release/Obj/thumb_crt0.o
                0x0000000000000001                . = ASSERT (((__rodata_start__ == __rodata_end__) || ((__rodata_end__ >= __FLASH_segment_start__) && (__rodata_end__ <= __FLASH_segment_end__))), error: .rodata is too large to fit in FLASH memory segment)
                0x0000000000006b80                __ARM.exidx_load_start__ = ALIGN (__rodata_end__, 0x4)

.ARM.exidx      0x0000000000006b80        0x0
                0x0000000000006b80                __ARM.exidx_start__ = .
                0x0000000000006b80                __exidx_start = __ARM.exidx_start__
 *(.ARM.exidx .ARM.exidx.*)
                0x0000000000006b80                __ARM.exidx_end__ = (__ARM.exidx_start__ + SIZEOF (.ARM.exidx))
                0x0000000000000000                __ARM.exidx_size__ = SIZEOF (.ARM.exidx)
                0x0000000000006b80                __exidx_end = __ARM.exidx_end__
                0x0000000000006b80                __ARM.exidx_load_end__ = __ARM.exidx_end__
                0x0000000000000001                . = ASSERT (((__ARM.exidx_start__ == __ARM.exidx_end__) || ((__ARM.exidx_end__ >= __FLASH_segment_start__) && (__ARM.exidx_end__ <= __FLASH_segment_end__))), error: .ARM.exidx is too large to fit in FLASH memory segment)
                0x0000000000006b80                __fast_load_start__ = ALIGN (__ARM.exidx_end__, 0x4)

.fast           0x0000000020000000        0x0 load address 0x0000000000006b80
                0x0000000020000000                __fast_start__ = .
 *(.fast .fast.*)
                0x0000000020000000                __fast_end__ = (__fast_start__ + SIZEOF (.fast))
                0x0000000000000000                __fast_size__ = SIZEOF (.fast)
                0x0000000000006b80                __fast_load_end__ = (__fast_load_start__ + SIZEOF (.fast))
                0x0000000000000001                . = ASSERT (((__fast_load_start__ == __fast_load_end__) || ((__fast_load_end__ >= __FLASH_segment_start__) && (__fast_load_end__ <= __FLASH_segment_end__))), error: .fast is too large to fit in FLASH memory segment)

.fast_run       0x0000000020000000        0x0
                0x0000000020000000                __fast_run_start__ = .
                0x0000000020000000                . = MAX ((__fast_run_start__ + SIZEOF (.fast)), .)
                0x0000000020000000                __fast_run_end__ = (__fast_run_start__ + SIZEOF (.fast_run))
                0x0000000000000000                __fast_run_size__ = SIZEOF (.fast_run)
                0x0000000020000000                __fast_run_load_end__ = __fast_run_end__
                0x0000000000000001                . = ASSERT (((__fast_run_start__ == __fast_run_end__) || ((__fast_run_end__ >= __RAM_segment_start__) && (__fast_run_end__ <= __RAM_segment_end__))), error: .fast_run is too large to fit in RAM memory segment)
                0x0000000000006b80                __data_load_start__ = ALIGN ((__fast_load_start__ + SIZEOF (.fast)), 0x4)

.data           0x0000000020000000       0x2c load address 0x0000000000006b80
                0x0000000020000000                __data_start__ = .
 *(.data .data.* .gnu.linkonce.d.*)
 .data.log_backend_cb_rtt_log_backend
                0x0000000020000000        0x8 Output/sd_card Release/Obj/nrf_log_default_backends.o
 .data.drives.9377
                0x0000000020000008        0xc Output/sd_card Release/Obj/main.o
 .data.SystemCoreClock
                0x0000000020000014        0x4 Output/sd_card Release/Obj/system_nrf52.o
                0x0000000020000014                SystemCoreClock
 .data.libc.__RAL_global_locale
                0x0000000020000018       0x14 E:/SeggerIDE/lib/libc_v7em_fpv4_sp_d16_hard_t_le_eabi.a(libc2.o)
                0x0000000020000018                __RAL_global_locale
                0x000000002000002c                __data_end__ = (__data_start__ + SIZEOF (.data))
                0x000000000000002c                __data_size__ = SIZEOF (.data)
                0x0000000000006bac                __data_load_end__ = (__data_load_start__ + SIZEOF (.data))

.igot.plt       0x0000000100000000        0x0
 .igot.plt      0x0000000100000000        0x0 Output/sd_card Release/Obj/thumb_crt0.o
                0x0000000000000001                . = ASSERT (((__data_load_start__ == __data_load_end__) || ((__data_load_end__ >= __FLASH_segment_start__) && (__data_load_end__ <= __FLASH_segment_end__))), error: .data is too large to fit in FLASH memory segment)

.data_run       0x0000000020000000       0x2c load address 0x0000000000006b80
                0x0000000020000000                __data_run_start__ = .
                0x000000002000002c                . = MAX ((__data_run_start__ + SIZEOF (.data)), .)
 *fill*         0x0000000020000000       0x2c 
                0x000000002000002c                __data_run_end__ = (__data_run_start__ + SIZEOF (.data_run))
                0x000000000000002c                __data_run_size__ = SIZEOF (.data_run)
                0x000000002000002c                __data_run_load_end__ = __data_run_end__
                0x0000000000000001                . = ASSERT (((__data_run_start__ == __data_run_end__) || ((__data_run_end__ >= __RAM_segment_start__) && (__data_run_end__ <= __RAM_segment_end__))), error: .data_run is too large to fit in RAM memory segment)
                0x0000000000006bac                __tdata_load_start__ = ALIGN ((__data_load_start__ + SIZEOF (.data)), 0x4)

.tdata          0x000000002000002c        0x0 load address 0x0000000000006bac
                0x000000002000002c                __tdata_start__ = .
 *(.tdata .tdata.*)
                0x000000002000002c                __tdata_end__ = (__tdata_start__ + SIZEOF (.tdata))
                0x0000000000000000                __tdata_size__ = SIZEOF (.tdata)
                0x0000000000006bac                __tdata_load_end__ = (__tdata_load_start__ + SIZEOF (.tdata))
                0x0000000000006bac                __FLASH_segment_used_end__ = (ALIGN ((__data_load_start__ + SIZEOF (.data)), 0x4) + SIZEOF (.tdata))
                0x0000000000006bac                __FLASH_segment_used_size__ = (__FLASH_segment_used_end__ - __FLASH_segment_start__)
                0x0000000000000001                . = ASSERT (((__tdata_load_start__ == __tdata_load_end__) || ((__tdata_load_end__ >= __FLASH_segment_start__) && (__tdata_load_end__ <= __FLASH_segment_end__))), error: .tdata is too large to fit in FLASH memory segment)

.tdata_run      0x000000002000002c        0x0
                0x000000002000002c                __tdata_run_start__ = .
                0x000000002000002c                . = MAX ((__tdata_run_start__ + SIZEOF (.tdata)), .)
                0x000000002000002c                __tdata_run_end__ = (__tdata_run_start__ + SIZEOF (.tdata_run))
                0x0000000000000000                __tdata_run_size__ = SIZEOF (.tdata_run)
                0x000000002000002c                __tdata_run_load_end__ = __tdata_run_end__
                0x0000000000000001                . = ASSERT (((__tdata_run_start__ == __tdata_run_end__) || ((__tdata_run_end__ >= __RAM_segment_start__) && (__tdata_run_end__ <= __RAM_segment_end__))), error: .tdata_run is too large to fit in RAM memory segment)
                0x000000002000002c                __bss_load_start__ = ALIGN (__tdata_run_end__, 0x4)

.bss            0x000000002000002c     0x1038
                0x000000002000002c                __bss_start__ = .
 *(.bss .bss.* .gnu.linkonce.b.*)
 .bss.m_host_present
                0x000000002000002c        0x1 Output/sd_card Release/Obj/nrf_log_backend_rtt.o
 .bss.m_string_buff
                0x000000002000002d       0x40 Output/sd_card Release/Obj/nrf_log_backend_rtt.o
 *fill*         0x000000002000006d        0x3 
 .bss.log_mempool_nrf_balloc_cb
                0x0000000020000070        0x8 Output/sd_card Release/Obj/nrf_log_frontend.o
 .bss.log_mempool_nrf_balloc_pool_mem
                0x0000000020000078       0xc0 Output/sd_card Release/Obj/nrf_log_frontend.o
 .bss.log_mempool_nrf_balloc_pool_stack
                0x0000000020000138        0x8 Output/sd_card Release/Obj/nrf_log_frontend.o
 .bss.m_log_data
                0x0000000020000140      0x424 Output/sd_card Release/Obj/nrf_log_frontend.o
 .bss.m_log_push_ringbuf_buf
                0x0000000020000564       0x80 Output/sd_card Release/Obj/nrf_log_frontend.o
 .bss.m_log_push_ringbuf_cb
                0x00000000200005e4       0x18 Output/sd_card Release/Obj/nrf_log_frontend.o
 .bss.current_long_push_pin_no.8032
                0x00000000200005fc        0x1 Output/sd_card Release/Obj/bsp.o
 .bss.m_alert_on
                0x00000000200005fd        0x1 Output/sd_card Release/Obj/bsp.o
 *fill*         0x00000000200005fe        0x2 
 .bss.m_bsp_alert_tmr_data
                0x0000000020000600       0x20 Output/sd_card Release/Obj/bsp.o
 .bss.m_bsp_button_tmr_data
                0x0000000020000620       0x20 Output/sd_card Release/Obj/bsp.o
 .bss.m_bsp_leds_tmr_data
                0x0000000020000640       0x20 Output/sd_card Release/Obj/bsp.o
 .bss.m_events_list
                0x0000000020000660        0xc Output/sd_card Release/Obj/bsp.o
 .bss.m_indication_type
                0x000000002000066c        0x4 Output/sd_card Release/Obj/bsp.o
 .bss.m_leds_clear
                0x0000000020000670        0x1 Output/sd_card Release/Obj/bsp.o
 *fill*         0x0000000020000671        0x3 
 .bss.m_registered_callback
                0x0000000020000674        0x4 Output/sd_card Release/Obj/bsp.o
 .bss.m_stable_state
                0x0000000020000678        0x1 Output/sd_card Release/Obj/bsp.o
 .bss.release_event_at_push.8033
                0x0000000020000679        0x4 Output/sd_card Release/Obj/bsp.o
 .bss.m_button_count
                0x000000002000067d        0x1 Output/sd_card Release/Obj/app_button.o
 *fill*         0x000000002000067e        0x2 
 .bss.m_detection_delay
                0x0000000020000680        0x4 Output/sd_card Release/Obj/app_button.o
 .bss.m_detection_delay_timer_id_data
                0x0000000020000684       0x20 Output/sd_card Release/Obj/app_button.o
 *fill*         0x00000000200006a4        0x4 
 .bss.m_pin_state
                0x00000000200006a8        0x8 Output/sd_card Release/Obj/app_button.o
 .bss.m_pin_transition
                0x00000000200006b0        0x8 Output/sd_card Release/Obj/app_button.o
 .bss.mp_buttons
                0x00000000200006b8        0x4 Output/sd_card Release/Obj/app_button.o
 .bss.m_op_queue
                0x00000000200006bc      0x10c Output/sd_card Release/Obj/app_timer.o
 .bss.m_rtc1_reset
                0x00000000200007c8        0x1 Output/sd_card Release/Obj/app_timer.o
 .bss.m_rtc1_running
                0x00000000200007c9        0x1 Output/sd_card Release/Obj/app_timer.o
 *fill*         0x00000000200007ca        0x2 
 .bss.m_ticks_elapsed
                0x00000000200007cc        0x8 Output/sd_card Release/Obj/app_timer.o
 .bss.m_ticks_elapsed_q_read_ind
                0x00000000200007d4        0x1 Output/sd_card Release/Obj/app_timer.o
 .bss.m_ticks_elapsed_q_write_ind
                0x00000000200007d5        0x1 Output/sd_card Release/Obj/app_timer.o
 *fill*         0x00000000200007d6        0x2 
 .bss.m_ticks_latest
                0x00000000200007d8        0x4 Output/sd_card Release/Obj/app_timer.o
 .bss.mp_timer_id_head
                0x00000000200007dc        0x4 Output/sd_card Release/Obj/app_timer.o
 .bss.m_cb      0x00000000200007e0       0x5c Output/sd_card Release/Obj/app_sdcard.o
 .bss.m_in_critical_region
                0x000000002000083c        0x4 Output/sd_card Release/Obj/app_util_platform.o
 .bss.m_active_sdc_dev
                0x0000000020000840        0x4 Output/sd_card Release/Obj/nrf_block_dev_sdc.o
 .bss.m_last_result
                0x0000000020000844        0x1 Output/sd_card Release/Obj/nrf_block_dev_sdc.o
 *fill*         0x0000000020000845        0x3 
 .bss.m_contexts
                0x0000000020000848        0xc Output/sd_card Release/Obj/nrf_drv_spi.o
 .bss.m_handlers
                0x0000000020000854        0xc Output/sd_card Release/Obj/nrf_drv_spi.o
 .bss.m_cb      0x0000000020000860       0x5c Output/sd_card Release/Obj/nrfx_gpiote.o
 .bss.m_prs_box_4
                0x00000000200008bc        0x8 Output/sd_card Release/Obj/nrfx_prs.o
 .bss.m_cb      0x00000000200008c4       0x24 Output/sd_card Release/Obj/nrfx_spim.o
 .bss.m_cb      0x00000000200008e8        0xc Output/sd_card Release/Obj/nrfx_timer.o
 .bss.Mstr_SDCard
                0x00000000200008f4      0x4a8 Output/sd_card Release/Obj/main.o
                0x00000000200008f4                Mstr_SDCard
 .bss.actual_state
                0x0000000020000d9c        0x1 Output/sd_card Release/Obj/main.o
 *fill*         0x0000000020000d9d        0x3 
 .bss.i.9368    0x0000000020000da0        0x4 Output/sd_card Release/Obj/main.o
 .bss.m_block_dev_sdc_work
                0x0000000020000da4       0x1c Output/sd_card Release/Obj/main.o
 .bss.sdFlag    0x0000000020000dc0        0x1 Output/sd_card Release/Obj/main.o
                0x0000000020000dc0                sdFlag
 *fill*         0x0000000020000dc1        0x3 
 .bss.timercount
                0x0000000020000dc4        0x4 Output/sd_card Release/Obj/main.o
                0x0000000020000dc4                timercount
 .bss._SEGGER_RTT
                0x0000000020000dc8       0x78 Output/sd_card Release/Obj/SEGGER_RTT.o
                0x0000000020000dc8                _SEGGER_RTT
 .bss._acDownBuffer
                0x0000000020000e40       0x10 Output/sd_card Release/Obj/SEGGER_RTT.o
 .bss._acUpBuffer
                0x0000000020000e50      0x200 Output/sd_card Release/Obj/SEGGER_RTT.o
 .bss.m_drives  0x0000000020001050        0x4 Output/sd_card Release/Obj/diskio_blkdev.o
 .bss.m_drives_count
                0x0000000020001054        0x1 Output/sd_card Release/Obj/diskio_blkdev.o
 *fill*         0x0000000020001055        0x3 
 .bss.FatFs     0x0000000020001058        0x4 Output/sd_card Release/Obj/ff.o
 .bss.Fsid      0x000000002000105c        0x2 Output/sd_card Release/Obj/ff.o
 *fill*         0x000000002000105e        0x2 
 .bss.libc.__user_format_extender
                0x0000000020001060        0x4 E:/SeggerIDE/lib/libc_v7em_fpv4_sp_d16_hard_t_le_eabi.a(libc2.o)
                0x0000000020001060                __user_format_extender
 *(COMMON)
                0x0000000020001064                __bss_end__ = (__bss_start__ + SIZEOF (.bss))
                0x0000000000001038                __bss_size__ = SIZEOF (.bss)
                0x0000000020001064                __bss_load_end__ = __bss_end__
                0x0000000000000001                . = ASSERT (((__bss_start__ == __bss_end__) || ((__bss_end__ >= __RAM_segment_start__) && (__bss_end__ <= __RAM_segment_end__))), error: .bss is too large to fit in RAM memory segment)
                0x0000000020001064                __tbss_load_start__ = ALIGN (__bss_end__, 0x4)

.tbss           0x0000000020001064        0x0
                0x0000000020001064                __tbss_start__ = .
 *(.tbss .tbss.*)
                0x0000000020001064                __tbss_end__ = (__tbss_start__ + SIZEOF (.tbss))
                0x0000000000000000                __tbss_size__ = SIZEOF (.tbss)
                0x0000000020001064                __tbss_load_end__ = __tbss_end__
                0x0000000000000001                . = ASSERT (((__tbss_start__ == __tbss_end__) || ((__tbss_end__ >= __RAM_segment_start__) && (__tbss_end__ <= __RAM_segment_end__))), error: .tbss is too large to fit in RAM memory segment)
                0x0000000020001064                __non_init_load_start__ = ALIGN (__tbss_end__, 0x4)

.non_init       0x0000000020001064        0x0
                0x0000000020001064                __non_init_start__ = .
 *(.non_init .non_init.*)
                0x0000000020001064                __non_init_end__ = (__non_init_start__ + SIZEOF (.non_init))
                0x0000000000000000                __non_init_size__ = SIZEOF (.non_init)
                0x0000000020001064                __non_init_load_end__ = __non_init_end__
                0x0000000000000001                . = ASSERT (((__non_init_start__ == __non_init_end__) || ((__non_init_end__ >= __RAM_segment_start__) && (__non_init_end__ <= __RAM_segment_end__))), error: .non_init is too large to fit in RAM memory segment)
                0x0000000020001064                __heap_load_start__ = ALIGN (__non_init_end__, 0x4)

.heap           0x0000000020001064     0x2000
                0x0000000020001064                __heap_start__ = .
 *(.heap .heap.*)
                0x0000000020003064                . = ALIGN (MAX ((__heap_start__ + __HEAPSIZE__), .), 0x4)
 *fill*         0x0000000020001064     0x2000 
                0x0000000020003064                __heap_end__ = (__heap_start__ + SIZEOF (.heap))
                0x0000000000002000                __heap_size__ = SIZEOF (.heap)
                0x0000000020003064                __heap_load_end__ = __heap_end__
                0x0000000000000001                . = ASSERT (((__heap_start__ == __heap_end__) || ((__heap_end__ >= __RAM_segment_start__) && (__heap_end__ <= __RAM_segment_end__))), error: .heap is too large to fit in RAM memory segment)
                0x000000002000e000                __stack_load_start__ = (__RAM_segment_end__ - 0x2000)

.stack          0x000000002000e000     0x2000
                0x000000002000e000                __stack_start__ = .
                0x000000002000e000                __StackLimit = __stack_start__
 *(.stack .stack.*)
                0x0000000020010000                . = ALIGN (MAX ((__stack_start__ + __STACKSIZE__), .), 0x8)
 *fill*         0x000000002000e000     0x2000 
                0x0000000020010000                __stack_end__ = (__stack_start__ + SIZEOF (.stack))
                0x0000000000002000                __stack_size__ = SIZEOF (.stack)
                0x0000000020010000                __StackTop = __stack_end__
                0x0000000020010000                __stack_load_end__ = __stack_end__
                0x0000000000000001                . = ASSERT (((__stack_start__ == __stack_end__) || ((__stack_end__ >= __RAM_segment_start__) && (__stack_end__ <= __RAM_segment_end__))), error: .stack is too large to fit in RAM memory segment)
                0x0000000000000001                . = ASSERT ((__heap_end__ <= __stack_start__), error: section .heap overlaps absolute placed section .stack)
                0x0000000020010000                __stack_process_load_start__ = ALIGN (__stack_end__, 0x8)

.stack_process  0x0000000020010000        0x0
                0x0000000020010000                __stack_process_start__ = .
 *(.stack_process .stack_process.*)
                0x0000000020010000                . = ALIGN (MAX ((__stack_process_start__ + __STACKSIZE_PROCESS__), .), 0x8)
                0x0000000020010000                __stack_process_end__ = (__stack_process_start__ + SIZEOF (.stack_process))
                0x0000000000000000                __stack_process_size__ = SIZEOF (.stack_process)
                0x0000000020010000                __stack_process_load_end__ = __stack_process_end__
                0x0000000020010000                __RAM_segment_used_end__ = (ALIGN (__stack_end__, 0x8) + SIZEOF (.stack_process))
                0x0000000000010000                __RAM_segment_used_size__ = (__RAM_segment_used_end__ - __RAM_segment_start__)
                0x0000000000000001                . = ASSERT (((__stack_process_start__ == __stack_process_end__) || ((__stack_process_end__ >= __RAM_segment_start__) && (__stack_process_end__ <= __RAM_segment_end__))), error: .stack_process is too large to fit in RAM memory segment)
START GROUP
LOAD Output/sd_card Release/Obj/thumb_crt0.o
LOAD Output/sd_card Release/Obj/nrf_log_backend_rtt.o
LOAD Output/sd_card Release/Obj/nrf_log_backend_serial.o
LOAD Output/sd_card Release/Obj/nrf_log_backend_uart.o
LOAD Output/sd_card Release/Obj/nrf_log_default_backends.o
LOAD Output/sd_card Release/Obj/nrf_log_frontend.o
LOAD Output/sd_card Release/Obj/nrf_log_str_formatter.o
LOAD Output/sd_card Release/Obj/boards.o
LOAD Output/sd_card Release/Obj/bsp.o
LOAD Output/sd_card Release/Obj/app_button.o
LOAD Output/sd_card Release/Obj/app_error.o
LOAD Output/sd_card Release/Obj/app_error_handler_gcc.o
LOAD Output/sd_card Release/Obj/app_error_weak.o
LOAD Output/sd_card Release/Obj/app_fifo.o
LOAD Output/sd_card Release/Obj/app_scheduler.o
LOAD Output/sd_card Release/Obj/app_timer.o
LOAD Output/sd_card Release/Obj/app_sdcard.o
LOAD Output/sd_card Release/Obj/app_uart_fifo.o
LOAD Output/sd_card Release/Obj/app_util_platform.o
LOAD Output/sd_card Release/Obj/nrf_assert.o
LOAD Output/sd_card Release/Obj/nrf_atomic.o
LOAD Output/sd_card Release/Obj/nrf_balloc.o
LOAD Output/sd_card Release/Obj/nrf_block_dev_sdc.o
LOAD Output/sd_card Release/Obj/nrf_fprintf.o
LOAD Output/sd_card Release/Obj/nrf_fprintf_format.o
LOAD Output/sd_card Release/Obj/nrf_memobj.o
LOAD Output/sd_card Release/Obj/nrf_ringbuf.o
LOAD Output/sd_card Release/Obj/nrf_strerror.o
LOAD Output/sd_card Release/Obj/retarget.o
LOAD Output/sd_card Release/Obj/nrf_drv_spi.o
LOAD Output/sd_card Release/Obj/nrf_drv_uart.o
LOAD Output/sd_card Release/Obj/nrfx_atomic.o
LOAD Output/sd_card Release/Obj/nrfx_gpiote.o
LOAD Output/sd_card Release/Obj/nrfx_prs.o
LOAD Output/sd_card Release/Obj/nrfx_spi.o
LOAD Output/sd_card Release/Obj/nrfx_spim.o
LOAD Output/sd_card Release/Obj/nrfx_uart.o
LOAD Output/sd_card Release/Obj/nrfx_uarte.o
LOAD Output/sd_card Release/Obj/nrfx_timer.o
LOAD Output/sd_card Release/Obj/main.o
LOAD Output/sd_card Release/Obj/SEGGER_RTT.o
LOAD Output/sd_card Release/Obj/SEGGER_RTT_Syscalls_SES.o
LOAD Output/sd_card Release/Obj/SEGGER_RTT_printf.o
LOAD Output/sd_card Release/Obj/diskio_blkdev.o
LOAD Output/sd_card Release/Obj/ff.o
LOAD Output/sd_card Release/Obj/ses_startup_nrf52.o
LOAD Output/sd_card Release/Obj/ses_startup_nrf_common.o
LOAD Output/sd_card Release/Obj/system_nrf52.o
LOAD E:/SeggerIDE/lib/libdebugio_mempoll_v7em_fpv4_sp_d16_hard_t_le_eabi.a
LOAD E:/SeggerIDE/lib/libm_v7em_fpv4_sp_d16_hard_t_le_eabi.a
LOAD E:/SeggerIDE/lib/libc_v7em_fpv4_sp_d16_hard_t_le_eabi.a
LOAD E:/SeggerIDE/lib/libcpp_v7em_fpv4_sp_d16_hard_t_le_eabi.a
LOAD E:/SeggerIDE/lib/libdebugio_v7em_fpv4_sp_d16_hard_t_le_eabi.a
LOAD E:/SeggerIDE/lib/libvfprintf_v7em_fpv4_sp_d16_hard_t_le_eabi.o
LOAD E:/SeggerIDE/lib/libvfscanf_v7em_fpv4_sp_d16_hard_t_le_eabi.o
END GROUP
OUTPUT(Output/Release/Exe/sd_card.elf elf32-littlearm)

.ARM.attributes
                0x0000000000000000       0x35
 .ARM.attributes
                0x0000000000000000       0x25 Output/sd_card Release/Obj/thumb_crt0.o
 .ARM.attributes
                0x0000000000000025       0x39 Output/sd_card Release/Obj/nrf_log_backend_rtt.o
 .ARM.attributes
                0x000000000000005e       0x39 Output/sd_card Release/Obj/nrf_log_backend_serial.o
 .ARM.attributes
                0x0000000000000097       0x39 Output/sd_card Release/Obj/nrf_log_default_backends.o
 .ARM.attributes
                0x00000000000000d0       0x39 Output/sd_card Release/Obj/nrf_log_frontend.o
 .ARM.attributes
                0x0000000000000109       0x39 Output/sd_card Release/Obj/nrf_log_str_formatter.o
 .ARM.attributes
                0x0000000000000142       0x39 Output/sd_card Release/Obj/boards.o
 .ARM.attributes
                0x000000000000017b       0x39 Output/sd_card Release/Obj/bsp.o
 .ARM.attributes
                0x00000000000001b4       0x39 Output/sd_card Release/Obj/app_button.o
 .ARM.attributes
                0x00000000000001ed       0x39 Output/sd_card Release/Obj/app_error.o
 .ARM.attributes
                0x0000000000000226       0x39 Output/sd_card Release/Obj/app_error_weak.o
 .ARM.attributes
                0x000000000000025f       0x39 Output/sd_card Release/Obj/app_timer.o
 .ARM.attributes
                0x0000000000000298       0x39 Output/sd_card Release/Obj/app_sdcard.o
 .ARM.attributes
                0x00000000000002d1       0x39 Output/sd_card Release/Obj/app_util_platform.o
 .ARM.attributes
                0x000000000000030a       0x39 Output/sd_card Release/Obj/nrf_atomic.o
 .ARM.attributes
                0x0000000000000343       0x39 Output/sd_card Release/Obj/nrf_balloc.o
 .ARM.attributes
                0x000000000000037c       0x39 Output/sd_card Release/Obj/nrf_block_dev_sdc.o
 .ARM.attributes
                0x00000000000003b5       0x39 Output/sd_card Release/Obj/nrf_fprintf.o
 .ARM.attributes
                0x00000000000003ee       0x39 Output/sd_card Release/Obj/nrf_fprintf_format.o
 .ARM.attributes
                0x0000000000000427       0x39 Output/sd_card Release/Obj/nrf_memobj.o
 .ARM.attributes
                0x0000000000000460       0x39 Output/sd_card Release/Obj/nrf_ringbuf.o
 .ARM.attributes
                0x0000000000000499       0x39 Output/sd_card Release/Obj/nrf_drv_spi.o
 .ARM.attributes
                0x00000000000004d2       0x39 Output/sd_card Release/Obj/nrfx_gpiote.o
 .ARM.attributes
                0x000000000000050b       0x39 Output/sd_card Release/Obj/nrfx_prs.o
 .ARM.attributes
                0x0000000000000544       0x39 Output/sd_card Release/Obj/nrfx_spim.o
 .ARM.attributes
                0x000000000000057d       0x39 Output/sd_card Release/Obj/nrfx_uart.o
 .ARM.attributes
                0x00000000000005b6       0x39 Output/sd_card Release/Obj/nrfx_uarte.o
 .ARM.attributes
                0x00000000000005ef       0x39 Output/sd_card Release/Obj/nrfx_timer.o
 .ARM.attributes
                0x0000000000000628       0x39 Output/sd_card Release/Obj/main.o
 .ARM.attributes
                0x0000000000000661       0x39 Output/sd_card Release/Obj/SEGGER_RTT.o
 .ARM.attributes
                0x000000000000069a       0x39 Output/sd_card Release/Obj/diskio_blkdev.o
 .ARM.attributes
                0x00000000000006d3       0x39 Output/sd_card Release/Obj/ff.o
 .ARM.attributes
                0x000000000000070c       0x25 Output/sd_card Release/Obj/ses_startup_nrf52.o
 .ARM.attributes
                0x0000000000000731       0x25 Output/sd_card Release/Obj/ses_startup_nrf_common.o
 .ARM.attributes
                0x0000000000000756       0x39 Output/sd_card Release/Obj/system_nrf52.o
 .ARM.attributes
                0x000000000000078f       0x20 E:/SeggerIDE/lib/libc_v7em_fpv4_sp_d16_hard_t_le_eabi.a(libc_asm.o)
 .ARM.attributes
                0x00000000000007af       0x34 E:/SeggerIDE/lib/libc_v7em_fpv4_sp_d16_hard_t_le_eabi.a(libc2.o)
 .ARM.attributes
                0x00000000000007e3       0x20 E:/SeggerIDE/lib/libc_v7em_fpv4_sp_d16_hard_t_le_eabi.a(libc2_asm.o)
 .ARM.attributes
                0x0000000000000803       0x34 E:/SeggerIDE/lib/libvfprintf_v7em_fpv4_sp_d16_hard_t_le_eabi.o

.comment        0x0000000000000000       0x4c
 .comment       0x0000000000000000       0x4c Output/sd_card Release/Obj/nrf_log_backend_rtt.o
                                         0x4d (size before relaxing)